E/keystore( 2383): chdir: /data/misc/keystore: No such file or directory
E/keystore( 2384): chdir: /data/misc/keystore: No such file or directory
E/keystore( 2385): chdir: /data/misc/keystore: No such file or directory
D/KeyguardViewMediator( 1815): wakeWhenReadyLocked(82)
I/power   ( 1815): *** set_screen_state 1
E/keystore( 2386): chdir: /data/misc/keystore: No such file or directory
W/KeyCharacterMap( 1815): No keyboard for id 0
W/KeyCharacterMap( 1815): Using default keymap: /system/usr/keychars/qwerty.kcm.bin
E/keystore( 2387): chdir: /data/misc/keystore: No such file or directory
I/ARMAssembler( 1815): generated scanline__00000077:03010104_00000504_00000000 [ 18 ipp] (37 ins) at [0x43d2b8b0:0x43d2b944] in 698467 ns
I/power   ( 1815): *** set_screen_state 0
E/keystore( 2388): chdir: /data/misc/keystore: No such file or directory
E/keystore( 2389): chdir: /data/misc/keystore: No such file or directory
W/ProcessStats( 1815): Skipping unknown process pid 2389
D/KeyguardViewMediator( 1815): wakeWhenReadyLocked(4)
I/power   ( 1815): *** set_screen_state 1
E/keystore( 2390): chdir: /data/misc/keystore: No such file or directory
I/power   ( 1815): *** set_screen_state 0
E/keystore( 2391): chdir: /data/misc/keystore: No such file or directory
D/KeyguardViewMediator( 1815): wakeWhenReadyLocked(6)
I/power   ( 1815): *** set_screen_state 1
E/keystore( 2392): chdir: /data/misc/keystore: No such file or directory
I/StagefrightPlayer( 1764): setDataSource('/system/media/audio/ui/Unlock.ogg')
E/MediaPlayer( 1815): error (1, -2147483648)
E/RingtoneManager( 1815): Failed to open ringtone file:///system/media/audio/ui/Unlock.ogg
D/KeyguardViewMediator( 1815): playSounds: failed to load ringtone from uri: file:///system/media/audio/ui/Unlock.ogg
W/InputManagerService( 1815): Window already focused, ignoring focus gain of: com.android.internal.view.IInputMethodClient$Stub$Proxy@40521180
W/KeyCharacterMap( 2055): No keyboard for id 0
W/KeyCharacterMap( 2055): Using default keymap: /system/usr/keychars/qwerty.kcm.bin
E/keystore( 2394): chdir: /data/misc/keystore: No such file or directory
D/dalvikvm( 2055): GC_EXTERNAL_ALLOC freed 519K, 47% free 3590K/6727K, external 1855K/1895K, paused 196ms
E/keystore( 2395): chdir: /data/misc/keystore: No such file or directory
I/StagefrightPlayer( 1764): setDataSource('/system/media/audio/ui/Effect_Tick.ogg')
I/ActivityManager( 1815): Starting: Intent { act=android.intent.action.MAIN cmp=com.android.settings/.WirelessSettings } from pid 2055
E/MediaPlayer( 1815): error (1, -2147483648)
W/AudioService( 1815): MediaPlayer IOException: java.io.IOException: Prepare failed.: status=0x1
D/skia    ( 2055): purging 195K from font cache [24 entries]
I/ActivityManager( 1815): Displayed com.android.settings/.WirelessSettings: +1s300ms
E/keystore( 2397): chdir: /data/misc/keystore: No such file or directory
I/StagefrightPlayer( 1764): setDataSource('/system/media/audio/ui/Effect_Tick.ogg')
E/WifiService( 1815): Failed to load Wi-Fi driver.
E/MediaPlayer( 1815): error (1, -2147483648)
W/AudioService( 1815): MediaPlayer IOException: java.io.IOException: Prepare failed.: status=0x1
W/KeyCharacterMap( 2055): No keyboard for id 0
W/KeyCharacterMap( 2055): Using default keymap: /system/usr/keychars/qwerty.kcm.bin
E/keystore( 2399): chdir: /data/misc/keystore: No such file or directory
W/KeyCharacterMap( 1884): No keyboard for id 0
W/KeyCharacterMap( 1884): Using default keymap: /system/usr/keychars/qwerty.kcm.bin
E/keystore( 2401): chdir: /data/misc/keystore: No such file or directory
D/dalvikvm( 2055): GC_EXPLICIT freed 149K, 48% free 3563K/6727K, external 1383K/1895K, paused 347ms
I/StagefrightPlayer( 1764): setDataSource('/system/media/audio/ui/Effect_Tick.ogg')
D/ShutdownThread( 1815): Notifying thread to start radio shutdown
E/MediaPlayer( 1815): error (1, -2147483648)
W/AudioService( 1815): MediaPlayer IOException: java.io.IOException: Prepare failed.: status=0x1
E/keystore( 2403): chdir: /data/misc/keystore: No such file or directory
W/SharedBufferStack( 1815): waitForCondition(LockCondition) timed out (identity=69, status=0). CPU may be pegged. trying again.
I/StagefrightPlayer( 1764): setDataSource('/system/media/audio/ui/Effect_Tick.ogg')
E/MediaPlayer( 1815): error (1, -2147483648)
W/AudioService( 1815): MediaPlayer IOException: java.io.IOException: Prepare failed.: status=0x1
I/ShutdownThread( 1815): Sending shutdown broadcast...
W/SyncManager( 1815): Writing sync state before shutdown...
E/keystore( 2406): chdir: /data/misc/keystore: No such file or directory
I/ShutdownThread( 1815): Shutting down activity manager...
I/UsageStats( 1815): Writing usage stats before shutdown...
W/BatteryStats( 1815): Writing battery stats before shutdown...
W/ShutdownThread( 1815): Turning off radio...
I/ShutdownThread( 1815): Waiting for Bluetooth and Radio...
E/keystore( 2408): chdir: /data/misc/keystore: No such file or directory
I/ShutdownThread( 1815): Shutting down MountService
I/MountService( 1815): Shutting down
E/keystore( 2409): chdir: /data/misc/keystore: No such file or directory
E/keystore( 2410): chdir: /data/misc/keystore: No such file or directory
E/keystore( 2411): chdir: /data/misc/keystore: No such file or directory
E/keystore( 2412): chdir: /data/misc/keystore: No such file or directory
E/keystore( 2413): chdir: /data/misc/keystore: No such file or directory
W/ShutdownThread( 1815): Shutdown wait timed out
I/DEBUG   ( 1796): debuggerd: Feb  3 2011 14:55:55
I/Vold    ( 1794): Vold 2.1 (the revenge) firing up
D/Vold    ( 1794): USB mass storage support is not enabled in the kernel
D/Vold    ( 1794): usb_configuration switch is not enabled in the kernel
E/Vold    ( 1794): Error reading configuration (No such file or directory)... continuing anyways
I/Netd    ( 1795): Netd 1.0 starting
E/keystore( 1801): chdir: /data/misc/keystore: No such file or directory
D/AndroidRuntime( 1798): 
D/AndroidRuntime( 1798): >>>>>> AndroidRuntime START com.android.internal.os.ZygoteInit <<<<<<
D/AndroidRuntime( 1798): CheckJNI is ON
I/        ( 1799): ServiceManager: 0xad50
W/AudioHardwareInterface( 1799): Using stubbed audio hardware. No sound will be produced.
D/AudioHardwareInterface( 1799): setMode(NORMAL)
I/CameraService( 1799): CameraService started (pid=1799)
I/AudioFlinger( 1799): AudioFlinger's thread 0xc5f0 ready to run
I/SamplingProfilerIntegration( 1798): Profiler is disabled.
I/Zygote  ( 1798): Preloading classes...
D/dalvikvm( 1798): GC_EXPLICIT freed 47K, 78% free 232K/1024K, external 0K/0K, paused 5ms
D/dalvikvm( 1798): GC_EXPLICIT freed 1K, 73% free 282K/1024K, external 0K/0K, paused 4ms
D/dalvikvm( 1798): GC_EXPLICIT freed 22K, 70% free 316K/1024K, external 0K/0K, paused 5ms
D/dalvikvm( 1798): GC_EXPLICIT freed 16K, 66% free 354K/1024K, external 0K/0K, paused 6ms
D/dalvikvm( 1798): GC_EXPLICIT freed 26K, 63% free 382K/1024K, external 0K/0K, paused 6ms
D/dalvikvm( 1798): GC_EXPLICIT freed 20K, 58% free 439K/1024K, external 0K/0K, paused 7ms
W/MediaProfiles( 1798): could not find media config xml file
D/dalvikvm( 1798): GC_EXPLICIT freed 99K, 47% free 545K/1024K, external 0K/0K, paused 9ms
D/dalvikvm( 1798): GC_EXPLICIT freed 272K, 28% free 884K/1219K, external 0K/0K, paused 20ms
D/dalvikvm( 1798): GC_EXPLICIT freed 21K, 24% free 931K/1219K, external 0K/0K, paused 18ms
D/RenderScript_jni( 1798): RenderScript JNI library not found!
E/keystore( 1847): chdir: /data/misc/keystore: No such file or directory
D/dalvikvm( 1798): GC_EXPLICIT freed 25K, 19% free 998K/1219K, external 0K/0K, paused 18ms
D/dalvikvm( 1798): GC_EXPLICIT freed 47K, 5% free 1281K/1347K, external 0K/0K, paused 28ms
D/dalvikvm( 1798): GC_EXPLICIT freed 24K, 3% free 1311K/1347K, external 0K/0K, paused 29ms
D/dalvikvm( 1798): GC_EXPLICIT freed 28K, 6% free 1336K/1411K, external 0K/0K, paused 30ms
D/dalvikvm( 1798): GC_EXPLICIT freed 14K, 3% free 1377K/1411K, external 0K/0K, paused 30ms
D/dalvikvm( 1798): GC_EXPLICIT freed 28K, 5% free 1402K/1475K, external 0K/0K, paused 31ms
D/dalvikvm( 1798): GC_EXPLICIT freed 28K, 3% free 1439K/1475K, external 0K/0K, paused 31ms
D/dalvikvm( 1798): GC_EXPLICIT freed 38K, 6% free 1457K/1539K, external 0K/0K, paused 31ms
D/dalvikvm( 1798): GC_EXPLICIT freed 41K, 5% free 1472K/1539K, external 0K/0K, paused 31ms
D/dalvikvm( 1798): GC_EXPLICIT freed 55K, 8% free 1485K/1603K, external 0K/0K, paused 32ms
D/dalvikvm( 1798): GC_FOR_MALLOC freed 2959K, 58% free 2164K/5123K, external 0K/0K, paused 97ms
D/dalvikvm( 1798): GC_EXPLICIT freed 1399K, 55% free 2310K/5123K, external 0K/0K, paused 69ms
E/keystore( 1848): chdir: /data/misc/keystore: No such file or directory
D/dalvikvm( 1798): GC_EXPLICIT freed 148K, 54% free 2373K/5123K, external 0K/0K, paused 59ms
D/dalvikvm( 1798): GC_EXPLICIT freed 74K, 54% free 2398K/5123K, external 0K/0K, paused 59ms
D/dalvikvm( 1798): GC_EXPLICIT freed 36K, 53% free 2415K/5123K, external 0K/0K, paused 59ms
D/dalvikvm( 1798): GC_EXPLICIT freed 31K, 53% free 2439K/5123K, external 0K/0K, paused 59ms
D/dalvikvm( 1798): GC_EXPLICIT freed 38K, 52% free 2462K/5123K, external 0K/0K, paused 59ms
I/Zygote  ( 1798): ...preloaded 1830 classes in 12167ms.
D/dalvikvm( 1798): GC_EXPLICIT freed 18K, 52% free 2460K/5123K, external 0K/0K, paused 59ms
I/Zygote  ( 1798): Preloading resources...
D/dalvikvm( 1798): GC_EXTERNAL_ALLOC freed <1K, 52% free 2462K/5123K, external 0K/0K, paused 59ms
W/Zygote  ( 1798): Preloaded drawable resource #0x1080093 (res/drawable-mdpi/sym_def_app_icon.png) that varies with configuration!!
W/Zygote  ( 1798): Preloaded drawable resource #0x1080002 (res/drawable-mdpi/arrow_down_float.png) that varies with configuration!!
W/Zygote  ( 1798): Preloaded drawable resource #0x10800b4 (res/drawable/btn_check.xml) that varies with configuration!!
W/Zygote  ( 1798): Preloaded drawable resource #0x10800b7 (res/drawable-mdpi/btn_check_label_background.9.png) that varies with configuration!!
W/Zygote  ( 1798): Preloaded drawable resource #0x10800b8 (res/drawable-mdpi/btn_check_off.png) that varies with configuration!!
W/Zygote  ( 1798): Preloaded drawable resource #0x10800bd (res/drawable-mdpi/btn_check_on.png) that varies with configuration!!
W/Zygote  ( 1798): Preloaded drawable resource #0x1080004 (res/drawable/btn_default.xml) that varies with configuration!!
W/Zygote  ( 1798): Preloaded drawable resource #0x1080005 (res/drawable/btn_default_small.xml) that varies with configuration!!
W/Zygote  ( 1798): Preloaded drawable resource #0x1080006 (res/drawable/btn_dropdown.xml) that varies with configuration!!
W/Zygote  ( 1798): Preloaded drawable resource #0x1080008 (res/drawable/btn_plus.xml) that varies with configuration!!
E/keystore( 1849): chdir: /data/misc/keystore: No such file or directory
W/Zygote  ( 1798): Preloaded drawable resource #0x1080007 (res/drawable/btn_minus.xml) that varies with configuration!!
W/Zygote  ( 1798): Preloaded drawable resource #0x1080009 (res/drawable/btn_radio.xml) that varies with configuration!!
W/Zygote  ( 1798): Preloaded drawable resource #0x108000a (res/drawable/btn_star.xml) that varies with configuration!!
D/dalvikvm( 1798): GC_EXPLICIT freed 25K, 52% free 2499K/5123K, external 408K/521K, paused 61ms
W/Zygote  ( 1798): Preloaded drawable resource #0x1080132 (res/drawable/btn_toggle.xml) that varies with configuration!!
W/Zygote  ( 1798): Preloaded drawable resource #0x1080196 (res/drawable-mdpi/ic_emergency.png) that varies with configuration!!
W/Zygote  ( 1798): Preloaded drawable resource #0x1080012 (res/drawable-mdpi/divider_horizontal_bright.9.png) that varies with configuration!!
W/Zygote  ( 1798): Preloaded drawable resource #0x1080014 (res/drawable-mdpi/divider_horizontal_dark.9.png) that varies with configuration!!
W/Zygote  ( 1798): Preloaded drawable resource #0x1080016 (res/drawable/edit_text.xml) that varies with configuration!!
W/Zygote  ( 1798): Preloaded drawable resource #0x1080170 (res/drawable/expander_group.xml) that varies with configuration!!
W/Zygote  ( 1798): Preloaded drawable resource #0x1080062 (res/drawable/list_selector_background.xml) that varies with configuration!!
W/Zygote  ( 1798): Preloaded drawable resource #0x108022a (res/drawable-mdpi/menu_background.9.png) that varies with configuration!!
W/Zygote  ( 1798): Preloaded drawable resource #0x108022b (res/drawable-mdpi/menu_background_fill_parent_width.9.png) that varies with configuration!!
W/Zygote  ( 1798): Preloaded drawable resource #0x108022c (res/drawable/menu_selector.xml) that varies with configuration!!
D/dalvikvm( 1798): GC_EXTERNAL_ALLOC freed 16K, 51% free 2512K/5123K, external 516K/521K, paused 61ms
W/Zygote  ( 1798): Preloaded drawable resource #0x108023a (res/drawable-mdpi/panel_background.9.png) that varies with configuration!!
W/Zygote  ( 1798): Preloaded drawable resource #0x1080242 (res/drawable-mdpi/popup_bottom_bright.9.png) that varies with configuration!!
W/Zygote  ( 1798): Preloaded drawable resource #0x1080243 (res/drawable-mdpi/popup_bottom_dark.9.png) that varies with configuration!!
W/Zygote  ( 1798): Preloaded drawable resource #0x1080244 (res/drawable-mdpi/popup_bottom_medium.9.png) that varies with configuration!!
W/Zygote  ( 1798): Preloaded drawable resource #0x1080245 (res/drawable-mdpi/popup_center_bright.9.png) that varies with configuration!!
W/Zygote  ( 1798): Preloaded drawable resource #0x1080246 (res/drawable-mdpi/popup_center_dark.9.png) that varies with configuration!!
W/Zygote  ( 1798): Preloaded drawable resource #0x1080249 (res/drawable-mdpi/popup_full_dark.9.png) that varies with configuration!!
W/Zygote  ( 1798): Preloaded drawable resource #0x108024c (res/drawable-mdpi/popup_top_bright.9.png) that varies with configuration!!
W/Zygote  ( 1798): Preloaded drawable resource #0x108024d (res/drawable-mdpi/popup_top_dark.9.png) that varies with configuration!!
W/Zygote  ( 1798): Preloaded drawable resource #0x108006d (res/drawable/progress_indeterminate_horizontal.xml) that varies with configuration!!
W/Zygote  ( 1798): Preloaded drawable resource #0x1080253 (res/drawable/progress_small.xml) that varies with configuration!!
W/Zygote  ( 1798): Preloaded drawable resource #0x1080254 (res/drawable/progress_small_titlebar.xml) that varies with configuration!!
W/Zygote  ( 1798): Preloaded drawable resource #0x1080274 (res/drawable-mdpi/scrollbar_handle_horizontal.9.png) that varies with configuration!!
W/Zygote  ( 1798): Preloaded drawable resource #0x1080275 (res/drawable-mdpi/scrollbar_handle_vertical.9.png) that varies with configuration!!
D/dalvikvm( 1798): GC_EXPLICIT freed 15K, 51% free 2524K/5123K, external 585K/1038K, paused 61ms
W/Zygote  ( 1798): Preloaded drawable resource #0x1080071 (res/drawable/spinner_dropdown_background.xml) that varies with configuration!!
W/Zygote  ( 1798): Preloaded drawable resource #0x1080312 (res/drawable-mdpi/text_select_handle_left.png) that varies with configuration!!
W/Zygote  ( 1798): Preloaded drawable resource #0x1080313 (res/drawable-mdpi/text_select_handle_middle.png) that varies with configuration!!
W/Zygote  ( 1798): Preloaded drawable resource #0x1080314 (res/drawable-mdpi/text_select_handle_right.png) that varies with configuration!!
W/Zygote  ( 1798): Preloaded drawable resource #0x1080335 (res/drawable-mdpi/title_bar_shadow.9.png) that varies with configuration!!
W/Zygote  ( 1798): Preloaded drawable resource #0x10801d8 (res/drawable-mdpi/indicator_code_lock_drag_direction_green_up.png) that varies with configuration!!
W/Zygote  ( 1798): Preloaded drawable resource #0x10801d9 (res/drawable-mdpi/indicator_code_lock_drag_direction_red_up.png) that varies with configuration!!
W/Zygote  ( 1798): Preloaded drawable resource #0x10801da (res/drawable-mdpi/indicator_code_lock_point_area_default.png) that varies with configuration!!
W/Zygote  ( 1798): Preloaded drawable resource #0x10801db (res/drawable-mdpi/indicator_code_lock_point_area_green.png) that varies with configuration!!
W/Zygote  ( 1798): Preloaded drawable resource #0x10801dc (res/drawable-mdpi/indicator_code_lock_point_area_red.png) that varies with configuration!!
I/Zygote  ( 1798): ...preloaded 51 resources in 972ms.
I/Zygote  ( 1798): ...preloaded 15 resources in 31ms.
D/dalvikvm( 1798): GC_EXPLICIT freed 23K, 51% free 2533K/5123K, external 716K/1038K, paused 63ms
D/dalvikvm( 1798): GC_EXPLICIT freed 6K, 51% free 2526K/5123K, external 716K/1038K, paused 62ms
D/dalvikvm( 1798): GC_EXPLICIT freed <1K, 51% free 2526K/5123K, external 716K/1038K, paused 61ms
I/dalvikvm( 1798): System server process 1850 has been created
I/Zygote  ( 1798): Accepting command socket connections
I/sysproc ( 1850): Entered system_init()
I/sysproc ( 1850): ServiceManager: 0x93138
I/SurfaceFlinger( 1850): SurfaceFlinger is starting
I/SurfaceFlinger( 1850): SurfaceFlinger's main thread ready to run. Initializing graphics H/W...
I/gralloc ( 1850): using (fd=25)
I/gralloc ( 1850): id           = s3cfb
I/gralloc ( 1850): xres         = 480 px
I/gralloc ( 1850): yres         = 800 px
I/gralloc ( 1850): xres_virtual = 480 px
I/gralloc ( 1850): yres_virtual = 1600 px
I/gralloc ( 1850): bpp          = 16
I/gralloc ( 1850): r            = 11:5
I/gralloc ( 1850): g            =  5:6
I/gralloc ( 1850): b            =  0:5
I/gralloc ( 1850): width        = 40 mm (304.799988 dpi)
I/gralloc ( 1850): height       = 67 mm (303.283569 dpi)
I/gralloc ( 1850): refresh rate = 0.07 Hz
D/libEGL  ( 1850): egl.cfg not found, using default config
D/libEGL  ( 1850): loaded /system/lib/egl/libGLES_android.so
W/SurfaceFlinger( 1850): ro.sf.lcd_density not defined, using 160 dpi by default.
I/SurfaceFlinger( 1850): EGL informations:
I/SurfaceFlinger( 1850): # of configs : 8
I/SurfaceFlinger( 1850): vendor    : Android
I/SurfaceFlinger( 1850): version   : 1.4 Android META-EGL
I/SurfaceFlinger( 1850): extensions: EGL_KHR_image EGL_KHR_image_base EGL_KHR_image_pixmap EGL_ANDROID_image_native_buffer EGL_ANDROID_swap_rectangle 
I/SurfaceFlinger( 1850): Client API: OpenGL ES
I/SurfaceFlinger( 1850): EGLSurface: 5-6-5-0, config=0x0
I/SurfaceFlinger( 1850): OpenGL informations:
I/SurfaceFlinger( 1850): vendor    : Android
I/SurfaceFlinger( 1850): renderer  : Android PixelFlinger 1.4
I/SurfaceFlinger( 1850): version   : OpenGL ES-CM 1.0
I/SurfaceFlinger( 1850): extensions: GL_OES_byte_coordinates GL_OES_fixed_point GL_OES_single_precision GL_OES_read_format GL_OES_compressed_paletted_texture GL_OES_draw_texture GL_OES_matrix_get GL_OES_query_matrix GL_OES_EGL_image GL_OES_compressed_ETC1_RGB8_texture GL_ARB_texture_compression GL_ARB_texture_non_power_of_two GL_ANDROID_user_clip_plane GL_ANDROID_vertex_buffer_object GL_ANDROID_generate_mipmap 
I/SurfaceFlinger( 1850): GL_MAX_TEXTURE_SIZE = 4096
I/SurfaceFlinger( 1850): GL_MAX_VIEWPORT_DIMS = 4096
I/SurfaceFlinger( 1850): flags = 000c0000
D/SensorService( 1850): nuSensorService starting...
E/SensorService( 1850): couldn't load sensors module (No such file or directory)
I/sysproc ( 1850): System server: starting Android runtime.
I/sysproc ( 1850): System server: starting Android services.
I/SystemServer( 1850): Entered the Android system server!
I/sysproc ( 1850): System server: entering thread pool.
I/SystemServer( 1850): Entropy Service
D/libEGL  ( 1864): egl.cfg not found, using default config
D/libEGL  ( 1864): loaded /system/lib/egl/libGLES_android.so
W/zipro   ( 1864): Unable to open zip '/data/local/bootanimation.zip': No such file or directory
W/zipro   ( 1864): Unable to open zip '/system/media/bootanimation.zip': No such file or directory
I/SystemServer( 1850): Power Manager
I/SystemServer( 1850): Activity Manager
I/ARMAssembler( 1850): generated scanline__00000077:03010104_00000004_00000000 [ 22 ipp] (41 ins) at [0x43e2b1e8:0x43e2b28c] in 376113 ns
I/ActivityManager( 1850): Memory class: 16
I/ARMAssembler( 1864): generated scanline__00000077:03545404_00000A01_00000000 [ 30 ipp] (51 ins) at [0x404281e8:0x404282b4] in 433565 ns
I/SystemServer( 1850): Telephony Registry
I/SystemServer( 1850): Package Manager
I/Installer( 1850): connecting...
I/installd( 1800): new connection
D/dalvikvm( 1850): GC_CONCURRENT freed 140K, 50% free 2842K/5639K, external 716K/1038K, paused 5ms+16ms
W/PackageManager( 1850): Running ENG build: no pre-dexopt!
I/PackageParser( 1850): com.aurorasoftworks.quadrant.ui.standard: compat added android.permission.WRITE_EXTERNAL_STORAGE android.permission.READ_PHONE_STATE
D/dalvikvm( 1850): GC_CONCURRENT freed 301K, 50% free 2997K/5959K, external 716K/1038K, paused 5ms+8ms
D/szipinf ( 1850): Initializing inflate state
E/keystore( 1872): chdir: /data/misc/keystore: No such file or directory
D/dalvikvm( 1850): GC_CONCURRENT freed 167K, 47% free 3268K/6087K, external 716K/1038K, paused 5ms+8ms
D/dalvikvm( 1850): GC_CONCURRENT freed 196K, 45% free 3500K/6343K, external 716K/1038K, paused 5ms+9ms
D/PackageManager( 1850): No files in app dir /vendor/app
D/PackageManager( 1850): No files in app dir /data/app
D/PackageManager( 1850): No files in app dir /data/app-private
I/PackageManager( 1850): Time to scan packages: 5.12 seconds
W/PackageManager( 1850): Unknown permission android.permission.ADD_SYSTEM_SERVICE in package com.android.phone
W/PackageManager( 1850): Not granting permission android.permission.SEND_DOWNLOAD_COMPLETED_INTENTS to package com.android.browser (protectionLevel=2 flags=0x9be45)
W/PackageManager( 1850): Not granting permission android.permission.SET_ORIENTATION to package com.aurorasoftworks.quadrant.ui.standard (protectionLevel=2 flags=0xae45)
W/PackageManager( 1850): Unknown permission com.google.android.gm.permission.WRITE_GMAIL in package com.android.settings
W/PackageManager( 1850): Unknown permission com.google.android.gm.permission.READ_GMAIL in package com.android.settings
W/PackageManager( 1850): Unknown permission android.permission.READ_OWNER_DATA in package com.android.email
W/PackageManager( 1850): Unknown permission com.android.providers.im.permission.READ_ONLY in package com.google.android.apps.maps
W/PackageManager( 1850): Not granting permission android.permission.DEVICE_POWER to package com.android.deskclock (protectionLevel=2 flags=0x8be45)
D/dalvikvm( 1850): GC_EXPLICIT freed 316K, 46% free 3544K/6471K, external 716K/1038K, paused 103ms
I/SystemServer( 1850): Account Manager
I/SystemServer( 1850): Content Manager
I/SystemServer( 1850): System Content Providers
I/ActivityThread( 1850): Pub settings: com.android.providers.settings.SettingsProvider
I/SystemServer( 1850): Battery Service
I/SystemServer( 1850): Lights Service
D/SettingsProvider( 1850): cache for settings table 'secure' rows=35; fullycached=true
I/SystemServer( 1850): Vibrator Service
D/SettingsProvider( 1850): cache for settings table 'system' rows=48; fullycached=true
I/SystemServer( 1850): Alarm Manager
I/SystemServer( 1850): Init Watchdog
I/SystemServer( 1850): Window Manager
I/InputManager( 1850): Initializing input manager
I/InputManager( 1850): Starting input manager
I/SystemServer( 1850): Bluetooth Service
I/EventHub( 1850): New device: path=/dev/input/event1 name=S3C TouchScreen id=0x40000 (of 0x1) index=1 fd=85 classes=0x4
E/EventHub( 1850): could not get driver version for /dev/input/mouse0, Not a typewriter
I/BluetoothProfileState( 1850): Message:Entering Stable State
I/BluetoothProfileState( 1850): Message:Entering Stable State
I/EventHub( 1850): New keyboard: device->id=0x10001 devname='s3c-keypad-rev0000' propName='hw.keyboards.65537.devname' keylayout='/system/usr/keylayout/qwerty.kl'
I/EventHub( 1850): New device: path=/dev/input/event0 name=s3c-keypad-rev0000 id=0x10001 (of 0x2) index=2 fd=87 classes=0x1
E/EventHub( 1850): could not get driver version for /dev/input/mice, Not a typewriter
I/InputManager-Callbacks( 1850): No input device calibration properties found for device s3c-keypad-rev0000.
I/InputReader( 1850): Device added: id=0x0, name=s3c-keypad-rev0000, sources=00000101
I/InputManager-Callbacks( 1850): No input device calibration properties found for device S3C TouchScreen.
I/InputReader( 1850): Device added: id=0x40000, name=S3C TouchScreen, sources=00001002
I/SystemServer( 1850): Device Policy
I/SystemServer( 1850): Status Bar
I/SystemServer( 1850): Clipboard Service
I/SystemServer( 1850): Input Method Service
I/InputManagerService( 1850): Enabled input methods: com.android.inputmethod.latin/.LatinIME:com.android.inputmethod.pinyin/.PinyinIME:jp.co.omronsoft.openwnn/.OpenWnnJAJP
I/SystemServer( 1850): NetStat Service
I/SystemServer( 1850): NetworkManagement Service
I/SystemServer( 1850): Connectivity Service
I/WifiService( 1850): WifiService starting up with Wi-Fi disabled
D/NetworkManagmentService( 1850): Registering observer
I/SystemServer( 1850): Throttle Service
I/SystemServer( 1850): Accessibility Manager
I/SystemServer( 1850): Mount Service
I/SystemServer( 1850): Notification Manager
I/SystemServer( 1850): Device Storage Monitor
D/VoldCmdListener( 1794): volume list
I/SystemServer( 1850): Location Manager
W/MountService( 1850): Duplicate state transition (removed -> removed)
D/VoldCmdListener( 1794): share status ums
I/SystemServer( 1850): Search Service
I/SystemServer( 1850): DropBox Service
I/SystemServer( 1850): Wallpaper Service
I/SystemServer( 1850): Audio Service
D/AudioHardwareInterface( 1799): setMode(NORMAL)
W/AudioPolicyManagerBase( 1799): setPhoneState() setting same state 0
E/SoundPool( 1850): error loading /system/media/audio/ui/Effect_Tick.ogg
W/AudioService( 1850): Soundpool could not load file: /system/media/audio/ui/Effect_Tick.ogg
E/SoundPool( 1850): error loading /system/media/audio/ui/KeypressStandard.ogg
W/AudioService( 1850): Soundpool could not load file: /system/media/audio/ui/KeypressStandard.ogg
E/SoundPool( 1850): error loading /system/media/audio/ui/KeypressSpacebar.ogg
W/AudioService( 1850): Soundpool could not load file: /system/media/audio/ui/KeypressSpacebar.ogg
E/SoundPool( 1850): error loading /system/media/audio/ui/KeypressDelete.ogg
W/AudioService( 1850): Soundpool could not load file: /system/media/audio/ui/KeypressDelete.ogg
D/dalvikvm( 1850): GC_CONCURRENT freed 213K, 43% free 3827K/6663K, external 716K/1038K, paused 5ms+11ms
E/SoundPool( 1850): error loading /system/media/audio/ui/KeypressReturn.ogg
W/AudioService( 1850): Soundpool could not load file: /system/media/audio/ui/KeypressReturn.ogg
I/SystemServer( 1850): Headset Observer
W/HeadsetObserver( 1850): This kernel does not have wired headset support
I/SystemServer( 1850): Dock Observer
W/DockObserver( 1850): This kernel does not have dock station support
I/SystemServer( 1850): USB Observer
W/UsbObserver( 1850): This kernel does not have USB configuration switch support
E/UsbObserver( 1850): 
E/UsbObserver( 1850): java.lang.NullPointerException
E/UsbObserver( 1850): 	at com.android.server.UsbObserver.init(UsbObserver.java:131)
E/UsbObserver( 1850): 	at com.android.server.UsbObserver.<init>(UsbObserver.java:65)
E/UsbObserver( 1850): 	at com.android.server.ServerThread.run(SystemServer.java:402)
I/SystemServer( 1850): UI Mode Manager Service
I/SystemServer( 1850): Backup Service
I/BackupManagerService( 1850): Backup enabled => true
I/SystemServer( 1850): AppWidget Service
I/SystemServer( 1850): Recognition Service
I/SystemServer( 1850): DiskStats Service
I/WindowManager( 1850): SAFE MODE not enabled
D/dalvikvm( 1850): JIT started for system_server
I/power   ( 1850): *** set_screen_state 1
D/PowerManagerService( 1850): system ready!
I/ActivityManager( 1850): System now ready
I/SystemServer( 1850): Making services ready
I/StatusBarManagerService( 1850): Starting service: ComponentInfo{com.android.systemui/com.android.systemui.statusbar.StatusBarService}
I/Zygote  ( 1850): Process: zygote socket opened
I/ActivityManager( 1850): Start proc com.android.systemui for service com.android.systemui/.statusbar.StatusBarService: pid=1902 uid=1000 gids={3002, 3001, 3003}
I/ActivityManager( 1850): Config changed: { scale=1.0 imsi=0/0 loc=en_US touch=0 keys=0/0/0 nav=0/0 orien=0 layout=0 uiMode=17 seq=2}
E/keystore( 1901): chdir: /data/misc/keystore: No such file or directory
I/ActivityManager( 1850): Config changed: { scale=1.0 imsi=0/0 loc=en_US touch=3 keys=1/1/2 nav=1/1 orien=1 layout=268435491 uiMode=17 seq=3}
W/RecognitionManagerService( 1850): no available voice recognition services found
I/ActivityManager( 1850): Start proc com.android.inputmethod.latin for service com.android.inputmethod.latin/.LatinIME: pid=1911 uid=10021 gids={}
D/NetworkManagmentService( 1850): Registering observer
E/ThrottleService( 1850): Could not open GPS configuration file /etc/gps.conf
I/ActivityManager( 1850): Start proc com.android.phone for added application com.android.phone: pid=1919 uid=1001 gids={3002, 3001, 3003, 1015}
I/ActivityManager( 1850): Starting: Intent { act=android.intent.action.MAIN cat=[android.intent.category.HOME] flg=0x10000000 cmp=com.android.launcher/com.android.launcher2.Launcher } from pid 0
I/ActivityManager( 1850): Start proc com.android.launcher for activity com.android.launcher/com.android.launcher2.Launcher: pid=1922 uid=10020 gids={}
I/SystemServer( 1850): Enabled StrictMode for system server main thread.
D/dalvikvm( 1850): GC_EXTERNAL_ALLOC freed 156K, 42% free 3930K/6727K, external 1035K/1038K, paused 374ms
W/ActivityManager( 1850): Unable to start service Intent { act=@0 }: not found
W/ActivityManager( 1850): Unable to start service Intent { act=@0 }: not found
I/ActivityManager( 1850): Start proc com.android.settings for broadcast com.android.settings/.widget.SettingsAppWidgetProvider: pid=1938 uid=1000 gids={3002, 3001, 3003}
E/logwrapper( 1939): executing /system/bin/tc failed: No such file or directory
I/logwrapper( 1795): /system/bin/tc terminated by exit(1)
E/logwrapper( 1940): executing /system/bin/tc failed: No such file or directory
I/logwrapper( 1795): /system/bin/tc terminated by exit(1)
E/logwrapper( 1942): executing /system/bin/tc failed: No such file or directory
I/logwrapper( 1795): /system/bin/tc terminated by exit(1)
D/dalvikvm( 1902): GC_CONCURRENT freed 396K, 54% free 2648K/5639K, external 716K/1038K, paused 5ms+51ms
D/dalvikvm( 1911): GC_CONCURRENT freed 396K, 54% free 2649K/5639K, external 716K/1038K, paused 5ms+96ms
D/dalvikvm( 1919): GC_CONCURRENT freed 403K, 54% free 2641K/5639K, external 716K/1038K, paused 5ms+58ms
D/dalvikvm( 1922): GC_CONCURRENT freed 405K, 54% free 2639K/5639K, external 716K/1038K, paused 5ms+82ms
D/dalvikvm( 1850): GC_EXTERNAL_ALLOC freed 215K, 42% free 3977K/6855K, external 1558K/1567K, paused 429ms
D/dalvikvm( 1850): GREF has increased to 201
I/ActivityThread( 1922): Pub com.android.launcher2.settings: com.android.launcher2.LauncherProvider
I/ActivityThread( 1919): Pub mms: com.android.providers.telephony.MmsProvider
D/dalvikvm( 1938): GC_CONCURRENT freed 406K, 54% free 2638K/5639K, external 716K/1038K, paused 5ms+71ms
I/StatusBarManagerService( 1850): registerStatusBar bar=com.android.internal.statusbar.IStatusBar$Stub$Proxy@405bfef0
I/ActivityManager( 1850): Start proc android.process.acore for content provider com.android.providers.userdictionary/.UserDictionaryProvider: pid=1954 uid=10000 gids={3003, 1015}
I/ActivityThread( 1919): Pub sms: com.android.providers.telephony.SmsProvider
I/ActivityThread( 1919): Pub telephony: com.android.providers.telephony.TelephonyProvider
I/ActivityThread( 1919): Pub icc: com.android.phone.IccProvider
I/ActivityThread( 1919): Pub mms-sms: com.android.providers.telephony.MmsSmsProvider
D/VoldCmdListener( 1794): share status ums
D/StorageNotification( 1902): Startup with UMS connection false (media state removed)
I/StorageNotification( 1902): UMS connection changed to false (media state removed)
D/dalvikvm( 1911): GC_EXTERNAL_ALLOC freed 76K, 52% free 2746K/5639K, external 1020K/1038K, paused 765ms
I/ActivityThread( 1954): Pub com.android.social: com.android.providers.contacts.SocialProvider
E/keystore( 1973): chdir: /data/misc/keystore: No such file or directory
D/CallManager( 1919): registerPhone(GSM Handler{4055ee70})
D/dalvikvm( 1850): GC_CONCURRENT freed 256K, 42% free 4090K/6983K, external 1481K/1745K, paused 6ms+31ms
D/dalvikvm( 1954): GC_CONCURRENT freed 394K, 54% free 2599K/5639K, external 716K/1038K, paused 5ms+30ms
D/dalvikvm( 1850): GC_EXTERNAL_ALLOC freed 10K, 42% free 4080K/6983K, external 1287K/1745K, paused 225ms
I/ActivityThread( 1954): Pub applications: com.android.providers.applications.ApplicationsProvider
W/ActivityManager( 1850): Unable to start service Intent { act=com.android.ussd.IExtendedNetworkService }: not found
D/dalvikvm( 1922): GC_EXTERNAL_ALLOC freed 50K, 53% free 2701K/5639K, external 1032K/1038K, paused 515ms
D/dalvikvm( 1850): GC_EXTERNAL_ALLOC freed 10K, 42% free 4091K/6983K, external 2467K/3081K, paused 199ms
I/ActivityThread( 1954): Pub contacts;com.android.contacts: com.android.providers.contacts.ContactsProvider2
I/TelephonyRegistry( 1850): notifyServiceState: 1 home null null null  Unknown CSS not supported -1 -1RoamInd: -1DefRoamInd: -1EmergOnly: false
I/TelephonyRegistry( 1850): notifyDataConnection: state=0 isDataConnectivityPossible=false reason=radioTurnedOff interfaceName=null networkType=0
I/TelephonyRegistry( 1850): notifyDataConnection: state=0 isDataConnectivityPossible=false reason=gprsDetached interfaceName=null networkType=0
D/BT HSHFP( 1919): Starting BluetoothHeadsetService
I/ActivityManager( 1850): Displayed com.android.launcher/com.android.launcher2.Launcher: +7s970ms
D/dalvikvm( 1922): GC_EXTERNAL_ALLOC freed 57K, 51% free 2768K/5639K, external 1561K/1572K, paused 497ms
E/keystore( 1983): chdir: /data/misc/keystore: No such file or directory
W/ActivityManager( 1850): Activity idle timeout for HistoryRecord{4068e9a8 com.android.launcher/com.android.launcher2.Launcher}
D/OtaStartupReceiver( 1919): Not a CDMA phone, no need to process OTA
D/PowerManagerService( 1850): bootCompleted
I/SearchManagerService( 1850): Building list of searchable activities
I/ActivityManager( 1850): Start proc android.process.media for broadcast com.android.providers.media/.MediaScannerReceiver: pid=1987 uid=10017 gids={1015, 1006, 2001, 3003}
D/dalvikvm( 1919): GC_CONCURRENT freed 176K, 50% free 2861K/5703K, external 716K/1038K, paused 6ms+5ms
I/RecoverySystem( 1850): No recovery log file
I/SurfaceFlinger( 1850): Boot is finished (20648 ms)
I/ARMAssembler( 1850): generated scanline__00000177:03010104_00000002_00000000 [ 44 ipp] (66 ins) at [0x43e2b290:0x43e2b398] in 246962 ns
I/ARMAssembler( 1850): generated scanline__00000177:03515104_00000001_00000000 [ 73 ipp] (95 ins) at [0x43e2b3a0:0x43e2b51c] in 293643 ns
I/ActivityThread( 1954): Pub call_log: com.android.providers.contacts.CallLogProvider
I/ActivityThread( 1954): Pub user_dictionary: com.android.providers.userdictionary.UserDictionaryProvider
I/ActivityThread( 1987): Pub media: com.android.providers.media.MediaProvider
D/dalvikvm( 1954): GC_CONCURRENT freed 244K, 51% free 2810K/5703K, external 716K/1038K, paused 5ms+37ms
V/MediaProvider( 1987): Attached volume: internal
I/ActivityThread( 1987): Pub downloads: com.android.providers.downloads.DownloadProvider
D/dalvikvm( 1987): GC_CONCURRENT freed 417K, 54% free 2627K/5639K, external 716K/1038K, paused 5ms+6ms
I/ActivityThread( 1987): Pub drm: com.android.providers.drm.DrmProvider
D/dalvikvm( 1850): GREF has increased to 301
I/ActivityManager( 1850): Start proc com.google.android.apps.maps:FriendService for broadcast com.google.android.apps.maps/com.google.googlenav.friend.android.ServiceReceiver: pid=2001 uid=10018 gids={3003, 1015}
D/MediaScannerService( 1987): start scanning volume internal
D/dalvikvm( 2001): GC_CONCURRENT freed 409K, 54% free 2635K/5639K, external 716K/1038K, paused 5ms+7ms
D/dalvikvm( 2001): GC_CONCURRENT freed 110K, 48% free 3050K/5767K, external 716K/1038K, paused 4ms+8ms
D/MediaScanner( 1987):  prescan time: 596ms
D/MediaScanner( 1987):     scan time: 13ms
D/MediaScanner( 1987): postscan time: 0ms
D/MediaScanner( 1987):    total time: 609ms
D/MediaScannerService( 1987): done scanning volume internal
I/ActivityManager( 1850): Start proc com.google.process.gapps for content provider com.google.android.gsf/.settings.GoogleSettingsProvider: pid=2010 uid=10013 gids={3003, 1015, 2001, 1007}
D/dalvikvm( 1798): GC_EXPLICIT freed 11K, 53% free 2538K/5379K, external 716K/1038K, paused 121ms
D/dalvikvm( 1798): GC_EXPLICIT freed <1K, 53% free 2538K/5379K, external 716K/1038K, paused 168ms
D/dalvikvm( 1798): GC_EXPLICIT freed <1K, 53% free 2538K/5379K, external 716K/1038K, paused 128ms
I/ActivityThread( 2010): Pub com.google.settings: com.google.android.gsf.settings.GoogleSettingsProvider
D/dalvikvm( 2010): GC_CONCURRENT freed 328K, 54% free 2599K/5575K, external 716K/1038K, paused 5ms+5ms
D/dalvikvm( 1922): GC_EXTERNAL_ALLOC freed 127K, 50% free 2848K/5639K, external 2088K/2091K, paused 95ms
I/ActivityThread( 2010): Pub com.google.android.gsf.gservices: com.google.android.gsf.gservices.GservicesProvider
I/GservicesProvider( 2010): Gservices pushing to system: true; secure: true
I/ActivityThread( 2010): Pub subscribedfeeds: com.google.android.gsf.subscribedfeeds.SubscribedFeedsProvider
I/ActivityThread( 2010): Pub com.google.android.providers.talk: com.google.android.gsf.talk.TalkProvider
D/dalvikvm( 1922): GC_EXPLICIT freed 54K, 51% free 2818K/5639K, external 2155K/2487K, paused 68ms
E/keystore( 2020): chdir: /data/misc/keystore: No such file or directory
I/ActivityManager( 1850): Start proc com.android.mms for broadcast com.android.mms/.transaction.MmsSystemEventReceiver: pid=2021 uid=10016 gids={3003, 1015}
D/dalvikvm( 1850): GC_CONCURRENT freed 571K, 44% free 4224K/7431K, external 2767K/3967K, paused 6ms+14ms
I/ActivityThread( 2021): Pub com.android.mms.SuggestionsProvider: com.android.mms.SuggestionsProvider
I/ActivityManager( 1850): Start proc com.android.deskclock for broadcast com.android.deskclock/.AlarmInitReceiver: pid=2037 uid=10026 gids={}
D/dalvikvm( 2021): GC_CONCURRENT freed 503K, 54% free 2705K/5831K, external 716K/1038K, paused 5ms+6ms
D/dalvikvm( 1919): GREF has increased to 201
I/ActivityThread( 2037): Pub com.android.deskclock: com.android.deskclock.AlarmProvider
I/ActivityManager( 1850): Start proc com.android.email for broadcast com.android.email/.service.EmailBroadcastReceiver: pid=2048 uid=10024 gids={3003, 1015}
I/ActivityThread( 2048): Pub com.android.email.provider: com.android.email.provider.EmailProvider
I/ActivityThread( 2048): Pub com.android.email.attachmentprovider: com.android.email.provider.AttachmentProvider
I/ActivityThread( 2048): Pub com.android.exchange.provider: com.android.exchange.provider.ExchangeProvider
D/EAS SyncManager( 2048): !!! EAS SyncManager, onCreate
D/Eas Debug( 2048): Logging: 
D/EAS SyncManager( 2048): !!! EAS SyncManager, onDestroy
D/dalvikvm( 2048): GC_CONCURRENT freed 534K, 54% free 2700K/5831K, external 716K/1038K, paused 5ms+26ms
D/dalvikvm( 2010): GC_CONCURRENT freed 459K, 54% free 2703K/5767K, external 716K/1038K, paused 5ms+9ms
D/Email   ( 2048): BOOT_COMPLETED
D/EAS SyncManager( 2048): !!! EAS SyncManager, onCreate
D/EAS SyncManager( 2048): !!! EAS SyncManager, onStartCommand
D/EAS SyncManager( 2048): !!! EAS SyncManager, stopping self
D/EAS SyncManager( 2048): !!! EAS SyncManager, onDestroy
I/EventLogService( 2010): Aggregate from 1297642047425 (log), 1297642047425 (data)
V/update.Download( 2010): deleting all update downloads
I/ActivityManager( 1850): Starting: Intent { flg=0x10000000 cmp=com.google.android.gsf/.update.SystemUpdateInstallDialog } from pid 2010
D/dalvikvm( 2010): GC_CONCURRENT freed 351K, 53% free 2757K/5767K, external 716K/1038K, paused 5ms+5ms
I/ActivityManager( 1850): Start proc com.android.protips for broadcast com.android.protips/.ProtipWidget: pid=2070 uid=10009 gids={}
E/keystore( 2079): chdir: /data/misc/keystore: No such file or directory
W/ActivityManager( 1850): Activity pause timeout for HistoryRecord{406a95b0 com.google.android.gsf/.update.SystemUpdateInstallDialog}
I/ActivityManager( 1850): Start proc com.android.music for broadcast com.android.music/.MediaAppWidgetProvider: pid=2080 uid=10015 gids={3003, 1015}
I/ActivityManager( 1850): Start proc com.android.quicksearchbox for broadcast com.android.quicksearchbox/.SearchWidgetProvider: pid=2088 uid=10008 gids={3003}
I/ActivityThread( 2088): Pub com.android.quicksearchbox.google: com.android.quicksearchbox.google.GoogleSuggestionProvider
I/ActivityThread( 2088): Pub com.android.quicksearchbox.shortcuts: com.android.quicksearchbox.ShortcutsProvider
E/keystore( 2096): chdir: /data/misc/keystore: No such file or directory
E/keystore( 2097): chdir: /data/misc/keystore: No such file or directory
E/keystore( 2098): chdir: /data/misc/keystore: No such file or directory
E/keystore( 2099): chdir: /data/misc/keystore: No such file or directory
E/keystore( 2100): chdir: /data/misc/keystore: No such file or directory
W/ActivityManager( 1850): finishReceiver called but no pending broadcasts
E/keystore( 2101): chdir: /data/misc/keystore: No such file or directory
E/keystore( 2102): chdir: /data/misc/keystore: No such file or directory
E/keystore( 2103): chdir: /data/misc/keystore: No such file or directory
E/keystore( 2104): chdir: /data/misc/keystore: No such file or directory
E/keystore( 2105): chdir: /data/misc/keystore: No such file or directory
I/power   ( 1850): *** set_screen_state 0
D/SurfaceFlinger( 1850): About to give-up screen, flinger = 0x1dd478
E/SurfaceFlinger( 1850): ioctl(23, VT_RELDISP, 1) failed 22 (Invalid argument)
I/DEBUG   ( 1796): debuggerd: Feb  3 2011 14:55:55
I/Netd    ( 1795): Netd 1.0 starting
I/Vold    ( 1794): Vold 2.1 (the revenge) firing up
D/Vold    ( 1794): USB mass storage support is not enabled in the kernel
D/Vold    ( 1794): usb_configuration switch is not enabled in the kernel
E/Vold    ( 1794): Error reading configuration (No such file or directory)... continuing anyways
E/keystore( 1801): chdir: /data/misc/keystore: No such file or directory
D/AndroidRuntime( 1798): 
D/AndroidRuntime( 1798): >>>>>> AndroidRuntime START com.android.internal.os.ZygoteInit <<<<<<
D/AndroidRuntime( 1798): CheckJNI is ON
I/        ( 1799): ServiceManager: 0xad50
W/AudioHardwareInterface( 1799): Using stubbed audio hardware. No sound will be produced.
D/AudioHardwareInterface( 1799): setMode(NORMAL)
I/CameraService( 1799): CameraService started (pid=1799)
I/AudioFlinger( 1799): AudioFlinger's thread 0xc5f0 ready to run
I/SamplingProfilerIntegration( 1798): Profiler is disabled.
I/Zygote  ( 1798): Preloading classes...
D/dalvikvm( 1798): GC_EXPLICIT freed 47K, 78% free 232K/1024K, external 0K/0K, paused 5ms
D/dalvikvm( 1798): GC_EXPLICIT freed 1K, 73% free 282K/1024K, external 0K/0K, paused 4ms
D/dalvikvm( 1798): GC_EXPLICIT freed 22K, 70% free 316K/1024K, external 0K/0K, paused 5ms
D/dalvikvm( 1798): GC_EXPLICIT freed 16K, 66% free 354K/1024K, external 0K/0K, paused 6ms
D/dalvikvm( 1798): GC_EXPLICIT freed 26K, 63% free 382K/1024K, external 0K/0K, paused 6ms
D/dalvikvm( 1798): GC_EXPLICIT freed 20K, 58% free 439K/1024K, external 0K/0K, paused 7ms
W/MediaProfiles( 1798): could not find media config xml file
D/dalvikvm( 1798): GC_EXPLICIT freed 99K, 47% free 545K/1024K, external 0K/0K, paused 11ms
E/keystore( 1847): chdir: /data/misc/keystore: No such file or directory
D/dalvikvm( 1798): GC_EXPLICIT freed 272K, 28% free 884K/1219K, external 0K/0K, paused 23ms
D/dalvikvm( 1798): GC_EXPLICIT freed 21K, 24% free 931K/1219K, external 0K/0K, paused 21ms
D/RenderScript_jni( 1798): RenderScript JNI library not found!
D/dalvikvm( 1798): GC_EXPLICIT freed 25K, 19% free 998K/1219K, external 0K/0K, paused 21ms
D/dalvikvm( 1798): GC_EXPLICIT freed 47K, 5% free 1281K/1347K, external 0K/0K, paused 35ms
D/dalvikvm( 1798): GC_EXPLICIT freed 24K, 3% free 1311K/1347K, external 0K/0K, paused 35ms
D/dalvikvm( 1798): GC_EXPLICIT freed 28K, 6% free 1336K/1411K, external 0K/0K, paused 35ms
D/dalvikvm( 1798): GC_EXPLICIT freed 14K, 3% free 1377K/1411K, external 0K/0K, paused 36ms
D/dalvikvm( 1798): GC_EXPLICIT freed 28K, 5% free 1402K/1475K, external 0K/0K, paused 37ms
D/dalvikvm( 1798): GC_EXPLICIT freed 28K, 3% free 1439K/1475K, external 0K/0K, paused 38ms
D/dalvikvm( 1798): GC_EXPLICIT freed 38K, 6% free 1457K/1539K, external 0K/0K, paused 38ms
D/dalvikvm( 1798): GC_EXPLICIT freed 41K, 5% free 1472K/1539K, external 0K/0K, paused 39ms
D/dalvikvm( 1798): GC_EXPLICIT freed 55K, 8% free 1485K/1603K, external 0K/0K, paused 39ms
E/keystore( 1848): chdir: /data/misc/keystore: No such file or directory
D/dalvikvm( 1798): GC_FOR_MALLOC freed 2959K, 58% free 2164K/5123K, external 0K/0K, paused 82ms
D/dalvikvm( 1798): GC_EXPLICIT freed 1399K, 55% free 2310K/5123K, external 0K/0K, paused 83ms
D/dalvikvm( 1798): GC_EXPLICIT freed 148K, 54% free 2373K/5123K, external 0K/0K, paused 73ms
E/keystore( 1849): chdir: /data/misc/keystore: No such file or directory
D/dalvikvm( 1798): GC_EXPLICIT freed 74K, 54% free 2398K/5123K, external 0K/0K, paused 74ms
D/dalvikvm( 1798): GC_EXPLICIT freed 36K, 53% free 2415K/5123K, external 0K/0K, paused 72ms
D/dalvikvm( 1798): GC_EXPLICIT freed 31K, 53% free 2439K/5123K, external 0K/0K, paused 74ms
D/dalvikvm( 1798): GC_EXPLICIT freed 38K, 52% free 2462K/5123K, external 0K/0K, paused 74ms
I/Zygote  ( 1798): ...preloaded 1830 classes in 12180ms.
D/dalvikvm( 1798): GC_EXPLICIT freed 18K, 52% free 2460K/5123K, external 0K/0K, paused 73ms
I/Zygote  ( 1798): Preloading resources...
D/dalvikvm( 1798): GC_EXTERNAL_ALLOC freed <1K, 52% free 2462K/5123K, external 0K/0K, paused 73ms
W/Zygote  ( 1798): Preloaded drawable resource #0x1080093 (res/drawable-mdpi/sym_def_app_icon.png) that varies with configuration!!
W/Zygote  ( 1798): Preloaded drawable resource #0x1080002 (res/drawable-mdpi/arrow_down_float.png) that varies with configuration!!
W/Zygote  ( 1798): Preloaded drawable resource #0x10800b4 (res/drawable/btn_check.xml) that varies with configuration!!
W/Zygote  ( 1798): Preloaded drawable resource #0x10800b7 (res/drawable-mdpi/btn_check_label_background.9.png) that varies with configuration!!
W/Zygote  ( 1798): Preloaded drawable resource #0x10800b8 (res/drawable-mdpi/btn_check_off.png) that varies with configuration!!
W/Zygote  ( 1798): Preloaded drawable resource #0x10800bd (res/drawable-mdpi/btn_check_on.png) that varies with configuration!!
W/Zygote  ( 1798): Preloaded drawable resource #0x1080004 (res/drawable/btn_default.xml) that varies with configuration!!
W/Zygote  ( 1798): Preloaded drawable resource #0x1080005 (res/drawable/btn_default_small.xml) that varies with configuration!!
W/Zygote  ( 1798): Preloaded drawable resource #0x1080006 (res/drawable/btn_dropdown.xml) that varies with configuration!!
W/Zygote  ( 1798): Preloaded drawable resource #0x1080008 (res/drawable/btn_plus.xml) that varies with configuration!!
W/Zygote  ( 1798): Preloaded drawable resource #0x1080007 (res/drawable/btn_minus.xml) that varies with configuration!!
W/Zygote  ( 1798): Preloaded drawable resource #0x1080009 (res/drawable/btn_radio.xml) that varies with configuration!!
W/Zygote  ( 1798): Preloaded drawable resource #0x108000a (res/drawable/btn_star.xml) that varies with configuration!!
D/dalvikvm( 1798): GC_EXPLICIT freed 25K, 52% free 2499K/5123K, external 408K/521K, paused 75ms
W/Zygote  ( 1798): Preloaded drawable resource #0x1080132 (res/drawable/btn_toggle.xml) that varies with configuration!!
W/Zygote  ( 1798): Preloaded drawable resource #0x1080196 (res/drawable-mdpi/ic_emergency.png) that varies with configuration!!
W/Zygote  ( 1798): Preloaded drawable resource #0x1080012 (res/drawable-mdpi/divider_horizontal_bright.9.png) that varies with configuration!!
W/Zygote  ( 1798): Preloaded drawable resource #0x1080014 (res/drawable-mdpi/divider_horizontal_dark.9.png) that varies with configuration!!
W/Zygote  ( 1798): Preloaded drawable resource #0x1080016 (res/drawable/edit_text.xml) that varies with configuration!!
W/Zygote  ( 1798): Preloaded drawable resource #0x1080170 (res/drawable/expander_group.xml) that varies with configuration!!
W/Zygote  ( 1798): Preloaded drawable resource #0x1080062 (res/drawable/list_selector_background.xml) that varies with configuration!!
W/Zygote  ( 1798): Preloaded drawable resource #0x108022a (res/drawable-mdpi/menu_background.9.png) that varies with configuration!!
W/Zygote  ( 1798): Preloaded drawable resource #0x108022b (res/drawable-mdpi/menu_background_fill_parent_width.9.png) that varies with configuration!!
W/Zygote  ( 1798): Preloaded drawable resource #0x108022c (res/drawable/menu_selector.xml) that varies with configuration!!
D/dalvikvm( 1798): GC_EXTERNAL_ALLOC freed 16K, 51% free 2512K/5123K, external 516K/521K, paused 76ms
W/Zygote  ( 1798): Preloaded drawable resource #0x108023a (res/drawable-mdpi/panel_background.9.png) that varies with configuration!!
W/Zygote  ( 1798): Preloaded drawable resource #0x1080242 (res/drawable-mdpi/popup_bottom_bright.9.png) that varies with configuration!!
W/Zygote  ( 1798): Preloaded drawable resource #0x1080243 (res/drawable-mdpi/popup_bottom_dark.9.png) that varies with configuration!!
W/Zygote  ( 1798): Preloaded drawable resource #0x1080244 (res/drawable-mdpi/popup_bottom_medium.9.png) that varies with configuration!!
W/Zygote  ( 1798): Preloaded drawable resource #0x1080245 (res/drawable-mdpi/popup_center_bright.9.png) that varies with configuration!!
W/Zygote  ( 1798): Preloaded drawable resource #0x1080246 (res/drawable-mdpi/popup_center_dark.9.png) that varies with configuration!!
W/Zygote  ( 1798): Preloaded drawable resource #0x1080249 (res/drawable-mdpi/popup_full_dark.9.png) that varies with configuration!!
W/Zygote  ( 1798): Preloaded drawable resource #0x108024c (res/drawable-mdpi/popup_top_bright.9.png) that varies with configuration!!
W/Zygote  ( 1798): Preloaded drawable resource #0x108024d (res/drawable-mdpi/popup_top_dark.9.png) that varies with configuration!!
W/Zygote  ( 1798): Preloaded drawable resource #0x108006d (res/drawable/progress_indeterminate_horizontal.xml) that varies with configuration!!
