I/DEBUG   ( 1761): debuggerd: Feb  3 2011 14:55:55
I/Netd    ( 1760): Netd 1.0 starting
I/Vold    ( 1759): Vold 2.1 (the revenge) firing up
D/Vold    ( 1759): USB mass storage support is not enabled in the kernel
D/Vold    ( 1759): usb_configuration switch is not enabled in the kernel
D/Vold    ( 1759): Volume sdcard state changing -1 (Initializing) -> 0 (No-Media)
E/keystore( 1766): chdir: /data/misc/keystore: No such file or directory
D/AndroidRuntime( 1763): 
D/AndroidRuntime( 1763): >>>>>> AndroidRuntime START com.android.internal.os.ZygoteInit <<<<<<
D/AndroidRuntime( 1763): CheckJNI is ON
I/        ( 1764): ServiceManager: 0xad50
W/AudioHardwareInterface( 1764): Using stubbed audio hardware. No sound will be produced.
D/AudioHardwareInterface( 1764): setMode(NORMAL)
I/CameraService( 1764): CameraService started (pid=1764)
I/AudioFlinger( 1764): AudioFlinger's thread 0xc5f0 ready to run
I/SamplingProfilerIntegration( 1763): Profiler is disabled.
I/Zygote  ( 1763): Preloading classes...
D/dalvikvm( 1763): GC_EXPLICIT freed 47K, 78% free 232K/1024K, external 0K/0K, paused 5ms
D/dalvikvm( 1763): GC_EXPLICIT freed 1K, 73% free 282K/1024K, external 0K/0K, paused 5ms
D/dalvikvm( 1763): GC_EXPLICIT freed 22K, 70% free 316K/1024K, external 0K/0K, paused 5ms
D/dalvikvm( 1763): GC_EXPLICIT freed 16K, 66% free 354K/1024K, external 0K/0K, paused 5ms
D/dalvikvm( 1763): GC_EXPLICIT freed 26K, 63% free 382K/1024K, external 0K/0K, paused 6ms
D/dalvikvm( 1763): GC_EXPLICIT freed 20K, 58% free 439K/1024K, external 0K/0K, paused 7ms
W/MediaProfiles( 1763): could not find media config xml file
D/dalvikvm( 1763): GC_EXPLICIT freed 99K, 47% free 545K/1024K, external 0K/0K, paused 10ms
D/dalvikvm( 1763): GC_EXPLICIT freed 272K, 28% free 884K/1219K, external 0K/0K, paused 20ms
D/dalvikvm( 1763): GC_EXPLICIT freed 21K, 24% free 931K/1219K, external 0K/0K, paused 17ms
D/RenderScript_jni( 1763): RenderScript JNI library not found!
D/dalvikvm( 1763): GC_EXPLICIT freed 25K, 19% free 998K/1219K, external 0K/0K, paused 18ms
E/keystore( 1812): chdir: /data/misc/keystore: No such file or directory
D/dalvikvm( 1763): GC_EXPLICIT freed 47K, 5% free 1281K/1347K, external 0K/0K, paused 29ms
D/dalvikvm( 1763): GC_EXPLICIT freed 24K, 3% free 1311K/1347K, external 0K/0K, paused 29ms
D/dalvikvm( 1763): GC_EXPLICIT freed 28K, 6% free 1336K/1411K, external 0K/0K, paused 29ms
D/dalvikvm( 1763): GC_EXPLICIT freed 14K, 3% free 1377K/1411K, external 0K/0K, paused 29ms
D/dalvikvm( 1763): GC_EXPLICIT freed 28K, 5% free 1402K/1475K, external 0K/0K, paused 30ms
D/dalvikvm( 1763): GC_EXPLICIT freed 28K, 3% free 1439K/1475K, external 0K/0K, paused 30ms
D/dalvikvm( 1763): GC_EXPLICIT freed 38K, 6% free 1457K/1539K, external 0K/0K, paused 31ms
D/dalvikvm( 1763): GC_EXPLICIT freed 41K, 5% free 1472K/1539K, external 0K/0K, paused 32ms
D/dalvikvm( 1763): GC_EXPLICIT freed 55K, 8% free 1485K/1603K, external 0K/0K, paused 31ms
D/dalvikvm( 1763): GC_FOR_MALLOC freed 2959K, 58% free 2164K/5123K, external 0K/0K, paused 85ms
E/keystore( 1813): chdir: /data/misc/keystore: No such file or directory
D/dalvikvm( 1763): GC_EXPLICIT freed 1399K, 55% free 2310K/5123K, external 0K/0K, paused 68ms
D/dalvikvm( 1763): GC_EXPLICIT freed 127K, 54% free 2371K/5123K, external 0K/0K, paused 57ms
D/dalvikvm( 1763): GC_EXPLICIT freed 73K, 54% free 2396K/5123K, external 0K/0K, paused 58ms
D/dalvikvm( 1763): GC_EXPLICIT freed 37K, 53% free 2413K/5123K, external 0K/0K, paused 57ms
D/dalvikvm( 1763): GC_EXPLICIT freed 31K, 53% free 2437K/5123K, external 0K/0K, paused 58ms
D/dalvikvm( 1763): GC_EXPLICIT freed 38K, 52% free 2460K/5123K, external 0K/0K, paused 58ms
I/Zygote  ( 1763): ...preloaded 1830 classes in 12077ms.
D/dalvikvm( 1763): GC_EXPLICIT freed 17K, 53% free 2458K/5123K, external 0K/0K, paused 58ms
I/Zygote  ( 1763): Preloading resources...
D/dalvikvm( 1763): GC_EXTERNAL_ALLOC freed <1K, 52% free 2460K/5123K, external 0K/0K, paused 58ms
W/Zygote  ( 1763): Preloaded drawable resource #0x1080093 (res/drawable-mdpi/sym_def_app_icon.png) that varies with configuration!!
W/Zygote  ( 1763): Preloaded drawable resource #0x1080002 (res/drawable-mdpi/arrow_down_float.png) that varies with configuration!!
W/Zygote  ( 1763): Preloaded drawable resource #0x10800b4 (res/drawable/btn_check.xml) that varies with configuration!!
W/Zygote  ( 1763): Preloaded drawable resource #0x10800b7 (res/drawable-mdpi/btn_check_label_background.9.png) that varies with configuration!!
W/Zygote  ( 1763): Preloaded drawable resource #0x10800b8 (res/drawable-mdpi/btn_check_off.png) that varies with configuration!!
W/Zygote  ( 1763): Preloaded drawable resource #0x10800bd (res/drawable-mdpi/btn_check_on.png) that varies with configuration!!
W/Zygote  ( 1763): Preloaded drawable resource #0x1080004 (res/drawable/btn_default.xml) that varies with configuration!!
W/Zygote  ( 1763): Preloaded drawable resource #0x1080005 (res/drawable/btn_default_small.xml) that varies with configuration!!
W/Zygote  ( 1763): Preloaded drawable resource #0x1080006 (res/drawable/btn_dropdown.xml) that varies with configuration!!
W/Zygote  ( 1763): Preloaded drawable resource #0x1080008 (res/drawable/btn_plus.xml) that varies with configuration!!
W/Zygote  ( 1763): Preloaded drawable resource #0x1080007 (res/drawable/btn_minus.xml) that varies with configuration!!
W/Zygote  ( 1763): Preloaded drawable resource #0x1080009 (res/drawable/btn_radio.xml) that varies with configuration!!
W/Zygote  ( 1763): Preloaded drawable resource #0x108000a (res/drawable/btn_star.xml) that varies with configuration!!
D/dalvikvm( 1763): GC_EXPLICIT freed 25K, 52% free 2497K/5123K, external 408K/521K, paused 60ms
W/Zygote  ( 1763): Preloaded drawable resource #0x1080132 (res/drawable/btn_toggle.xml) that varies with configuration!!
W/Zygote  ( 1763): Preloaded drawable resource #0x1080196 (res/drawable-mdpi/ic_emergency.png) that varies with configuration!!
W/Zygote  ( 1763): Preloaded drawable resource #0x1080012 (res/drawable-mdpi/divider_horizontal_bright.9.png) that varies with configuration!!
W/Zygote  ( 1763): Preloaded drawable resource #0x1080014 (res/drawable-mdpi/divider_horizontal_dark.9.png) that varies with configuration!!
W/Zygote  ( 1763): Preloaded drawable resource #0x1080016 (res/drawable/edit_text.xml) that varies with configuration!!
W/Zygote  ( 1763): Preloaded drawable resource #0x1080170 (res/drawable/expander_group.xml) that varies with configuration!!
W/Zygote  ( 1763): Preloaded drawable resource #0x1080062 (res/drawable/list_selector_background.xml) that varies with configuration!!
W/Zygote  ( 1763): Preloaded drawable resource #0x108022a (res/drawable-mdpi/menu_background.9.png) that varies with configuration!!
W/Zygote  ( 1763): Preloaded drawable resource #0x108022b (res/drawable-mdpi/menu_background_fill_parent_width.9.png) that varies with configuration!!
W/Zygote  ( 1763): Preloaded drawable resource #0x108022c (res/drawable/menu_selector.xml) that varies with configuration!!
D/dalvikvm( 1763): GC_EXTERNAL_ALLOC freed 16K, 51% free 2511K/5123K, external 516K/521K, paused 60ms
W/Zygote  ( 1763): Preloaded drawable resource #0x108023a (res/drawable-mdpi/panel_background.9.png) that varies with configuration!!
W/Zygote  ( 1763): Preloaded drawable resource #0x1080242 (res/drawable-mdpi/popup_bottom_bright.9.png) that varies with configuration!!
W/Zygote  ( 1763): Preloaded drawable resource #0x1080243 (res/drawable-mdpi/popup_bottom_dark.9.png) that varies with configuration!!
W/Zygote  ( 1763): Preloaded drawable resource #0x1080244 (res/drawable-mdpi/popup_bottom_medium.9.png) that varies with configuration!!
W/Zygote  ( 1763): Preloaded drawable resource #0x1080245 (res/drawable-mdpi/popup_center_bright.9.png) that varies with configuration!!
W/Zygote  ( 1763): Preloaded drawable resource #0x1080246 (res/drawable-mdpi/popup_center_dark.9.png) that varies with configuration!!
W/Zygote  ( 1763): Preloaded drawable resource #0x1080249 (res/drawable-mdpi/popup_full_dark.9.png) that varies with configuration!!
W/Zygote  ( 1763): Preloaded drawable resource #0x108024c (res/drawable-mdpi/popup_top_bright.9.png) that varies with configuration!!
W/Zygote  ( 1763): Preloaded drawable resource #0x108024d (res/drawable-mdpi/popup_top_dark.9.png) that varies with configuration!!
W/Zygote  ( 1763): Preloaded drawable resource #0x108006d (res/drawable/progress_indeterminate_horizontal.xml) that varies with configuration!!
W/Zygote  ( 1763): Preloaded drawable resource #0x1080253 (res/drawable/progress_small.xml) that varies with configuration!!
W/Zygote  ( 1763): Preloaded drawable resource #0x1080254 (res/drawable/progress_small_titlebar.xml) that varies with configuration!!
W/Zygote  ( 1763): Preloaded drawable resource #0x1080274 (res/drawable-mdpi/scrollbar_handle_horizontal.9.png) that varies with configuration!!
W/Zygote  ( 1763): Preloaded drawable resource #0x1080275 (res/drawable-mdpi/scrollbar_handle_vertical.9.png) that varies with configuration!!
E/keystore( 1814): chdir: /data/misc/keystore: No such file or directory
D/dalvikvm( 1763): GC_EXPLICIT freed 15K, 51% free 2522K/5123K, external 585K/1038K, paused 60ms
W/Zygote  ( 1763): Preloaded drawable resource #0x1080071 (res/drawable/spinner_dropdown_background.xml) that varies with configuration!!
W/Zygote  ( 1763): Preloaded drawable resource #0x1080312 (res/drawable-mdpi/text_select_handle_left.png) that varies with configuration!!
W/Zygote  ( 1763): Preloaded drawable resource #0x1080313 (res/drawable-mdpi/text_select_handle_middle.png) that varies with configuration!!
W/Zygote  ( 1763): Preloaded drawable resource #0x1080314 (res/drawable-mdpi/text_select_handle_right.png) that varies with configuration!!
W/Zygote  ( 1763): Preloaded drawable resource #0x1080335 (res/drawable-mdpi/title_bar_shadow.9.png) that varies with configuration!!
W/Zygote  ( 1763): Preloaded drawable resource #0x10801d8 (res/drawable-mdpi/indicator_code_lock_drag_direction_green_up.png) that varies with configuration!!
W/Zygote  ( 1763): Preloaded drawable resource #0x10801d9 (res/drawable-mdpi/indicator_code_lock_drag_direction_red_up.png) that varies with configuration!!
W/Zygote  ( 1763): Preloaded drawable resource #0x10801da (res/drawable-mdpi/indicator_code_lock_point_area_default.png) that varies with configuration!!
W/Zygote  ( 1763): Preloaded drawable resource #0x10801db (res/drawable-mdpi/indicator_code_lock_point_area_green.png) that varies with configuration!!
W/Zygote  ( 1763): Preloaded drawable resource #0x10801dc (res/drawable-mdpi/indicator_code_lock_point_area_red.png) that varies with configuration!!
I/Zygote  ( 1763): ...preloaded 51 resources in 1182ms.
I/Zygote  ( 1763): ...preloaded 15 resources in 30ms.
D/dalvikvm( 1763): GC_EXPLICIT freed 23K, 51% free 2531K/5123K, external 716K/1038K, paused 61ms
D/dalvikvm( 1763): GC_EXPLICIT freed 6K, 51% free 2524K/5123K, external 716K/1038K, paused 61ms
D/dalvikvm( 1763): GC_EXPLICIT freed <1K, 51% free 2524K/5123K, external 716K/1038K, paused 61ms
I/dalvikvm( 1763): System server process 1815 has been created
I/Zygote  ( 1763): Accepting command socket connections
I/sysproc ( 1815): Entered system_init()
I/sysproc ( 1815): ServiceManager: 0x93138
I/SurfaceFlinger( 1815): SurfaceFlinger is starting
I/SurfaceFlinger( 1815): SurfaceFlinger's main thread ready to run. Initializing graphics H/W...
I/gralloc ( 1815): using (fd=25)
I/gralloc ( 1815): id           = s3cfb
I/gralloc ( 1815): xres         = 480 px
I/gralloc ( 1815): yres         = 800 px
I/gralloc ( 1815): xres_virtual = 480 px
I/gralloc ( 1815): yres_virtual = 1600 px
I/gralloc ( 1815): bpp          = 16
I/gralloc ( 1815): r            = 11:5
I/gralloc ( 1815): g            =  5:6
I/gralloc ( 1815): b            =  0:5
I/gralloc ( 1815): width        = 480 mm (25.400000 dpi)
I/gralloc ( 1815): height       = 800 mm (25.400000 dpi)
I/gralloc ( 1815): refresh rate = 0.10 Hz
D/libEGL  ( 1815): egl.cfg not found, using default config
D/libEGL  ( 1815): loaded /system/lib/egl/libGLES_android.so
W/SurfaceFlinger( 1815): ro.sf.lcd_density not defined, using 160 dpi by default.
I/SurfaceFlinger( 1815): EGL informations:
I/SurfaceFlinger( 1815): # of configs : 8
I/SurfaceFlinger( 1815): vendor    : Android
I/SurfaceFlinger( 1815): version   : 1.4 Android META-EGL
I/SurfaceFlinger( 1815): extensions: EGL_KHR_image EGL_KHR_image_base EGL_KHR_image_pixmap EGL_ANDROID_image_native_buffer EGL_ANDROID_swap_rectangle 
I/SurfaceFlinger( 1815): Client API: OpenGL ES
I/SurfaceFlinger( 1815): EGLSurface: 5-6-5-0, config=0x0
I/SurfaceFlinger( 1815): OpenGL informations:
I/SurfaceFlinger( 1815): vendor    : Android
I/SurfaceFlinger( 1815): renderer  : Android PixelFlinger 1.4
I/SurfaceFlinger( 1815): version   : OpenGL ES-CM 1.0
I/SurfaceFlinger( 1815): extensions: GL_OES_byte_coordinates GL_OES_fixed_point GL_OES_single_precision GL_OES_read_format GL_OES_compressed_paletted_texture GL_OES_draw_texture GL_OES_matrix_get GL_OES_query_matrix GL_OES_EGL_image GL_OES_compressed_ETC1_RGB8_texture GL_ARB_texture_compression GL_ARB_texture_non_power_of_two GL_ANDROID_user_clip_plane GL_ANDROID_vertex_buffer_object GL_ANDROID_generate_mipmap 
I/SurfaceFlinger( 1815): GL_MAX_TEXTURE_SIZE = 4096
I/SurfaceFlinger( 1815): GL_MAX_VIEWPORT_DIMS = 4096
I/SurfaceFlinger( 1815): flags = 000c0000
D/SensorService( 1815): nuSensorService starting...
E/SensorService( 1815): couldn't load sensors module (No such file or directory)
I/sysproc ( 1815): System server: starting Android runtime.
I/sysproc ( 1815): System server: starting Android services.
I/SystemServer( 1815): Entered the Android system server!
I/sysproc ( 1815): System server: entering thread pool.
I/SystemServer( 1815): Entropy Service
D/libEGL  ( 1829): egl.cfg not found, using default config
D/libEGL  ( 1829): loaded /system/lib/egl/libGLES_android.so
W/zipro   ( 1829): Unable to open zip '/data/local/bootanimation.zip': No such file or directory
W/zipro   ( 1829): Unable to open zip '/system/media/bootanimation.zip': No such file or directory
I/SystemServer( 1815): Power Manager
I/SystemServer( 1815): Activity Manager
I/ARMAssembler( 1815): generated scanline__00000077:03010104_00000004_00000000 [ 22 ipp] (41 ins) at [0x43d2b1e8:0x43d2b28c] in 376894 ns
I/ARMAssembler( 1829): generated scanline__00000077:03545404_00000A01_00000000 [ 30 ipp] (51 ins) at [0x404281e8:0x404282b4] in 432365 ns
I/ActivityManager( 1815): Memory class: 16
I/SystemServer( 1815): Telephony Registry
I/SystemServer( 1815): Package Manager
I/Installer( 1815): connecting...
I/installd( 1765): new connection
D/dalvikvm( 1815): GC_CONCURRENT freed 173K, 50% free 2822K/5639K, external 716K/1038K, paused 5ms+7ms
W/PackageManager( 1815): Running ENG build: no pre-dexopt!
I/PackageManager( 1815): /system/framework/framework-res.apk changed; collecting certs
D/dalvikvm( 1815): GC_CONCURRENT freed 254K, 49% free 3092K/5959K, external 716K/1038K, paused 5ms+8ms
D/dalvikvm( 1815): GC_CONCURRENT freed 167K, 45% free 3426K/6215K, external 716K/1038K, paused 5ms+8ms
D/dalvikvm( 1815): GC_FOR_MALLOC freed 298K, 46% free 3536K/6535K, external 716K/1038K, paused 46ms
D/dalvikvm( 1815): GC_FOR_MALLOC freed 46K, 46% free 3584K/6535K, external 716K/1038K, paused 52ms
D/dalvikvm( 1815): GC_FOR_MALLOC freed 94K, 46% free 3680K/6727K, external 716K/1038K, paused 52ms
I/dalvikvm-heap( 1815): Grow heap (frag case) to 7.213MB for 391186-byte allocation
D/dalvikvm( 1815): GC_FOR_MALLOC freed 0K, 43% free 4062K/7111K, external 716K/1038K, paused 44ms
D/dalvikvm( 1815): GC_FOR_MALLOC freed 190K, 46% free 3872K/7111K, external 716K/1038K, paused 44ms
I/dalvikvm-heap( 1815): Grow heap (frag case) to 7.261MB for 244329-byte allocation
D/dalvikvm( 1815): GC_FOR_MALLOC freed 0K, 45% free 4110K/7367K, external 716K/1038K, paused 53ms
D/dalvikvm( 1815): GC_FOR_MALLOC freed 565K, 47% free 3920K/7367K, external 716K/1038K, paused 53ms
D/dalvikvm( 1815): GC_FOR_MALLOC freed 190K, 45% free 4112K/7367K, external 716K/1038K, paused 53ms
D/dalvikvm( 1815): GC_FOR_MALLOC freed 447K, 45% free 4060K/7367K, external 716K/1038K, paused 53ms
D/dalvikvm( 1815): GC_FOR_MALLOC freed 88K, 44% free 4156K/7367K, external 716K/1038K, paused 43ms
I/dalvikvm-heap( 1815): Grow heap (frag case) to 7.673MB for 385042-byte allocation
D/dalvikvm( 1815): GC_FOR_MALLOC freed 0K, 42% free 4532K/7751K, external 716K/1038K, paused 52ms
D/dalvikvm( 1815): GC_CONCURRENT freed 608K, 41% free 4660K/7879K, external 716K/1038K, paused 5ms+11ms
E/keystore( 1837): chdir: /data/misc/keystore: No such file or directory
D/dalvikvm( 1815): GC_CONCURRENT freed 75K, 34% free 5319K/8007K, external 716K/1038K, paused 5ms+11ms
D/dalvikvm( 1815): GC_CONCURRENT freed 576K, 37% free 5653K/8839K, external 716K/1038K, paused 5ms+9ms
D/dalvikvm( 1815): GC_CONCURRENT freed 98K, 30% free 6579K/9287K, external 716K/1038K, paused 6ms+10ms
I/PackageManager( 1815): /system/app/Protips.apk changed; collecting certs
I/PackageManager( 1815): /system/app/HTMLViewer.apk changed; collecting certs
I/PackageManager( 1815): /system/app/DefaultContainerService.apk changed; collecting certs
I/PackageManager( 1815): /system/app/SoundRecorder.apk changed; collecting certs
I/PackageManager( 1815): /system/app/CustomLocale.apk changed; collecting certs
I/PackageManager( 1815): /system/app/NetSpeed.apk changed; collecting certs
I/PackageManager( 1815): /system/app/MediaProvider.apk changed; collecting certs
D/dalvikvm( 1815): GC_CONCURRENT freed 1292K, 38% free 6531K/10439K, external 716K/1038K, paused 6ms+96ms
W/PackageManager( 1815): System package com.android.providers.media has changed from uid: 1000 to 10017; old data erased
I/PackageManager( 1815): /system/app/TtsService.apk changed; collecting certs
I/PackageManager( 1815): /system/app/SdkSetup.apk changed; collecting certs
D/szipinf ( 1815): Initializing inflate state
I/PackageManager( 1815): /system/app/Maps.apk changed; collecting certs
D/dalvikvm( 1815): GC_CONCURRENT freed 4127K, 66% free 3589K/10439K, external 716K/1038K, paused 5ms+10ms
D/dalvikvm( 1815): GC_FOR_MALLOC freed 303K, 65% free 3663K/10439K, external 716K/1038K, paused 59ms
D/dalvikvm( 1815): GC_FOR_MALLOC freed 279K, 65% free 3738K/10439K, external 716K/1038K, paused 54ms
D/dalvikvm( 1815): GC_CONCURRENT freed 285K, 63% free 3881K/10439K, external 716K/1038K, paused 5ms+7ms
D/dalvikvm( 1815): GC_CONCURRENT freed 160K, 60% free 4242K/10439K, external 716K/1038K, paused 5ms+19ms
D/dalvikvm( 1815): GC_CONCURRENT freed 245K, 56% free 4607K/10439K, external 716K/1038K, paused 6ms+10ms
E/keystore( 1838): chdir: /data/misc/keystore: No such file or directory
D/dalvikvm( 1815): GC_FOR_MALLOC freed 265K, 53% free 4915K/10439K, external 716K/1038K, paused 72ms
D/dalvikvm( 1815): GC_CONCURRENT freed 234K, 48% free 5460K/10439K, external 716K/1038K, paused 6ms+10ms
W/PackageManager( 1815): System package com.google.android.apps.maps has changed from uid: 1000 to 10018; old data erased
I/PackageManager( 1815): /system/app/Fallback.apk changed; collecting certs
I/PackageManager( 1815): /system/app/Mms.apk changed; collecting certs
D/dalvikvm( 1815): GC_CONCURRENT freed 721K, 46% free 5654K/10439K, external 716K/1038K, paused 5ms+68ms
W/PackageManager( 1815): System package com.android.mms has changed from uid: 1000 to 10016; old data erased
I/PackageManager( 1815): /system/app/Settings.apk changed; collecting certs
D/dalvikvm( 1815): GC_CONCURRENT freed 2895K, 65% free 3708K/10439K, external 716K/1038K, paused 5ms+23ms
D/dalvikvm( 1815): GC_CONCURRENT freed 584K, 66% free 3636K/10439K, external 716K/1038K, paused 6ms+11ms
I/PackageManager( 1815): /system/app/VpnServices.apk changed; collecting certs
I/PackageManager( 1815): /system/app/SystemUI.apk changed; collecting certs
D/dalvikvm( 1815): GC_CONCURRENT freed 375K, 64% free 3772K/10439K, external 716K/1038K, paused 5ms+22ms
D/dalvikvm( 1815): GC_CONCURRENT freed 845K, 68% free 3430K/10439K, external 716K/1038K, paused 6ms+19ms
E/keystore( 1839): chdir: /data/misc/keystore: No such file or directory
I/PackageManager( 1815): /system/app/LatinIME.apk changed; collecting certs
D/dalvikvm( 1815): GC_CONCURRENT freed 260K, 65% free 3661K/10439K, external 716K/1038K, paused 6ms+15ms
D/dalvikvm( 1815): GC_CONCURRENT freed 622K, 66% free 3550K/10439K, external 716K/1038K, paused 6ms+9ms
W/PackageManager( 1815): System package com.android.inputmethod.latin has changed from uid: 1000 to 10021; old data erased
I/PackageManager( 1815): /system/app/Browser.apk changed; collecting certs
D/dalvikvm( 1815): GC_CONCURRENT freed 277K, 64% free 3785K/10439K, external 716K/1038K, paused 6ms+21ms
I/PackageManager( 1815): /system/app/Gallery.apk changed; collecting certs
D/dalvikvm( 1815): GC_CONCURRENT freed 762K, 67% free 3535K/10439K, external 716K/1038K, paused 5ms+15ms
I/PackageManager( 1815): /system/app/AccountAndSyncSettings.apk changed; collecting certs
D/dalvikvm( 1815): GC_CONCURRENT freed 519K, 67% free 3500K/10439K, external 716K/1038K, paused 5ms+17ms
I/PackageManager( 1815): /system/app/Phone.apk changed; collecting certs
D/dalvikvm( 1815): GC_CONCURRENT freed 424K, 66% free 3572K/10439K, external 716K/1038K, paused 6ms+8ms
D/dalvikvm( 1815): GC_CONCURRENT freed 329K, 65% free 3755K/10439K, external 716K/1038K, paused 5ms+8ms
W/PackageManager( 1815): System package com.android.phone has changed from uid: 1000 to 1001; old data erased
I/PackageManager( 1815): /system/app/Development.apk changed; collecting certs
I/PackageManager( 1815): /system/app/TelephonyProvider.apk changed; collecting certs
D/dalvikvm( 1815): GC_CONCURRENT freed 325K, 63% free 3929K/10439K, external 716K/1038K, paused 5ms+33ms
W/PackageManager( 1815): System package com.android.providers.telephony has changed from uid: 1000 to 1001; old data erased
I/PackageManager( 1815): /system/app/PinyinIME.apk changed; collecting certs
I/PackageManager( 1815): /system/app/OpenWnn.apk changed; collecting certs
D/dalvikvm( 1815): GC_CONCURRENT freed 891K, 66% free 3570K/10439K, external 716K/1038K, paused 5ms+12ms
D/dalvikvm( 1815): GC_CONCURRENT freed 395K, 65% free 3686K/10439K, external 716K/1038K, paused 6ms+12ms
D/dalvikvm( 1815): GC_CONCURRENT freed 372K, 64% free 3826K/10439K, external 716K/1038K, paused 6ms+11ms
I/PackageManager( 1815): /system/app/DeskClock.apk changed; collecting certs
D/dalvikvm( 1815): GC_CONCURRENT freed 340K, 62% free 3997K/10439K, external 716K/1038K, paused 6ms+23ms
W/PackageManager( 1815): System package com.android.deskclock has changed from uid: 1000 to 10026; old data erased
I/PackageManager( 1815): /system/app/Term.apk changed; collecting certs
I/PackageManager( 1815): /system/app/CertInstaller.apk changed; collecting certs
I/PackageManager( 1815): /system/app/NetworkLocation.apk changed; collecting certs
I/PackageManager( 1815): /system/app/Music.apk changed; collecting certs
E/keystore( 1840): chdir: /data/misc/keystore: No such file or directory
D/dalvikvm( 1815): GC_CONCURRENT freed 888K, 65% free 3659K/10439K, external 716K/1038K, paused 5ms+17ms
D/dalvikvm( 1815): GC_CONCURRENT freed 574K, 66% free 3596K/10439K, external 716K/1038K, paused 5ms+11ms
I/PackageManager( 1815): /system/app/Launcher2.apk changed; collecting certs
D/dalvikvm( 1815): GC_CONCURRENT freed 311K, 64% free 3790K/10439K, external 716K/1038K, paused 5ms+15ms
D/dalvikvm( 1815): GC_CONCURRENT freed 566K, 65% free 3735K/10439K, external 716K/1038K, paused 5ms+12ms
W/PackageManager( 1815): System package com.android.launcher has changed from uid: 1000 to 10020; old data erased
I/PackageManager( 1815): /system/app/Contacts.apk changed; collecting certs
D/dalvikvm( 1815): GC_CONCURRENT freed 258K, 63% free 3961K/10439K, external 716K/1038K, paused 5ms+16ms
D/dalvikvm( 1815): GC_CONCURRENT freed 645K, 64% free 3856K/10439K, external 716K/1038K, paused 5ms+19ms
I/PackageManager( 1815): /system/app/Email.apk changed; collecting certs
D/dalvikvm( 1815): GC_CONCURRENT freed 343K, 62% free 4020K/10439K, external 716K/1038K, paused 5ms+33ms
D/dalvikvm( 1815): GC_CONCURRENT freed 833K, 65% free 3741K/10439K, external 716K/1038K, paused 6ms+20ms
W/PackageManager( 1815): System package com.android.email has changed from uid: 1000 to 10024; old data erased
I/PackageManager( 1815): /system/app/LiveWallpapersPicker.apk changed; collecting certs
I/PackageManager( 1815): /system/app/DownloadProviderUi.apk changed; collecting certs
I/PackageManager( 1815): /system/app/DrmProvider.apk changed; collecting certs
I/PackageManager( 1815): /system/app/SpeechRecorder.apk changed; collecting certs
D/dalvikvm( 1815): GC_CONCURRENT freed 410K, 64% free 3842K/10439K, external 716K/1038K, paused 5ms+20ms
I/PackageManager( 1815): /system/app/Calculator.apk changed; collecting certs
I/PackageManager( 1815): /system/app/ApplicationsProvider.apk changed; collecting certs
I/PackageManager( 1815): /system/app/Street.apk changed; collecting certs
D/dalvikvm( 1815): GC_CONCURRENT freed 778K, 66% free 3575K/10439K, external 716K/1038K, paused 6ms+13ms
I/PackageManager( 1815): /system/app/SettingsProvider.apk changed; collecting certs
I/PackageManager( 1815): /system/app/PackageInstaller.apk changed; collecting certs
I/PackageManager( 1815): /system/app/UserDictionaryProvider.apk changed; collecting certs
W/PackageManager( 1815): System package com.android.providers.userdictionary has changed from uid: 1000 to 10000; old data erased
D/dalvikvm( 1815): GC_CONCURRENT freed 440K, 66% free 3564K/10439K, external 716K/1038K, paused 5ms+12ms
I/PackageManager( 1815): /system/app/GoogleServicesFramework.apk changed; collecting certs
W/PackageManager( 1815): System package com.google.android.gsf has changed from uid: 1000 to 10013; old data erased
I/PackageManager( 1815): /system/app/QuickSearchBox.apk changed; collecting certs
D/dalvikvm( 1815): GC_CONCURRENT freed 372K, 65% free 3701K/10439K, external 716K/1038K, paused 5ms+21ms
I/PackageManager( 1815): /system/app/Camera.apk changed; collecting certs
E/keystore( 1841): chdir: /data/misc/keystore: No such file or directory
D/dalvikvm( 1815): GC_CONCURRENT freed 318K, 63% free 3892K/10439K, external 716K/1038K, paused 5ms+14ms
I/PackageManager( 1815): /system/app/DownloadProvider.apk changed; collecting certs
D/dalvikvm( 1815): GC_CONCURRENT freed 430K, 62% free 3985K/10439K, external 716K/1038K, paused 5ms+15ms
W/PackageManager( 1815): System package com.android.providers.downloads has changed from uid: 1000 to 10017; old data erased
I/PackageManager( 1815): /system/app/ContactsProvider.apk changed; collecting certs
W/PackageManager( 1815): System package com.android.providers.contacts has changed from uid: 1000 to 10000; old data erased
I/PackageManager( 1815): /system/app/SpareParts.apk changed; collecting certs
I/PackageManager( 1815): /system/app/PicoTts.apk changed; collecting certs
D/PackageManager( 1815): No files in app dir /vendor/app
D/PackageManager( 1815): No files in app dir /data/app
D/PackageManager( 1815): No files in app dir /data/app-private
I/PackageManager( 1815): Time to scan packages: 22.533 seconds
W/PackageManager( 1815): Unknown permission android.permission.ADD_SYSTEM_SERVICE in package com.android.phone
W/PackageManager( 1815): Not granting permission android.permission.SEND_DOWNLOAD_COMPLETED_INTENTS to package com.android.browser (protectionLevel=2 flags=0x9be45)
W/PackageManager( 1815): Unknown permission com.google.android.gm.permission.WRITE_GMAIL in package com.android.settings
W/PackageManager( 1815): Unknown permission com.google.android.gm.permission.READ_GMAIL in package com.android.settings
W/PackageManager( 1815): Unknown permission android.permission.READ_OWNER_DATA in package com.android.email
W/PackageManager( 1815): Unknown permission com.android.providers.im.permission.READ_ONLY in package com.google.android.apps.maps
W/PackageManager( 1815): Not granting permission android.permission.DEVICE_POWER to package com.android.deskclock (protectionLevel=2 flags=0x8be45)
D/dalvikvm( 1815): GC_CONCURRENT freed 655K, 63% free 3863K/10439K, external 716K/1038K, paused 6ms+18ms
D/dalvikvm( 1815): GC_EXPLICIT freed 448K, 67% free 3529K/10439K, external 716K/1038K, paused 119ms
I/SystemServer( 1815): Account Manager
I/SystemServer( 1815): Content Manager
I/SystemServer( 1815): System Content Providers
I/ActivityThread( 1815): Pub settings: com.android.providers.settings.SettingsProvider
I/SystemServer( 1815): Battery Service
I/SystemServer( 1815): Lights Service
D/SettingsProvider( 1815): cache for settings table 'secure' rows=33; fullycached=true
I/SystemServer( 1815): Vibrator Service
D/SettingsProvider( 1815): cache for settings table 'system' rows=46; fullycached=true
I/SystemServer( 1815): Alarm Manager
I/SystemServer( 1815): Init Watchdog
I/SystemServer( 1815): Window Manager
I/InputManager( 1815): Initializing input manager
I/InputManager( 1815): Starting input manager
I/SystemServer( 1815): Bluetooth Service
I/EventHub( 1815): New device: path=/dev/input/event1 name=S3C TouchScreen id=0x20000 (of 0x1) index=1 fd=85 classes=0x4
E/EventHub( 1815): could not get driver version for /dev/input/mouse0, Not a typewriter
I/BluetoothProfileState( 1815): Message:Entering Stable State
I/BluetoothProfileState( 1815): Message:Entering Stable State
I/SystemServer( 1815): Device Policy
I/EventHub( 1815): New keyboard: device->id=0x10001 devname='s3c-keypad-rev0000' propName='hw.keyboards.65537.devname' keylayout='/system/usr/keylayout/qwerty.kl'
I/EventHub( 1815): New device: path=/dev/input/event0 name=s3c-keypad-rev0000 id=0x10001 (of 0x2) index=2 fd=87 classes=0x3
E/EventHub( 1815): could not get driver version for /dev/input/mice, Not a typewriter
I/InputManager-Callbacks( 1815): No input device calibration properties found for device s3c-keypad-rev0000.
I/InputReader( 1815): Device added: id=0x0, name=s3c-keypad-rev0000, sources=00000101
I/InputManager-Callbacks( 1815): No input device calibration properties found for device S3C TouchScreen.
I/InputReader( 1815): Device added: id=0x20000, name=S3C TouchScreen, sources=00001002
I/SystemServer( 1815): Status Bar
I/SystemServer( 1815): Clipboard Service
I/SystemServer( 1815): Input Method Service
I/InputManagerService( 1815): Enabled input methods: com.android.inputmethod.pinyin/.PinyinIME:jp.co.omronsoft.openwnn/.OpenWnnJAJP:com.android.inputmethod.latin/.LatinIME
I/SystemServer( 1815): NetStat Service
I/SystemServer( 1815): NetworkManagement Service
I/SystemServer( 1815): Connectivity Service
I/WifiService( 1815): WifiService starting up with Wi-Fi disabled
D/NetworkManagmentService( 1815): Registering observer
I/SystemServer( 1815): Throttle Service
I/SystemServer( 1815): Accessibility Manager
I/SystemServer( 1815): Mount Service
I/SystemServer( 1815): Notification Manager
I/SystemServer( 1815): Device Storage Monitor
D/VoldCmdListener( 1759): volume list
I/SystemServer( 1815): Location Manager
W/MountService( 1815): Duplicate state transition (removed -> removed)
D/VoldCmdListener( 1759): share status ums
I/SystemServer( 1815): Search Service
I/SystemServer( 1815): DropBox Service
I/SystemServer( 1815): Wallpaper Service
I/SystemServer( 1815): Audio Service
D/AudioHardwareInterface( 1764): setMode(NORMAL)
W/AudioPolicyManagerBase( 1764): setPhoneState() setting same state 0
D/dalvikvm( 1815): GC_CONCURRENT freed 186K, 64% free 3843K/10439K, external 716K/1038K, paused 6ms+13ms
E/SoundPool( 1815): error loading /system/media/audio/ui/Effect_Tick.ogg
W/AudioService( 1815): Soundpool could not load file: /system/media/audio/ui/Effect_Tick.ogg
E/SoundPool( 1815): error loading /system/media/audio/ui/KeypressStandard.ogg
W/AudioService( 1815): Soundpool could not load file: /system/media/audio/ui/KeypressStandard.ogg
E/SoundPool( 1815): error loading /system/media/audio/ui/KeypressSpacebar.ogg
W/AudioService( 1815): Soundpool could not load file: /system/media/audio/ui/KeypressSpacebar.ogg
E/SoundPool( 1815): error loading /system/media/audio/ui/KeypressDelete.ogg
W/AudioService( 1815): Soundpool could not load file: /system/media/audio/ui/KeypressDelete.ogg
E/SoundPool( 1815): error loading /system/media/audio/ui/KeypressReturn.ogg
W/AudioService( 1815): Soundpool could not load file: /system/media/audio/ui/KeypressReturn.ogg
I/SystemServer( 1815): Headset Observer
W/HeadsetObserver( 1815): This kernel does not have wired headset support
I/SystemServer( 1815): Dock Observer
W/DockObserver( 1815): This kernel does not have dock station support
I/SystemServer( 1815): USB Observer
W/UsbObserver( 1815): This kernel does not have USB configuration switch support
E/UsbObserver( 1815): 
E/UsbObserver( 1815): java.lang.NullPointerException
E/UsbObserver( 1815): 	at com.android.server.UsbObserver.init(UsbObserver.java:131)
E/UsbObserver( 1815): 	at com.android.server.UsbObserver.<init>(UsbObserver.java:65)
E/UsbObserver( 1815): 	at com.android.server.ServerThread.run(SystemServer.java:402)
I/SystemServer( 1815): UI Mode Manager Service
I/SystemServer( 1815): Backup Service
V/BackupManagerService( 1815): No ancestral data
I/BackupManagerService( 1815): Found stale backup journal, scheduling
I/BackupManagerService( 1815):   com.android.inputmethod.latin
I/BackupManagerService( 1815):   com.android.browser
I/BackupManagerService( 1815):   com.android.providers.userdictionary
I/BackupManagerService( 1815):   android
I/BackupManagerService( 1815):   com.android.providers.settings
I/BackupManagerService( 1815): Backup enabled => true
I/SystemServer( 1815): AppWidget Service
I/SystemServer( 1815): Recognition Service
I/SystemServer( 1815): DiskStats Service
I/WindowManager( 1815): SAFE MODE not enabled
D/dalvikvm( 1815): JIT started for system_server
I/power   ( 1815): *** set_screen_state 1
D/PowerManagerService( 1815): system ready!
I/ActivityManager( 1815): System now ready
I/SystemServer( 1815): Making services ready
I/StatusBarManagerService( 1815): Starting service: ComponentInfo{com.android.systemui/com.android.systemui.statusbar.StatusBarService}
I/Zygote  ( 1815): Process: zygote socket opened
I/ActivityManager( 1815): Start proc com.android.systemui for service com.android.systemui/.statusbar.StatusBarService: pid=1870 uid=1000 gids={3002, 3001, 3003}
I/ActivityManager( 1815): Config changed: { scale=1.0 imsi=0/0 loc=en_US touch=3 keys=2/1/2 nav=1/1 orien=1 layout=268435491 uiMode=0 seq=2}
I/ActivityManager( 1815): Config changed: { scale=1.0 imsi=0/0 loc=en_US touch=3 keys=2/1/2 nav=1/1 orien=1 layout=268435491 uiMode=17 seq=3}
W/RecognitionManagerService( 1815): no available voice recognition services found
I/ActivityManager( 1815): Start proc com.android.inputmethod.latin for service com.android.inputmethod.latin/.LatinIME: pid=1879 uid=10021 gids={}
D/NetworkManagmentService( 1815): Registering observer
E/ThrottleService( 1815): Could not open GPS configuration file /etc/gps.conf
I/ActivityManager( 1815): Start proc com.android.phone for added application com.android.phone: pid=1887 uid=1001 gids={3002, 3001, 3003, 1015}
I/ActivityManager( 1815): Starting: Intent { act=android.intent.action.MAIN cat=[android.intent.category.HOME] flg=0x10000000 cmp=com.android.launcher/com.android.launcher2.Launcher } from pid 0
I/ActivityManager( 1815): Start proc com.android.launcher for activity com.android.launcher/com.android.launcher2.Launcher: pid=1891 uid=10020 gids={}
I/SystemServer( 1815): Enabled StrictMode for system server main thread.
W/ActivityManager( 1815): Unable to start service Intent { act=@0 }: not found
E/logwrapper( 1898): executing /system/bin/tc failed: No such file or directory
I/logwrapper( 1760): /system/bin/tc terminated by exit(1)
E/logwrapper( 1899): executing /system/bin/tc failed: No such file or directory
I/logwrapper( 1760): /system/bin/tc terminated by exit(1)
E/logwrapper( 1903): executing /system/bin/tc failed: No such file or directory
I/logwrapper( 1760): /system/bin/tc terminated by exit(1)
D/dalvikvm( 1815): GC_EXTERNAL_ALLOC freed 190K, 63% free 3962K/10439K, external 1035K/1038K, paused 340ms
W/ActivityManager( 1815): Unable to start service Intent { act=@0 }: not found
D/dalvikvm( 1870): GC_CONCURRENT freed 398K, 54% free 2644K/5639K, external 716K/1038K, paused 5ms+32ms
D/dalvikvm( 1879): GC_CONCURRENT freed 396K, 54% free 2647K/5639K, external 716K/1038K, paused 5ms+69ms
D/dalvikvm( 1887): GC_CONCURRENT freed 404K, 54% free 2638K/5639K, external 716K/1038K, paused 5ms+56ms
D/dalvikvm( 1891): GC_CONCURRENT freed 404K, 54% free 2638K/5639K, external 716K/1038K, paused 5ms+23ms
I/ActivityThread( 1891): Pub com.android.launcher2.settings: com.android.launcher2.LauncherProvider
D/dalvikvm( 1815): GREF has increased to 201
I/StatusBarManagerService( 1815): registerStatusBar bar=com.android.internal.statusbar.IStatusBar$Stub$Proxy@4054d900
I/ActivityThread( 1887): Pub mms: com.android.providers.telephony.MmsProvider
D/VoldCmdListener( 1759): share status ums
D/StorageNotification( 1870): Startup with UMS connection false (media state removed)
I/ActivityThread( 1887): Pub sms: com.android.providers.telephony.SmsProvider
I/StorageNotification( 1870): UMS connection changed to false (media state removed)
I/ActivityThread( 1887): Pub telephony: com.android.providers.telephony.TelephonyProvider
I/ActivityThread( 1887): Pub icc: com.android.phone.IccProvider
I/ActivityThread( 1887): Pub mms-sms: com.android.providers.telephony.MmsSmsProvider
D/dalvikvm( 1815): GC_CONCURRENT freed 210K, 62% free 4047K/10439K, external 1564K/1567K, paused 7ms+34ms
D/dalvikvm( 1815): GC_EXTERNAL_ALLOC freed 10K, 62% free 4047K/10439K, external 1265K/1567K, paused 128ms
D/CallManager( 1887): registerPhone(GSM Handler{4055e718})
I/ActivityManager( 1815): Start proc android.process.acore for content provider com.android.providers.contacts/.CallLogProvider: pid=1922 uid=10000 gids={3003, 1015}
E/keystore( 1913): chdir: /data/misc/keystore: No such file or directory
D/dalvikvm( 1815): GC_EXTERNAL_ALLOC freed 82K, 62% free 4062K/10439K, external 1471K/1567K, paused 283ms
W/ActivityManager( 1815): Unable to start service Intent { act=com.android.ussd.IExtendedNetworkService }: not found
I/TelephonyRegistry( 1815): notifyServiceState: 1 home null null null  Unknown CSS not supported -1 -1RoamInd: -1DefRoamInd: -1EmergOnly: false
D/dalvikvm( 1891): GC_EXTERNAL_ALLOC freed 52K, 53% free 2699K/5639K, external 1032K/1038K, paused 799ms
I/ActivityThread( 1922): Pub com.android.social: com.android.providers.contacts.SocialProvider
I/ActivityThread( 1922): Pub applications: com.android.providers.applications.ApplicationsProvider
D/dalvikvm( 1815): GC_EXTERNAL_ALLOC freed 31K, 61% free 4083K/10439K, external 2467K/3081K, paused 407ms
I/TelephonyRegistry( 1815): notifyDataConnection: state=0 isDataConnectivityPossible=false reason=radioTurnedOff interfaceName=null networkType=0
I/TelephonyRegistry( 1815): notifyDataConnection: state=0 isDataConnectivityPossible=false reason=gprsDetached interfaceName=null networkType=0
D/dalvikvm( 1879): GC_EXTERNAL_ALLOC freed 76K, 52% free 2744K/5639K, external 1020K/1038K, paused 601ms
D/BT HSHFP( 1887): Starting BluetoothHeadsetService
D/dalvikvm( 1887): GC_CONCURRENT freed 151K, 50% free 2897K/5703K, external 716K/1038K, paused 5ms+71ms
D/dalvikvm( 1922): GC_CONCURRENT freed 404K, 54% free 2611K/5639K, external 716K/1038K, paused 5ms+70ms
I/ActivityThread( 1922): Pub contacts;com.android.contacts: com.android.providers.contacts.ContactsProvider2
I/ContactsDatabaseHelper( 1922): Bootstrapping database
E/keystore( 1944): chdir: /data/misc/keystore: No such file or directory
D/OtaStartupReceiver( 1887): Not a CDMA phone, no need to process OTA
I/SurfaceFlinger( 1815): Boot is finished (34962 ms)
D/PowerManagerService( 1815): bootCompleted
I/ARMAssembler( 1815): generated scanline__00000177:03010104_00000002_00000000 [ 44 ipp] (66 ins) at [0x43d2b290:0x43d2b398] in 244173 ns
I/ARMAssembler( 1815): generated scanline__00000177:03515104_00000001_00000000 [ 73 ipp] (95 ins) at [0x43d2b3a0:0x43d2b51c] in 403565 ns
I/SearchManagerService( 1815): Building list of searchable activities
I/ActivityManager( 1815): Start proc android.process.media for broadcast com.android.providers.media/.MediaScannerReceiver: pid=1948 uid=10017 gids={1015, 1006, 2001, 3003}
I/RecoverySystem( 1815): No recovery log file
I/ActivityThread( 1948): Pub media: com.android.providers.media.MediaProvider
V/MediaProvider( 1948): Attached volume: internal
I/ActivityThread( 1948): Pub downloads: com.android.providers.downloads.DownloadProvider
D/dalvikvm( 1948): GC_CONCURRENT freed 416K, 54% free 2626K/5639K, external 716K/1038K, paused 5ms+30ms
I/ActivityThread( 1948): Pub drm: com.android.providers.drm.DrmProvider
I/ActivityManager( 1815): Start proc com.google.android.apps.maps:FriendService for broadcast com.google.android.apps.maps/com.google.googlenav.friend.android.ServiceReceiver: pid=1959 uid=10018 gids={3003, 1015}
D/MediaScannerService( 1948): start scanning volume internal
D/dalvikvm( 1815): GC_CONCURRENT freed 480K, 60% free 4246K/10439K, external 2767K/3967K, paused 8ms+10ms
D/dalvikvm( 1922): GC_CONCURRENT freed 265K, 51% free 2798K/5703K, external 716K/1038K, paused 6ms+15ms
D/dalvikvm( 1959): GC_CONCURRENT freed 407K, 54% free 2635K/5639K, external 716K/1038K, paused 5ms+32ms
I/ContactsProviderV1( 1922): Bootstrapping database legacy support
D/dalvikvm( 1959): GC_CONCURRENT freed 110K, 48% free 3049K/5767K, external 716K/1038K, paused 4ms+8ms
I/ActivityManager( 1815): Start proc com.google.process.gapps for content provider com.google.android.gsf/.settings.GoogleSettingsProvider: pid=1970 uid=10013 gids={3003, 1015, 2001, 1007}
E/keystore( 1969): chdir: /data/misc/keystore: No such file or directory
I/InputReader( 1815): Device reconfigured: id=0x20000, name=S3C TouchScreen, display size is now 480x800
I/InputManager-Callbacks( 1815): No virtual keys found for device S3C TouchScreen.
W/Resources( 1891): Converting to int: TypedValue{t=0x3/d=0x10 "4" a=-1}
W/Resources( 1891): Converting to int: TypedValue{t=0x3/d=0xe "1" a=-1}
W/Resources( 1891): Converting to int: TypedValue{t=0x3/d=0x10 "4" a=-1}
W/Resources( 1891): Converting to int: TypedValue{t=0x3/d=0xe "1" a=-1}
I/ActivityThread( 1970): Pub com.google.settings: com.google.android.gsf.settings.GoogleSettingsProvider
I/ActivityThread( 1970): Pub com.google.android.gsf.gservices: com.google.android.gsf.gservices.GservicesProvider
I/GservicesProvider( 1970): Gservices pushing to system: true; secure: true
I/ActivityThread( 1970): Pub subscribedfeeds: com.google.android.gsf.subscribedfeeds.SubscribedFeedsProvider
I/ARMAssembler( 1815): generated scanline__00000177:03515104_00001001_00000000 [ 91 ipp] (114 ins) at [0x43d2b520:0x43d2b6e8] in 317883 ns
D/dalvikvm( 1970): GC_CONCURRENT freed 336K, 54% free 2615K/5575K, external 716K/1038K, paused 5ms+49ms
I/ActivityManager( 1815): Displayed com.android.launcher/com.android.launcher2.Launcher: +16s905ms
E/keystore( 1979): chdir: /data/misc/keystore: No such file or directory
I/ActivityThread( 1970): Pub com.google.android.providers.talk: com.google.android.gsf.talk.TalkProvider
I/DownloadManager( 1948): Upgrading downloads database from version 0 to version 106, which will destroy all old data
I/MediaProvider( 1948): Upgrading media database from version 63 to 93, which will destroy all old data
D/dalvikvm( 1891): GC_EXTERNAL_ALLOC freed 127K, 52% free 2740K/5639K, external 1561K/1572K, paused 177ms
I/ActivityManager( 1815): Start proc com.android.mms for broadcast com.android.mms/.transaction.MmsSystemEventReceiver: pid=1984 uid=10016 gids={3003, 1015}
D/dalvikvm( 1763): GC_EXPLICIT freed 11K, 53% free 2536K/5379K, external 716K/1038K, paused 248ms
D/dalvikvm( 1959): GC_CONCURRENT freed 381K, 49% free 3172K/6215K, external 716K/1038K, paused 5ms+5ms
D/dalvikvm( 1763): GC_EXPLICIT freed <1K, 53% free 2536K/5379K, external 716K/1038K, paused 81ms
D/dalvikvm( 1763): GC_EXPLICIT freed <1K, 53% free 2536K/5379K, external 716K/1038K, paused 124ms
D/dalvikvm( 1984): GC_CONCURRENT freed 409K, 54% free 2633K/5639K, external 716K/1038K, paused 5ms+15ms
D/dalvikvm( 1815): GREF has increased to 301
I/ActivityThread( 1984): Pub com.android.mms.SuggestionsProvider: com.android.mms.SuggestionsProvider
V/ContactsProvider( 1922): Importing legacy contacts
I/ActivityThread( 1922): Pub call_log: com.android.providers.contacts.CallLogProvider
I/ActivityThread( 1922): Pub user_dictionary: com.android.providers.userdictionary.UserDictionaryProvider
I/ContactsDatabaseHelper( 1922): Switching to locale en_US
D/dalvikvm( 1922): GC_CONCURRENT freed 412K, 52% free 2839K/5895K, external 716K/1038K, paused 5ms+6ms
D/dalvikvm( 1891): GC_EXTERNAL_ALLOC freed 80K, 50% free 2850K/5639K, external 1934K/2091K, paused 81ms
E/keystore( 2006): chdir: /data/misc/keystore: No such file or directory
D/dalvikvm( 1891): GC_EXTERNAL_ALLOC freed 22K, 50% free 2845K/5639K, external 2568K/2571K, paused 89ms
I/ContactsDatabaseHelper( 1922): Locale change completed in 5505ms
I/LegacyContactImporter( 1922): Legacy contacts database does not exist at /data/data/com.android.providers.contacts/databases/contacts.db
V/ContactsProvider( 1922): Completed import of legacy contacts
D/dalvikvm( 1815): GC_CONCURRENT freed 1091K, 61% free 4156K/10439K, external 2767K/3967K, paused 9ms+31ms
E/MetadataRetrieverClient( 1764): failed to extract an album art
E/keystore( 2008): chdir: /data/misc/keystore: No such file or directory
D/dalvikvm( 1891): GC_EXPLICIT freed 38K, 50% free 2827K/5639K, external 2665K/3151K, paused 80ms
W/ActivityManager( 1815): Timeout of broadcast BroadcastRecord{4095f150 android.intent.action.BOOT_COMPLETED} - receiver=android.os.BinderProxy@40993910, started 10001ms ago
W/ActivityManager( 1815): Receiver during timeout: ResolveInfo{40552e48 com.android.mms.transaction.MmsSystemEventReceiver p=0 o=0 m=0x108000}
I/Process ( 1815): Sending signal. PID: 1984 SIG: 3
I/dalvikvm( 1984): threadid=4: reacting to signal 3
I/dalvikvm( 1984): Wrote stack traces to '/data/anr/traces.txt'
I/Process ( 1815): Sending signal. PID: 1815 SIG: 3
I/dalvikvm( 1815): threadid=4: reacting to signal 3
D/dalvikvm( 1891): GC_EXTERNAL_ALLOC freed 14K, 50% free 2861K/5639K, external 2421K/3024K, paused 190ms
I/dalvikvm( 1815): Wrote stack traces to '/data/anr/traces.txt'
I/Process ( 1815): Sending signal. PID: 1887 SIG: 3
I/dalvikvm( 1887): threadid=4: reacting to signal 3
I/dalvikvm( 1887): Wrote stack traces to '/data/anr/traces.txt'
I/Process ( 1815): Sending signal. PID: 1870 SIG: 3
I/dalvikvm( 1870): threadid=4: reacting to signal 3
I/dalvikvm( 1870): Wrote stack traces to '/data/anr/traces.txt'
I/ActivityManager( 1815): Start proc com.android.deskclock for broadcast com.android.deskclock/.AlarmInitReceiver: pid=2011 uid=10026 gids={}
W/ActivityManager( 1815): finishReceiver called but none active
D/MediaScanner( 1948):  prescan time: 9204ms
D/MediaScanner( 1948):     scan time: 10336ms
D/MediaScanner( 1948): postscan time: 1ms
D/MediaScanner( 1948):    total time: 19541ms
D/dalvikvm( 1815): GC_EXPLICIT freed 317K, 60% free 4228K/10439K, external 2216K/2767K, paused 469ms
D/MediaScannerService( 1948): done scanning volume internal
D/dalvikvm( 1887): GREF has increased to 201
E/ActivityManager( 1815): act=android.intent.action.BOOT_COMPLETEDLoad: 4.35 / 1.23 / 0.42
E/ActivityManager( 1815): CPU usage from 13770ms to 0ms ago:
E/ActivityManager( 1815):   29% 1815/system_server: 28% user + 1.2% kernel / faults: 1305 minor
E/ActivityManager( 1815):   12% 1891/com.android.launcher: 11% user + 0.9% kernel / faults: 2892 minor 13 major
E/ActivityManager( 1815):   10% 1922/android.process.acore: 9.1% user + 1% kernel / faults: 453 minor
E/ActivityManager( 1815):   2.9% 1970/com.google.process.gapps: 2.5% user + 0.4% kernel / faults: 1277 minor 18 major
E/ActivityManager( 1815):   2.9% 1948/android.process.media: 2.5% user + 0.3% kernel / faults: 219 minor 1 major
E/ActivityManager( 1815):   2.2% 1959/com.google.android.apps.maps:FriendService: 2% user + 0.2% kernel / faults: 557 minor 5 major
E/ActivityManager( 1815):   1.7% 1887/com.android.phone: 1.5% user + 0.2% kernel / faults: 271 minor
E/ActivityManager( 1815):   1.4% 1763/zygote: 1.4% user + 0% kernel / faults: 120 minor
E/ActivityManager( 1815):   0.9% 938/mmcqd: 0% user + 0.9% kernel
E/ActivityManager( 1815):   0.2% 1764/mediaserver: 0.1% user + 0% kernel / faults: 67 minor 4 major
E/ActivityManager( 1815):   0% 1//init: 0% user + 0% kernel / faults: 12 minor
E/ActivityManager( 1815):   0.1% 970/kjournald: 0% user + 0.1% kernel
E/ActivityManager( 1815):   0.1% 1879/com.android.inputmethod.latin: 0.1% user + 0% kernel / faults: 16 minor
E/ActivityManager( 1815):   0% 1757/logcat: 0% user + 0% kernel
E/ActivityManager( 1815):  +0% 1984/com.android.mms: 0% user + 0% kernel
E/ActivityManager( 1815): 99% TOTAL: 62% user + 6.3% kernel + 30% iowait + 0% irq + 0% softirq
E/ActivityManager( 1815): CPU usage from 1879ms to 2699ms later:
E/ActivityManager( 1815):   41% 1815/system_server: 37% user + 3.8% kernel / faults: 3 minor
E/ActivityManager( 1815):     26% 1823/SurfaceFlinger: 26% user + 0% kernel
E/ActivityManager( 1815):     7.6% 1832/ActivityManager: 3.8% user + 3.8% kernel
E/ActivityManager( 1815):     1.2% 1815/system_server: 0% user + 1.2% kernel
E/ActivityManager( 1815):     1.2% 1821/Binder Thread #: 1.2% user + 0% kernel
E/ActivityManager( 1815):     1.2% 1978/Binder Thread #: 1.2% user + 0% kernel
E/ActivityManager( 1815):   5.8% 1887/com.android.phone: 5.8% user + 0% kernel / faults: 9 minor
E/ActivityManager( 1815):     1.4% 1901/Binder Thread #: 1.4% user + 0% kernel
E/ActivityManager( 1815):     1.4% 1938/Binder Thread #: 1.4% user + 0% kernel
E/ActivityManager( 1815):     1.4% 2004/Binder Thread #: 1.4% user + 0% kernel
E/ActivityManager( 1815):   1.5% 1984/com.android.mms: 1.5% user + 0% kernel / faults: 4 minor
E/ActivityManager( 1815):     1.5% 1984/com.android.mms: 1.5% user + 0% kernel
