E/keystore( 2091): chdir: /data/misc/keystore: No such file or directory
D/dalvikvm( 2082): GC_EXPLICIT freed 1399K, 55% free 2310K/5123K, external 0K/0K, paused 139ms
E/keystore( 2092): chdir: /data/misc/keystore: No such file or directory
D/dalvikvm( 2082): GC_EXPLICIT freed 127K, 54% free 2371K/5123K, external 0K/0K, paused 119ms
D/dalvikvm( 2082): GC_EXPLICIT freed 73K, 54% free 2396K/5123K, external 0K/0K, paused 120ms
D/dalvikvm( 2082): GC_EXPLICIT freed 37K, 53% free 2413K/5123K, external 0K/0K, paused 119ms
D/dalvikvm( 2082): GC_EXPLICIT freed 31K, 53% free 2437K/5123K, external 0K/0K, paused 120ms
D/dalvikvm( 2082): GC_EXPLICIT freed 38K, 52% free 2460K/5123K, external 0K/0K, paused 120ms
I/Zygote  ( 2082): ...preloaded 1830 classes in 20900ms.
D/dalvikvm( 2082): GC_EXPLICIT freed 17K, 53% free 2458K/5123K, external 0K/0K, paused 120ms
I/Zygote  ( 2082): Preloading resources...
D/dalvikvm( 2082): GC_EXTERNAL_ALLOC freed <1K, 52% free 2460K/5123K, external 0K/0K, paused 120ms
W/Zygote  ( 2082): Preloaded drawable resource #0x1080093 (res/drawable-mdpi/sym_def_app_icon.png) that varies with configuration!!
W/Zygote  ( 2082): Preloaded drawable resource #0x1080002 (res/drawable-mdpi/arrow_down_float.png) that varies with configuration!!
W/Zygote  ( 2082): Preloaded drawable resource #0x10800b4 (res/drawable/btn_check.xml) that varies with configuration!!
W/Zygote  ( 2082): Preloaded drawable resource #0x10800b7 (res/drawable-mdpi/btn_check_label_background.9.png) that varies with configuration!!
W/Zygote  ( 2082): Preloaded drawable resource #0x10800b8 (res/drawable-mdpi/btn_check_off.png) that varies with configuration!!
W/Zygote  ( 2082): Preloaded drawable resource #0x10800bd (res/drawable-mdpi/btn_check_on.png) that varies with configuration!!
W/Zygote  ( 2082): Preloaded drawable resource #0x1080004 (res/drawable/btn_default.xml) that varies with configuration!!
W/Zygote  ( 2082): Preloaded drawable resource #0x1080005 (res/drawable/btn_default_small.xml) that varies with configuration!!
W/Zygote  ( 2082): Preloaded drawable resource #0x1080006 (res/drawable/btn_dropdown.xml) that varies with configuration!!
W/Zygote  ( 2082): Preloaded drawable resource #0x1080008 (res/drawable/btn_plus.xml) that varies with configuration!!
W/Zygote  ( 2082): Preloaded drawable resource #0x1080007 (res/drawable/btn_minus.xml) that varies with configuration!!
E/keystore( 2093): chdir: /data/misc/keystore: No such file or directory
W/Zygote  ( 2082): Preloaded drawable resource #0x1080009 (res/drawable/btn_radio.xml) that varies with configuration!!
W/Zygote  ( 2082): Preloaded drawable resource #0x108000a (res/drawable/btn_star.xml) that varies with configuration!!
D/dalvikvm( 2082): GC_EXPLICIT freed 25K, 52% free 2497K/5123K, external 408K/521K, paused 124ms
W/Zygote  ( 2082): Preloaded drawable resource #0x1080132 (res/drawable/btn_toggle.xml) that varies with configuration!!
W/Zygote  ( 2082): Preloaded drawable resource #0x1080196 (res/drawable-mdpi/ic_emergency.png) that varies with configuration!!
W/Zygote  ( 2082): Preloaded drawable resource #0x1080012 (res/drawable-mdpi/divider_horizontal_bright.9.png) that varies with configuration!!
W/Zygote  ( 2082): Preloaded drawable resource #0x1080014 (res/drawable-mdpi/divider_horizontal_dark.9.png) that varies with configuration!!
W/Zygote  ( 2082): Preloaded drawable resource #0x1080016 (res/drawable/edit_text.xml) that varies with configuration!!
W/Zygote  ( 2082): Preloaded drawable resource #0x1080170 (res/drawable/expander_group.xml) that varies with configuration!!
W/Zygote  ( 2082): Preloaded drawable resource #0x1080062 (res/drawable/list_selector_background.xml) that varies with configuration!!
W/Zygote  ( 2082): Preloaded drawable resource #0x108022a (res/drawable-mdpi/menu_background.9.png) that varies with configuration!!
W/Zygote  ( 2082): Preloaded drawable resource #0x108022b (res/drawable-mdpi/menu_background_fill_parent_width.9.png) that varies with configuration!!
W/Zygote  ( 2082): Preloaded drawable resource #0x108022c (res/drawable/menu_selector.xml) that varies with configuration!!
D/dalvikvm( 2082): GC_EXTERNAL_ALLOC freed 16K, 51% free 2511K/5123K, external 516K/521K, paused 124ms
W/Zygote  ( 2082): Preloaded drawable resource #0x108023a (res/drawable-mdpi/panel_background.9.png) that varies with configuration!!
W/Zygote  ( 2082): Preloaded drawable resource #0x1080242 (res/drawable-mdpi/popup_bottom_bright.9.png) that varies with configuration!!
W/Zygote  ( 2082): Preloaded drawable resource #0x1080243 (res/drawable-mdpi/popup_bottom_dark.9.png) that varies with configuration!!
W/Zygote  ( 2082): Preloaded drawable resource #0x1080244 (res/drawable-mdpi/popup_bottom_medium.9.png) that varies with configuration!!
W/Zygote  ( 2082): Preloaded drawable resource #0x1080245 (res/drawable-mdpi/popup_center_bright.9.png) that varies with configuration!!
W/Zygote  ( 2082): Preloaded drawable resource #0x1080246 (res/drawable-mdpi/popup_center_dark.9.png) that varies with configuration!!
W/Zygote  ( 2082): Preloaded drawable resource #0x1080249 (res/drawable-mdpi/popup_full_dark.9.png) that varies with configuration!!
W/Zygote  ( 2082): Preloaded drawable resource #0x108024c (res/drawable-mdpi/popup_top_bright.9.png) that varies with configuration!!
W/Zygote  ( 2082): Preloaded drawable resource #0x108024d (res/drawable-mdpi/popup_top_dark.9.png) that varies with configuration!!
W/Zygote  ( 2082): Preloaded drawable resource #0x108006d (res/drawable/progress_indeterminate_horizontal.xml) that varies with configuration!!
W/Zygote  ( 2082): Preloaded drawable resource #0x1080253 (res/drawable/progress_small.xml) that varies with configuration!!
W/Zygote  ( 2082): Preloaded drawable resource #0x1080254 (res/drawable/progress_small_titlebar.xml) that varies with configuration!!
W/Zygote  ( 2082): Preloaded drawable resource #0x1080274 (res/drawable-mdpi/scrollbar_handle_horizontal.9.png) that varies with configuration!!
W/Zygote  ( 2082): Preloaded drawable resource #0x1080275 (res/drawable-mdpi/scrollbar_handle_vertical.9.png) that varies with configuration!!
D/dalvikvm( 2082): GC_EXPLICIT freed 15K, 51% free 2522K/5123K, external 585K/1038K, paused 126ms
W/Zygote  ( 2082): Preloaded drawable resource #0x1080071 (res/drawable/spinner_dropdown_background.xml) that varies with configuration!!
W/Zygote  ( 2082): Preloaded drawable resource #0x1080312 (res/drawable-mdpi/text_select_handle_left.png) that varies with configuration!!
W/Zygote  ( 2082): Preloaded drawable resource #0x1080313 (res/drawable-mdpi/text_select_handle_middle.png) that varies with configuration!!
W/Zygote  ( 2082): Preloaded drawable resource #0x1080314 (res/drawable-mdpi/text_select_handle_right.png) that varies with configuration!!
W/Zygote  ( 2082): Preloaded drawable resource #0x1080335 (res/drawable-mdpi/title_bar_shadow.9.png) that varies with configuration!!
W/Zygote  ( 2082): Preloaded drawable resource #0x10801d8 (res/drawable-mdpi/indicator_code_lock_drag_direction_green_up.png) that varies with configuration!!
W/Zygote  ( 2082): Preloaded drawable resource #0x10801d9 (res/drawable-mdpi/indicator_code_lock_drag_direction_red_up.png) that varies with configuration!!
W/Zygote  ( 2082): Preloaded drawable resource #0x10801da (res/drawable-mdpi/indicator_code_lock_point_area_default.png) that varies with configuration!!
W/Zygote  ( 2082): Preloaded drawable resource #0x10801db (res/drawable-mdpi/indicator_code_lock_point_area_green.png) that varies with configuration!!
W/Zygote  ( 2082): Preloaded drawable resource #0x10801dc (res/drawable-mdpi/indicator_code_lock_point_area_red.png) that varies with configuration!!
I/Zygote  ( 2082): ...preloaded 51 resources in 1827ms.
I/Zygote  ( 2082): ...preloaded 15 resources in 49ms.
D/dalvikvm( 2082): GC_EXPLICIT freed 23K, 51% free 2531K/5123K, external 716K/1038K, paused 131ms
D/dalvikvm( 2082): GC_EXPLICIT freed 6K, 51% free 2524K/5123K, external 716K/1038K, paused 126ms
D/dalvikvm( 2082): GC_EXPLICIT freed <1K, 51% free 2524K/5123K, external 716K/1038K, paused 124ms
I/dalvikvm( 2082): System server process 2094 has been created
I/Zygote  ( 2082): Accepting command socket connections
I/sysproc ( 2094): Entered system_init()
I/sysproc ( 2094): ServiceManager: 0x93138
I/SurfaceFlinger( 2094): SurfaceFlinger is starting
I/SurfaceFlinger( 2094): SurfaceFlinger's main thread ready to run. Initializing graphics H/W...
I/gralloc ( 2094): using (fd=25)
I/gralloc ( 2094): id           = s3cfb
I/gralloc ( 2094): xres         = 480 px
I/gralloc ( 2094): yres         = 800 px
I/gralloc ( 2094): xres_virtual = 480 px
I/gralloc ( 2094): yres_virtual = 1600 px
I/gralloc ( 2094): bpp          = 16
I/gralloc ( 2094): r            = 11:5
I/gralloc ( 2094): g            =  5:6
I/gralloc ( 2094): b            =  0:5
I/gralloc ( 2094): width        = 480 mm (25.400000 dpi)
I/gralloc ( 2094): height       = 800 mm (25.400000 dpi)
I/gralloc ( 2094): refresh rate = 0.10 Hz
D/libEGL  ( 2094): egl.cfg not found, using default config
D/libEGL  ( 2094): loaded /system/lib/egl/libGLES_android.so
W/SurfaceFlinger( 2094): ro.sf.lcd_density not defined, using 160 dpi by default.
I/SurfaceFlinger( 2094): EGL informations:
I/SurfaceFlinger( 2094): # of configs : 8
I/SurfaceFlinger( 2094): vendor    : Android
I/SurfaceFlinger( 2094): version   : 1.4 Android META-EGL
I/SurfaceFlinger( 2094): extensions: EGL_KHR_image EGL_KHR_image_base EGL_KHR_image_pixmap EGL_ANDROID_image_native_buffer EGL_ANDROID_swap_rectangle 
I/SurfaceFlinger( 2094): Client API: OpenGL ES
I/SurfaceFlinger( 2094): EGLSurface: 5-6-5-0, config=0x0
I/SurfaceFlinger( 2094): OpenGL informations:
I/SurfaceFlinger( 2094): vendor    : Android
I/SurfaceFlinger( 2094): renderer  : Android PixelFlinger 1.4
I/SurfaceFlinger( 2094): version   : OpenGL ES-CM 1.0
I/SurfaceFlinger( 2094): extensions: GL_OES_byte_coordinates GL_OES_fixed_point GL_OES_single_precision GL_OES_read_format GL_OES_compressed_paletted_texture GL_OES_draw_texture GL_OES_matrix_get GL_OES_query_matrix GL_OES_EGL_image GL_OES_compressed_ETC1_RGB8_texture GL_ARB_texture_compression GL_ARB_texture_non_power_of_two GL_ANDROID_user_clip_plane GL_ANDROID_vertex_buffer_object GL_ANDROID_generate_mipmap 
I/SurfaceFlinger( 2094): GL_MAX_TEXTURE_SIZE = 4096
I/SurfaceFlinger( 2094): GL_MAX_VIEWPORT_DIMS = 4096
I/SurfaceFlinger( 2094): flags = 000c0000
D/SensorService( 2094): nuSensorService starting...
E/SensorService( 2094): couldn't load sensors module (No such file or directory)
I/sysproc ( 2094): System server: starting Android runtime.
I/sysproc ( 2094): System server: starting Android services.
I/SystemServer( 2094): Entered the Android system server!
I/sysproc ( 2094): System server: entering thread pool.
I/SystemServer( 2094): Entropy Service
D/libEGL  ( 2112): egl.cfg not found, using default config
D/libEGL  ( 2112): loaded /system/lib/egl/libGLES_android.so
W/zipro   ( 2112): Unable to open zip '/data/local/bootanimation.zip': No such file or directory
W/zipro   ( 2112): Unable to open zip '/system/media/bootanimation.zip': No such file or directory
I/ARMAssembler( 2094): generated scanline__00000077:03010104_00000004_00000000 [ 22 ipp] (41 ins) at [0x43c6f1e8:0x43c6f28c] in 770317 ns
I/ARMAssembler( 2112): generated scanline__00000077:03545404_00000A01_00000000 [ 30 ipp] (51 ins) at [0x404281e8:0x404282b4] in 871448 ns
I/SystemServer( 2094): Power Manager
I/SystemServer( 2094): Activity Manager
W/dalvikvm( 2094): Exception Ljava/lang/NumberFormatException; thrown while initializing Lcom/android/server/am/ActivityManagerService;
W/dalvikvm( 2094): threadid=9: thread exiting with uncaught exception (group=0x40015560)
E/AndroidRuntime( 2094): *** FATAL EXCEPTION IN SYSTEM PROCESS: android.server.ServerThread
E/AndroidRuntime( 2094): java.lang.ExceptionInInitializerError
E/AndroidRuntime( 2094): 	at com.android.server.ServerThread.run(SystemServer.java:140)
E/AndroidRuntime( 2094): Caused by: java.lang.NumberFormatException: unable to parse '' as integer
E/AndroidRuntime( 2094): 	at java.lang.Integer.parseInt(Integer.java:362)
E/AndroidRuntime( 2094): 	at java.lang.Integer.parseInt(Integer.java:332)
E/AndroidRuntime( 2094): 	at java.lang.Integer.valueOf(Integer.java:506)
E/AndroidRuntime( 2094): 	at com.android.server.am.ActivityManagerService.getIntProp(ActivityManagerService.java:351)
E/AndroidRuntime( 2094): 	at com.android.server.am.ActivityManagerService.<clinit>(ActivityManagerService.java:362)
E/AndroidRuntime( 2094): 	... 1 more
E/AndroidRuntime( 2094): Error reporting crash
E/AndroidRuntime( 2094): java.lang.NullPointerException
E/AndroidRuntime( 2094): 	at com.android.internal.os.RuntimeInit$UncaughtHandler.uncaughtException(RuntimeInit.java:76)
E/AndroidRuntime( 2094): 	at java.lang.ThreadGroup.uncaughtException(ThreadGroup.java:854)
E/AndroidRuntime( 2094): 	at java.lang.ThreadGroup.uncaughtException(ThreadGroup.java:851)
I/Process ( 2094): Sending signal. PID: 2094 SIG: 9
I/Zygote  ( 2082): Exit zygote because system server (2094) has terminated
I/ServiceManager( 1758): service 'SurfaceFlinger' died
I/ServiceManager( 1758): service 'sensorservice' died
I/ServiceManager( 1758): service 'power' died
I/ServiceManager( 1758): service 'entropy' died
D/BootAnimation( 2112): SurfaceFlinger died, exiting...
I/ServiceManager( 1758): service 'media.audio_flinger' died
I/ServiceManager( 1758): service 'media.audio_policy' died
I/ServiceManager( 1758): service 'media.player' died
I/ServiceManager( 1758): service 'media.camera' died
I/Netd    ( 2118): Netd 1.0 starting
E/keystore( 2122): chdir: /data/misc/keystore: No such file or directory
D/AndroidRuntime( 2119): 
D/AndroidRuntime( 2119): >>>>>> AndroidRuntime START com.android.internal.os.ZygoteInit <<<<<<
D/AndroidRuntime( 2119): CheckJNI is ON
I/        ( 2117): ServiceManager: 0xad50
W/AudioHardwareInterface( 2117): Using stubbed audio hardware. No sound will be produced.
D/AudioHardwareInterface( 2117): setMode(NORMAL)
I/CameraService( 2117): CameraService started (pid=2117)
I/AudioFlinger( 2117): AudioFlinger's thread 0xc638 ready to run
I/SamplingProfilerIntegration( 2119): Profiler is disabled.
I/Zygote  ( 2119): Preloading classes...
D/dalvikvm( 2119): GC_EXPLICIT freed 47K, 78% free 232K/1024K, external 0K/0K, paused 10ms
D/dalvikvm( 2119): GC_EXPLICIT freed 1K, 73% free 282K/1024K, external 0K/0K, paused 9ms
D/dalvikvm( 2119): GC_EXPLICIT freed 22K, 70% free 316K/1024K, external 0K/0K, paused 11ms
D/dalvikvm( 2119): GC_EXPLICIT freed 16K, 66% free 354K/1024K, external 0K/0K, paused 11ms
D/dalvikvm( 2119): GC_EXPLICIT freed 26K, 63% free 382K/1024K, external 0K/0K, paused 12ms
D/dalvikvm( 2119): GC_EXPLICIT freed 20K, 58% free 439K/1024K, external 0K/0K, paused 14ms
W/MediaProfiles( 2119): could not find media config xml file
D/dalvikvm( 2119): GC_EXPLICIT freed 99K, 47% free 545K/1024K, external 0K/0K, paused 19ms
E/keystore( 2127): chdir: /data/misc/keystore: No such file or directory
D/dalvikvm( 2119): GC_EXPLICIT freed 272K, 28% free 884K/1219K, external 0K/0K, paused 41ms
D/dalvikvm( 2119): GC_EXPLICIT freed 21K, 24% free 931K/1219K, external 0K/0K, paused 36ms
D/RenderScript_jni( 2119): RenderScript JNI library not found!
D/dalvikvm( 2119): GC_EXPLICIT freed 25K, 19% free 998K/1219K, external 0K/0K, paused 37ms
D/dalvikvm( 2119): GC_EXPLICIT freed 47K, 5% free 1281K/1347K, external 0K/0K, paused 58ms
D/dalvikvm( 2119): GC_EXPLICIT freed 24K, 3% free 1311K/1347K, external 0K/0K, paused 59ms
D/dalvikvm( 2119): GC_EXPLICIT freed 28K, 6% free 1336K/1411K, external 0K/0K, paused 60ms
D/dalvikvm( 2119): GC_EXPLICIT freed 14K, 3% free 1377K/1411K, external 0K/0K, paused 61ms
D/dalvikvm( 2119): GC_EXPLICIT freed 28K, 5% free 1402K/1475K, external 0K/0K, paused 61ms
D/dalvikvm( 2119): GC_EXPLICIT freed 28K, 3% free 1439K/1475K, external 0K/0K, paused 64ms
D/dalvikvm( 2119): GC_EXPLICIT freed 38K, 6% free 1457K/1539K, external 0K/0K, paused 64ms
D/dalvikvm( 2119): GC_EXPLICIT freed 41K, 5% free 1472K/1539K, external 0K/0K, paused 65ms
D/dalvikvm( 2119): GC_EXPLICIT freed 55K, 8% free 1485K/1603K, external 0K/0K, paused 65ms
E/keystore( 2128): chdir: /data/misc/keystore: No such file or directory
D/dalvikvm( 2119): GC_FOR_MALLOC freed 2959K, 58% free 2164K/5123K, external 0K/0K, paused 169ms
E/keystore( 2129): chdir: /data/misc/keystore: No such file or directory
D/dalvikvm( 2119): GC_EXPLICIT freed 1399K, 55% free 2310K/5123K, external 0K/0K, paused 140ms
I/DEBUG   ( 1761): debuggerd: Feb  3 2011 14:55:55
I/Vold    ( 1759): Vold 2.1 (the revenge) firing up
D/Vold    ( 1759): USB mass storage support is not enabled in the kernel
D/Vold    ( 1759): usb_configuration switch is not enabled in the kernel
E/Vold    ( 1759): Error reading configuration (No such file or directory)... continuing anyways
I/Netd    ( 1760): Netd 1.0 starting
E/keystore( 1766): chdir: /data/misc/keystore: No such file or directory
D/AndroidRuntime( 1763): 
D/AndroidRuntime( 1763): >>>>>> AndroidRuntime START com.android.internal.os.ZygoteInit <<<<<<
D/AndroidRuntime( 1763): CheckJNI is ON
I/        ( 1764): ServiceManager: 0xad50
W/AudioHardwareInterface( 1764): Using stubbed audio hardware. No sound will be produced.
D/AudioHardwareInterface( 1764): setMode(NORMAL)
I/CameraService( 1764): CameraService started (pid=1764)
I/AudioFlinger( 1764): AudioFlinger's thread 0xc5f0 ready to run
I/SamplingProfilerIntegration( 1763): Profiler is disabled.
I/Zygote  ( 1763): Preloading classes...
D/dalvikvm( 1763): GC_EXPLICIT freed 47K, 78% free 232K/1024K, external 0K/0K, paused 5ms
D/dalvikvm( 1763): GC_EXPLICIT freed 1K, 73% free 282K/1024K, external 0K/0K, paused 4ms
D/dalvikvm( 1763): GC_EXPLICIT freed 22K, 70% free 316K/1024K, external 0K/0K, paused 5ms
D/dalvikvm( 1763): GC_EXPLICIT freed 16K, 66% free 354K/1024K, external 0K/0K, paused 6ms
D/dalvikvm( 1763): GC_EXPLICIT freed 26K, 63% free 382K/1024K, external 0K/0K, paused 6ms
D/dalvikvm( 1763): GC_EXPLICIT freed 20K, 58% free 439K/1024K, external 0K/0K, paused 7ms
W/MediaProfiles( 1763): could not find media config xml file
D/dalvikvm( 1763): GC_EXPLICIT freed 99K, 47% free 545K/1024K, external 0K/0K, paused 10ms
D/dalvikvm( 1763): GC_EXPLICIT freed 272K, 28% free 884K/1219K, external 0K/0K, paused 20ms
D/dalvikvm( 1763): GC_EXPLICIT freed 21K, 24% free 931K/1219K, external 0K/0K, paused 17ms
D/RenderScript_jni( 1763): RenderScript JNI library not found!
E/keystore( 1812): chdir: /data/misc/keystore: No such file or directory
D/dalvikvm( 1763): GC_EXPLICIT freed 25K, 19% free 998K/1219K, external 0K/0K, paused 18ms
D/dalvikvm( 1763): GC_EXPLICIT freed 47K, 5% free 1281K/1347K, external 0K/0K, paused 28ms
D/dalvikvm( 1763): GC_EXPLICIT freed 24K, 3% free 1311K/1347K, external 0K/0K, paused 28ms
D/dalvikvm( 1763): GC_EXPLICIT freed 28K, 6% free 1336K/1411K, external 0K/0K, paused 29ms
D/dalvikvm( 1763): GC_EXPLICIT freed 14K, 3% free 1377K/1411K, external 0K/0K, paused 29ms
D/dalvikvm( 1763): GC_EXPLICIT freed 28K, 5% free 1402K/1475K, external 0K/0K, paused 30ms
D/dalvikvm( 1763): GC_EXPLICIT freed 28K, 3% free 1439K/1475K, external 0K/0K, paused 30ms
D/dalvikvm( 1763): GC_EXPLICIT freed 38K, 6% free 1457K/1539K, external 0K/0K, paused 31ms
D/dalvikvm( 1763): GC_EXPLICIT freed 41K, 5% free 1472K/1539K, external 0K/0K, paused 31ms
D/dalvikvm( 1763): GC_EXPLICIT freed 55K, 8% free 1485K/1603K, external 0K/0K, paused 31ms
D/dalvikvm( 1763): GC_FOR_MALLOC freed 2959K, 58% free 2164K/5123K, external 0K/0K, paused 83ms
E/keystore( 1813): chdir: /data/misc/keystore: No such file or directory
D/dalvikvm( 1763): GC_EXPLICIT freed 1399K, 55% free 2310K/5123K, external 0K/0K, paused 68ms
D/dalvikvm( 1763): GC_EXPLICIT freed 127K, 54% free 2371K/5123K, external 0K/0K, paused 57ms
D/dalvikvm( 1763): GC_EXPLICIT freed 73K, 54% free 2396K/5123K, external 0K/0K, paused 58ms
D/dalvikvm( 1763): GC_EXPLICIT freed 37K, 53% free 2413K/5123K, external 0K/0K, paused 57ms
D/dalvikvm( 1763): GC_EXPLICIT freed 31K, 53% free 2437K/5123K, external 0K/0K, paused 57ms
D/dalvikvm( 1763): GC_EXPLICIT freed 38K, 52% free 2460K/5123K, external 0K/0K, paused 58ms
I/Zygote  ( 1763): ...preloaded 1830 classes in 11844ms.
D/dalvikvm( 1763): GC_EXPLICIT freed 17K, 53% free 2458K/5123K, external 0K/0K, paused 58ms
I/Zygote  ( 1763): Preloading resources...
D/dalvikvm( 1763): GC_EXTERNAL_ALLOC freed <1K, 52% free 2460K/5123K, external 0K/0K, paused 57ms
W/Zygote  ( 1763): Preloaded drawable resource #0x1080093 (res/drawable-mdpi/sym_def_app_icon.png) that varies with configuration!!
W/Zygote  ( 1763): Preloaded drawable resource #0x1080002 (res/drawable-mdpi/arrow_down_float.png) that varies with configuration!!
W/Zygote  ( 1763): Preloaded drawable resource #0x10800b4 (res/drawable/btn_check.xml) that varies with configuration!!
W/Zygote  ( 1763): Preloaded drawable resource #0x10800b7 (res/drawable-mdpi/btn_check_label_background.9.png) that varies with configuration!!
W/Zygote  ( 1763): Preloaded drawable resource #0x10800b8 (res/drawable-mdpi/btn_check_off.png) that varies with configuration!!
W/Zygote  ( 1763): Preloaded drawable resource #0x10800bd (res/drawable-mdpi/btn_check_on.png) that varies with configuration!!
W/Zygote  ( 1763): Preloaded drawable resource #0x1080004 (res/drawable/btn_default.xml) that varies with configuration!!
W/Zygote  ( 1763): Preloaded drawable resource #0x1080005 (res/drawable/btn_default_small.xml) that varies with configuration!!
W/Zygote  ( 1763): Preloaded drawable resource #0x1080006 (res/drawable/btn_dropdown.xml) that varies with configuration!!
W/Zygote  ( 1763): Preloaded drawable resource #0x1080008 (res/drawable/btn_plus.xml) that varies with configuration!!
W/Zygote  ( 1763): Preloaded drawable resource #0x1080007 (res/drawable/btn_minus.xml) that varies with configuration!!
W/Zygote  ( 1763): Preloaded drawable resource #0x1080009 (res/drawable/btn_radio.xml) that varies with configuration!!
E/keystore( 1814): chdir: /data/misc/keystore: No such file or directory
W/Zygote  ( 1763): Preloaded drawable resource #0x108000a (res/drawable/btn_star.xml) that varies with configuration!!
D/dalvikvm( 1763): GC_EXPLICIT freed 25K, 52% free 2497K/5123K, external 408K/521K, paused 59ms
W/Zygote  ( 1763): Preloaded drawable resource #0x1080132 (res/drawable/btn_toggle.xml) that varies with configuration!!
W/Zygote  ( 1763): Preloaded drawable resource #0x1080196 (res/drawable-mdpi/ic_emergency.png) that varies with configuration!!
W/Zygote  ( 1763): Preloaded drawable resource #0x1080012 (res/drawable-mdpi/divider_horizontal_bright.9.png) that varies with configuration!!
W/Zygote  ( 1763): Preloaded drawable resource #0x1080014 (res/drawable-mdpi/divider_horizontal_dark.9.png) that varies with configuration!!
W/Zygote  ( 1763): Preloaded drawable resource #0x1080016 (res/drawable/edit_text.xml) that varies with configuration!!
W/Zygote  ( 1763): Preloaded drawable resource #0x1080170 (res/drawable/expander_group.xml) that varies with configuration!!
W/Zygote  ( 1763): Preloaded drawable resource #0x1080062 (res/drawable/list_selector_background.xml) that varies with configuration!!
W/Zygote  ( 1763): Preloaded drawable resource #0x108022a (res/drawable-mdpi/menu_background.9.png) that varies with configuration!!
W/Zygote  ( 1763): Preloaded drawable resource #0x108022b (res/drawable-mdpi/menu_background_fill_parent_width.9.png) that varies with configuration!!
W/Zygote  ( 1763): Preloaded drawable resource #0x108022c (res/drawable/menu_selector.xml) that varies with configuration!!
D/dalvikvm( 1763): GC_EXTERNAL_ALLOC freed 16K, 51% free 2511K/5123K, external 516K/521K, paused 60ms
W/Zygote  ( 1763): Preloaded drawable resource #0x108023a (res/drawable-mdpi/panel_background.9.png) that varies with configuration!!
W/Zygote  ( 1763): Preloaded drawable resource #0x1080242 (res/drawable-mdpi/popup_bottom_bright.9.png) that varies with configuration!!
W/Zygote  ( 1763): Preloaded drawable resource #0x1080243 (res/drawable-mdpi/popup_bottom_dark.9.png) that varies with configuration!!
W/Zygote  ( 1763): Preloaded drawable resource #0x1080244 (res/drawable-mdpi/popup_bottom_medium.9.png) that varies with configuration!!
W/Zygote  ( 1763): Preloaded drawable resource #0x1080245 (res/drawable-mdpi/popup_center_bright.9.png) that varies with configuration!!
W/Zygote  ( 1763): Preloaded drawable resource #0x1080246 (res/drawable-mdpi/popup_center_dark.9.png) that varies with configuration!!
W/Zygote  ( 1763): Preloaded drawable resource #0x1080249 (res/drawable-mdpi/popup_full_dark.9.png) that varies with configuration!!
W/Zygote  ( 1763): Preloaded drawable resource #0x108024c (res/drawable-mdpi/popup_top_bright.9.png) that varies with configuration!!
W/Zygote  ( 1763): Preloaded drawable resource #0x108024d (res/drawable-mdpi/popup_top_dark.9.png) that varies with configuration!!
W/Zygote  ( 1763): Preloaded drawable resource #0x108006d (res/drawable/progress_indeterminate_horizontal.xml) that varies with configuration!!
W/Zygote  ( 1763): Preloaded drawable resource #0x1080253 (res/drawable/progress_small.xml) that varies with configuration!!
W/Zygote  ( 1763): Preloaded drawable resource #0x1080254 (res/drawable/progress_small_titlebar.xml) that varies with configuration!!
W/Zygote  ( 1763): Preloaded drawable resource #0x1080274 (res/drawable-mdpi/scrollbar_handle_horizontal.9.png) that varies with configuration!!
W/Zygote  ( 1763): Preloaded drawable resource #0x1080275 (res/drawable-mdpi/scrollbar_handle_vertical.9.png) that varies with configuration!!
D/dalvikvm( 1763): GC_EXPLICIT freed 15K, 51% free 2522K/5123K, external 585K/1038K, paused 61ms
W/Zygote  ( 1763): Preloaded drawable resource #0x1080071 (res/drawable/spinner_dropdown_background.xml) that varies with configuration!!
W/Zygote  ( 1763): Preloaded drawable resource #0x1080312 (res/drawable-mdpi/text_select_handle_left.png) that varies with configuration!!
W/Zygote  ( 1763): Preloaded drawable resource #0x1080313 (res/drawable-mdpi/text_select_handle_middle.png) that varies with configuration!!
W/Zygote  ( 1763): Preloaded drawable resource #0x1080314 (res/drawable-mdpi/text_select_handle_right.png) that varies with configuration!!
W/Zygote  ( 1763): Preloaded drawable resource #0x1080335 (res/drawable-mdpi/title_bar_shadow.9.png) that varies with configuration!!
W/Zygote  ( 1763): Preloaded drawable resource #0x10801d8 (res/drawable-mdpi/indicator_code_lock_drag_direction_green_up.png) that varies with configuration!!
W/Zygote  ( 1763): Preloaded drawable resource #0x10801d9 (res/drawable-mdpi/indicator_code_lock_drag_direction_red_up.png) that varies with configuration!!
W/Zygote  ( 1763): Preloaded drawable resource #0x10801da (res/drawable-mdpi/indicator_code_lock_point_area_default.png) that varies with configuration!!
W/Zygote  ( 1763): Preloaded drawable resource #0x10801db (res/drawable-mdpi/indicator_code_lock_point_area_green.png) that varies with configuration!!
W/Zygote  ( 1763): Preloaded drawable resource #0x10801dc (res/drawable-mdpi/indicator_code_lock_point_area_red.png) that varies with configuration!!
I/Zygote  ( 1763): ...preloaded 51 resources in 1209ms.
I/Zygote  ( 1763): ...preloaded 15 resources in 31ms.
D/dalvikvm( 1763): GC_EXPLICIT freed 23K, 51% free 2531K/5123K, external 716K/1038K, paused 61ms
D/dalvikvm( 1763): GC_EXPLICIT freed 6K, 51% free 2524K/5123K, external 716K/1038K, paused 61ms
D/dalvikvm( 1763): GC_EXPLICIT freed <1K, 51% free 2524K/5123K, external 716K/1038K, paused 61ms
I/dalvikvm( 1763): System server process 1815 has been created
I/Zygote  ( 1763): Accepting command socket connections
I/sysproc ( 1815): Entered system_init()
I/sysproc ( 1815): ServiceManager: 0x93138
I/SurfaceFlinger( 1815): SurfaceFlinger is starting
I/SurfaceFlinger( 1815): SurfaceFlinger's main thread ready to run. Initializing graphics H/W...
I/gralloc ( 1815): using (fd=25)
I/gralloc ( 1815): id           = s3cfb
I/gralloc ( 1815): xres         = 480 px
I/gralloc ( 1815): yres         = 800 px
I/gralloc ( 1815): xres_virtual = 480 px
I/gralloc ( 1815): yres_virtual = 1600 px
I/gralloc ( 1815): bpp          = 16
I/gralloc ( 1815): r            = 11:5
I/gralloc ( 1815): g            =  5:6
I/gralloc ( 1815): b            =  0:5
I/gralloc ( 1815): width        = 480 mm (25.400000 dpi)
I/gralloc ( 1815): height       = 800 mm (25.400000 dpi)
I/gralloc ( 1815): refresh rate = 0.10 Hz
D/libEGL  ( 1815): egl.cfg not found, using default config
D/libEGL  ( 1815): loaded /system/lib/egl/libGLES_android.so
W/SurfaceFlinger( 1815): ro.sf.lcd_density not defined, using 160 dpi by default.
I/SurfaceFlinger( 1815): EGL informations:
I/SurfaceFlinger( 1815): # of configs : 8
I/SurfaceFlinger( 1815): vendor    : Android
I/SurfaceFlinger( 1815): version   : 1.4 Android META-EGL
I/SurfaceFlinger( 1815): extensions: EGL_KHR_image EGL_KHR_image_base EGL_KHR_image_pixmap EGL_ANDROID_image_native_buffer EGL_ANDROID_swap_rectangle 
I/SurfaceFlinger( 1815): Client API: OpenGL ES
I/SurfaceFlinger( 1815): EGLSurface: 5-6-5-0, config=0x0
I/SurfaceFlinger( 1815): OpenGL informations:
I/SurfaceFlinger( 1815): vendor    : Android
I/SurfaceFlinger( 1815): renderer  : Android PixelFlinger 1.4
I/SurfaceFlinger( 1815): version   : OpenGL ES-CM 1.0
I/SurfaceFlinger( 1815): extensions: GL_OES_byte_coordinates GL_OES_fixed_point GL_OES_single_precision GL_OES_read_format GL_OES_compressed_paletted_texture GL_OES_draw_texture GL_OES_matrix_get GL_OES_query_matrix GL_OES_EGL_image GL_OES_compressed_ETC1_RGB8_texture GL_ARB_texture_compression GL_ARB_texture_non_power_of_two GL_ANDROID_user_clip_plane GL_ANDROID_vertex_buffer_object GL_ANDROID_generate_mipmap 
I/SurfaceFlinger( 1815): GL_MAX_TEXTURE_SIZE = 4096
I/SurfaceFlinger( 1815): GL_MAX_VIEWPORT_DIMS = 4096
I/SurfaceFlinger( 1815): flags = 000c0000
D/SensorService( 1815): nuSensorService starting...
E/SensorService( 1815): couldn't load sensors module (No such file or directory)
I/sysproc ( 1815): System server: starting Android runtime.
I/sysproc ( 1815): System server: starting Android services.
I/SystemServer( 1815): Entered the Android system server!
I/sysproc ( 1815): System server: entering thread pool.
I/SystemServer( 1815): Entropy Service
D/libEGL  ( 1829): egl.cfg not found, using default config
D/libEGL  ( 1829): loaded /system/lib/egl/libGLES_android.so
W/zipro   ( 1829): Unable to open zip '/data/local/bootanimation.zip': No such file or directory
W/zipro   ( 1829): Unable to open zip '/system/media/bootanimation.zip': No such file or directory
I/ARMAssembler( 1815): generated scanline__00000077:03010104_00000004_00000000 [ 22 ipp] (41 ins) at [0x43d2b1e8:0x43d2b28c] in 376714 ns
I/SystemServer( 1815): Power Manager
I/SystemServer( 1815): Activity Manager
I/ARMAssembler( 1829): generated scanline__00000077:03545404_00000A01_00000000 [ 30 ipp] (51 ins) at [0x404281e8:0x404282b4] in 446554 ns
I/ActivityManager( 1815): Memory class: 16
I/SystemServer( 1815): Telephony Registry
I/SystemServer( 1815): Package Manager
I/Installer( 1815): connecting...
I/installd( 1765): new connection
D/dalvikvm( 1815): GC_CONCURRENT freed 173K, 51% free 2817K/5639K, external 716K/1038K, paused 5ms+15ms
W/PackageManager( 1815): Running ENG build: no pre-dexopt!
I/PackageParser( 1815): com.aurorasoftworks.quadrant.ui.standard: compat added android.permission.WRITE_EXTERNAL_STORAGE android.permission.READ_PHONE_STATE
I/PackageManager( 1815): /system/app/Quadrant.apk changed; collecting certs
D/dalvikvm( 1815): GC_CONCURRENT freed 327K, 50% free 3025K/5959K, external 716K/1038K, paused 5ms+9ms
D/szipinf ( 1815): Initializing inflate state
D/dalvikvm( 1815): GC_CONCURRENT freed 184K, 47% free 3236K/6087K, external 716K/1038K, paused 6ms+9ms
E/keystore( 1837): chdir: /data/misc/keystore: No such file or directory
I/PackageManager( 1815): /system/app/FileManager.apk changed; collecting certs
D/dalvikvm( 1815): GC_CONCURRENT freed 299K, 47% free 3397K/6343K, external 716K/1038K, paused 5ms+19ms
D/PackageManager( 1815): No files in app dir /vendor/app
D/PackageManager( 1815): No files in app dir /data/app
D/PackageManager( 1815): No files in app dir /data/app-private
I/PackageManager( 1815): Time to scan packages: 5.09 seconds
W/PackageManager( 1815): Unknown permission android.permission.ADD_SYSTEM_SERVICE in package com.android.phone
W/PackageManager( 1815): Not granting permission android.permission.SEND_DOWNLOAD_COMPLETED_INTENTS to package com.android.browser (protectionLevel=2 flags=0x9be45)
W/PackageManager( 1815): Not granting permission android.permission.SET_ORIENTATION to package com.aurorasoftworks.quadrant.ui.standard (protectionLevel=2 flags=0xae45)
W/PackageManager( 1815): Unknown permission com.google.android.gm.permission.WRITE_GMAIL in package com.android.settings
W/PackageManager( 1815): Unknown permission com.google.android.gm.permission.READ_GMAIL in package com.android.settings
W/PackageManager( 1815): Unknown permission android.permission.READ_OWNER_DATA in package com.android.email
W/PackageManager( 1815): Unknown permission com.android.providers.im.permission.READ_ONLY in package com.google.android.apps.maps
W/PackageManager( 1815): Not granting permission android.permission.DEVICE_POWER to package com.android.deskclock (protectionLevel=2 flags=0x8be45)
D/dalvikvm( 1815): GC_CONCURRENT freed 341K, 46% free 3584K/6535K, external 716K/1038K, paused 5ms+9ms
D/dalvikvm( 1815): GC_EXPLICIT freed 158K, 48% free 3451K/6535K, external 716K/1038K, paused 107ms
I/SystemServer( 1815): Account Manager
I/SystemServer( 1815): Content Manager
I/SystemServer( 1815): System Content Providers
I/ActivityThread( 1815): Pub settings: com.android.providers.settings.SettingsProvider
I/SystemServer( 1815): Battery Service
I/SystemServer( 1815): Lights Service
I/SystemServer( 1815): Vibrator Service
D/SettingsProvider( 1815): cache for settings table 'secure' rows=33; fullycached=true
D/SettingsProvider( 1815): cache for settings table 'system' rows=47; fullycached=true
I/SystemServer( 1815): Alarm Manager
I/SystemServer( 1815): Init Watchdog
I/SystemServer( 1815): Window Manager
I/InputManager( 1815): Initializing input manager
I/InputManager( 1815): Starting input manager
I/SystemServer( 1815): Bluetooth Service
I/EventHub( 1815): New device: path=/dev/input/event1 name=S3C TouchScreen id=0x20000 (of 0x1) index=1 fd=85 classes=0x4
E/EventHub( 1815): could not get driver version for /dev/input/mouse0, Not a typewriter
I/BluetoothProfileState( 1815): Message:Entering Stable State
I/BluetoothProfileState( 1815): Message:Entering Stable State
I/SystemServer( 1815): Device Policy
I/EventHub( 1815): New keyboard: device->id=0x10001 devname='s3c-keypad-rev0000' propName='hw.keyboards.65537.devname' keylayout='/system/usr/keylayout/qwerty.kl'
I/EventHub( 1815): New device: path=/dev/input/event0 name=s3c-keypad-rev0000 id=0x10001 (of 0x2) index=2 fd=87 classes=0x1
E/EventHub( 1815): could not get driver version for /dev/input/mice, Not a typewriter
I/InputManager-Callbacks( 1815): No input device calibration properties found for device s3c-keypad-rev0000.
I/InputReader( 1815): Device added: id=0x0, name=s3c-keypad-rev0000, sources=00000101
I/InputManager-Callbacks( 1815): No input device calibration properties found for device S3C TouchScreen.
I/InputReader( 1815): Device added: id=0x20000, name=S3C TouchScreen, sources=00001002
I/SystemServer( 1815): Status Bar
I/SystemServer( 1815): Clipboard Service
I/SystemServer( 1815): Input Method Service
I/InputManagerService( 1815): Enabled input methods: com.android.inputmethod.pinyin/.PinyinIME:jp.co.omronsoft.openwnn/.OpenWnnJAJP:com.android.inputmethod.latin/.LatinIME
I/SystemServer( 1815): NetStat Service
I/SystemServer( 1815): NetworkManagement Service
I/SystemServer( 1815): Connectivity Service
I/WifiService( 1815): WifiService starting up with Wi-Fi disabled
D/NetworkManagmentService( 1815): Registering observer
I/SystemServer( 1815): Throttle Service
I/SystemServer( 1815): Accessibility Manager
I/SystemServer( 1815): Mount Service
I/SystemServer( 1815): Notification Manager
I/SystemServer( 1815): Device Storage Monitor
I/SystemServer( 1815): Location Manager
I/SystemServer( 1815): Search Service
D/VoldCmdListener( 1759): volume list
W/MountService( 1815): Duplicate state transition (removed -> removed)
D/VoldCmdListener( 1759): share status ums
I/SystemServer( 1815): DropBox Service
I/SystemServer( 1815): Wallpaper Service
I/SystemServer( 1815): Audio Service
D/AudioHardwareInterface( 1764): setMode(NORMAL)
W/AudioPolicyManagerBase( 1764): setPhoneState() setting same state 0
D/dalvikvm( 1815): GC_CONCURRENT freed 157K, 43% free 3791K/6599K, external 716K/1038K, paused 5ms+11ms
E/SoundPool( 1815): error loading /system/media/audio/ui/Effect_Tick.ogg
W/AudioService( 1815): Soundpool could not load file: /system/media/audio/ui/Effect_Tick.ogg
E/SoundPool( 1815): error loading /system/media/audio/ui/KeypressStandard.ogg
W/AudioService( 1815): Soundpool could not load file: /system/media/audio/ui/KeypressStandard.ogg
E/SoundPool( 1815): error loading /system/media/audio/ui/KeypressSpacebar.ogg
W/AudioService( 1815): Soundpool could not load file: /system/media/audio/ui/KeypressSpacebar.ogg
E/SoundPool( 1815): error loading /system/media/audio/ui/KeypressDelete.ogg
W/AudioService( 1815): Soundpool could not load file: /system/media/audio/ui/KeypressDelete.ogg
E/SoundPool( 1815): error loading /system/media/audio/ui/KeypressReturn.ogg
W/AudioService( 1815): Soundpool could not load file: /system/media/audio/ui/KeypressReturn.ogg
I/SystemServer( 1815): Headset Observer
W/HeadsetObserver( 1815): This kernel does not have wired headset support
I/SystemServer( 1815): Dock Observer
W/DockObserver( 1815): This kernel does not have dock station support
I/SystemServer( 1815): USB Observer
W/UsbObserver( 1815): This kernel does not have USB configuration switch support
E/UsbObserver( 1815): 
E/UsbObserver( 1815): java.lang.NullPointerException
E/UsbObserver( 1815): 	at com.android.server.UsbObserver.init(UsbObserver.java:131)
E/UsbObserver( 1815): 	at com.android.server.UsbObserver.<init>(UsbObserver.java:65)
E/UsbObserver( 1815): 	at com.android.server.ServerThread.run(SystemServer.java:402)
I/SystemServer( 1815): UI Mode Manager Service
I/SystemServer( 1815): Backup Service
E/keystore( 1865): chdir: /data/misc/keystore: No such file or directory
I/BackupManagerService( 1815): Found stale backup journal, scheduling
I/BackupManagerService( 1815):   com.android.providers.settings
I/BackupManagerService( 1815):   android
I/BackupManagerService( 1815):   com.android.providers.userdictionary
I/BackupManagerService( 1815):   com.android.inputmethod.latin
I/BackupManagerService( 1815):   com.android.browser
I/BackupManagerService( 1815): Backup enabled => true
I/SystemServer( 1815): AppWidget Service
I/SystemServer( 1815): Recognition Service
I/SystemServer( 1815): DiskStats Service
I/WindowManager( 1815): SAFE MODE not enabled
D/dalvikvm( 1815): JIT started for system_server
I/power   ( 1815): *** set_screen_state 1
D/PowerManagerService( 1815): system ready!
I/ActivityManager( 1815): System now ready
I/SystemServer( 1815): Making services ready
I/StatusBarManagerService( 1815): Starting service: ComponentInfo{com.android.systemui/com.android.systemui.statusbar.StatusBarService}
I/Zygote  ( 1815): Process: zygote socket opened
I/ActivityManager( 1815): Start proc com.android.systemui for service com.android.systemui/.statusbar.StatusBarService: pid=1867 uid=1000 gids={3002, 3001, 3003}
I/ActivityManager( 1815): Config changed: { scale=1.0 imsi=0/0 loc=en_US touch=3 keys=1/1/2 nav=1/1 orien=1 layout=268435491 uiMode=0 seq=2}
I/ActivityManager( 1815): Config changed: { scale=1.0 imsi=0/0 loc=en_US touch=3 keys=1/1/2 nav=1/1 orien=1 layout=268435491 uiMode=17 seq=3}
W/RecognitionManagerService( 1815): no available voice recognition services found
I/ActivityManager( 1815): Start proc com.android.inputmethod.latin for service com.android.inputmethod.latin/.LatinIME: pid=1876 uid=10021 gids={}
D/NetworkManagmentService( 1815): Registering observer
E/ThrottleService( 1815): Could not open GPS configuration file /etc/gps.conf
I/ActivityManager( 1815): Start proc com.android.phone for added application com.android.phone: pid=1881 uid=1001 gids={3002, 3001, 3003, 1015}
I/ActivityManager( 1815): Starting: Intent { act=android.intent.action.MAIN cat=[android.intent.category.HOME] flg=0x10000000 cmp=com.android.launcher/com.android.launcher2.Launcher } from pid 0
I/ActivityManager( 1815): Start proc com.android.launcher for activity com.android.launcher/com.android.launcher2.Launcher: pid=1884 uid=10020 gids={}
I/SystemServer( 1815): Enabled StrictMode for system server main thread.
D/dalvikvm( 1815): GC_EXTERNAL_ALLOC freed 159K, 42% free 3907K/6727K, external 1035K/1038K, paused 340ms
W/ActivityManager( 1815): Unable to start service Intent { act=@0 }: not found
W/ActivityManager( 1815): Unable to start service Intent { act=@0 }: not found
D/dalvikvm( 1867): GC_CONCURRENT freed 397K, 54% free 2645K/5639K, external 716K/1038K, paused 5ms+36ms
E/logwrapper( 1904): executing /system/bin/tc failed: No such file or directory
I/logwrapper( 1760): /system/bin/tc terminated by exit(1)
E/logwrapper( 1905): executing /system/bin/tc failed: No such file or directory
I/logwrapper( 1760): /system/bin/tc terminated by exit(1)
E/logwrapper( 1906): executing /system/bin/tc failed: No such file or directory
I/logwrapper( 1760): /system/bin/tc terminated by exit(1)
D/dalvikvm( 1876): GC_CONCURRENT freed 396K, 54% free 2647K/5639K, external 716K/1038K, paused 6ms+102ms
D/dalvikvm( 1884): GC_CONCURRENT freed 404K, 54% free 2638K/5639K, external 716K/1038K, paused 6ms+61ms
D/dalvikvm( 1881): GC_CONCURRENT freed 403K, 54% free 2639K/5639K, external 716K/1038K, paused 5ms+106ms
I/ActivityThread( 1884): Pub com.android.launcher2.settings: com.android.launcher2.LauncherProvider
I/ActivityThread( 1881): Pub mms: com.android.providers.telephony.MmsProvider
D/dalvikvm( 1815): GREF has increased to 201
I/ActivityThread( 1881): Pub sms: com.android.providers.telephony.SmsProvider
I/StatusBarManagerService( 1815): registerStatusBar bar=com.android.internal.statusbar.IStatusBar$Stub$Proxy@4059fc18
I/ActivityThread( 1881): Pub telephony: com.android.providers.telephony.TelephonyProvider
I/ActivityThread( 1881): Pub icc: com.android.phone.IccProvider
I/ActivityThread( 1881): Pub mms-sms: com.android.providers.telephony.MmsSmsProvider
I/ActivityManager( 1815): Start proc android.process.acore for content provider com.android.providers.userdictionary/.UserDictionaryProvider: pid=1910 uid=10000 gids={3003, 1015}
D/dalvikvm( 1815): GC_CONCURRENT freed 221K, 42% free 4007K/6855K, external 1552K/1567K, paused 6ms+65ms
D/dalvikvm( 1815): GC_EXTERNAL_ALLOC freed 11K, 42% free 3997K/6855K, external 1493K/1567K, paused 141ms
D/VoldCmdListener( 1759): share status ums
D/StorageNotification( 1867): Startup with UMS connection false (media state removed)
D/dalvikvm( 1815): GC_EXTERNAL_ALLOC freed 12K, 42% free 4000K/6855K, external 1532K/1567K, paused 263ms
I/StorageNotification( 1867): UMS connection changed to false (media state removed)
D/dalvikvm( 1876): GC_EXTERNAL_ALLOC freed 76K, 52% free 2744K/5639K, external 1020K/1038K, paused 117ms
I/ActivityThread( 1910): Pub com.android.social: com.android.providers.contacts.SocialProvider
I/ActivityThread( 1910): Pub applications: com.android.providers.applications.ApplicationsProvider
D/CallManager( 1881): registerPhone(GSM Handler{4055ee70})
D/dalvikvm( 1884): GC_EXTERNAL_ALLOC freed 51K, 53% free 2699K/5639K, external 1032K/1038K, paused 406ms
D/dalvikvm( 1910): GC_CONCURRENT freed 398K, 54% free 2608K/5639K, external 716K/1038K, paused 6ms+5ms
E/keystore( 1925): chdir: /data/misc/keystore: No such file or directory
D/dalvikvm( 1815): GC_EXTERNAL_ALLOC freed 177K, 42% free 4060K/6919K, external 1875K/2083K, paused 301ms
I/ActivityThread( 1910): Pub contacts;com.android.contacts: com.android.providers.contacts.ContactsProvider2
W/ActivityManager( 1815): Unable to start service Intent { act=com.android.ussd.IExtendedNetworkService }: not found
I/TelephonyRegistry( 1815): notifyServiceState: 1 home null null null  Unknown CSS not supported -1 -1RoamInd: -1DefRoamInd: -1EmergOnly: false
I/TelephonyRegistry( 1815): notifyDataConnection: state=0 isDataConnectivityPossible=false reason=radioTurnedOff interfaceName=null networkType=0
I/TelephonyRegistry( 1815): notifyDataConnection: state=0 isDataConnectivityPossible=false reason=gprsDetached interfaceName=null networkType=0
D/BT HSHFP( 1881): Starting BluetoothHeadsetService
D/dalvikvm( 1815): GC_EXTERNAL_ALLOC freed 42K, 42% free 4075K/6919K, external 2467K/3081K, paused 360ms
D/dalvikvm( 1884): GC_EXTERNAL_ALLOC freed 58K, 51% free 2767K/5639K, external 1561K/1572K, paused 272ms
I/ActivityManager( 1815): Displayed com.android.launcher/com.android.launcher2.Launcher: +7s849ms
I/ActivityThread( 1910): Pub call_log: com.android.providers.contacts.CallLogProvider
I/ActivityThread( 1910): Pub user_dictionary: com.android.providers.userdictionary.UserDictionaryProvider
E/keystore( 1939): chdir: /data/misc/keystore: No such file or directory
D/OtaStartupReceiver( 1881): Not a CDMA phone, no need to process OTA
I/SurfaceFlinger( 1815): Boot is finished (20392 ms)
D/PowerManagerService( 1815): bootCompleted
I/ARMAssembler( 1815): generated scanline__00000177:03010104_00000002_00000000 [ 44 ipp] (66 ins) at [0x43d2b290:0x43d2b398] in 238502 ns
I/ARMAssembler( 1815): generated scanline__00000177:03515104_00000001_00000000 [ 73 ipp] (95 ins) at [0x43d2b3a0:0x43d2b51c] in 296733 ns
I/ActivityManager( 1815): Start proc android.process.media for broadcast com.android.providers.media/.MediaScannerReceiver: pid=1947 uid=10017 gids={1015, 1006, 2001, 3003}
I/SearchManagerService( 1815): Building list of searchable activities
I/RecoverySystem( 1815): No recovery log file
D/dalvikvm( 1881): GC_CONCURRENT freed 176K, 50% free 2859K/5703K, external 716K/1038K, paused 6ms+25ms
I/ActivityThread( 1947): Pub media: com.android.providers.media.MediaProvider
V/MediaProvider( 1947): Attached volume: internal
I/ActivityThread( 1947): Pub downloads: com.android.providers.downloads.DownloadProvider
D/dalvikvm( 1947): GC_CONCURRENT freed 416K, 54% free 2626K/5639K, external 716K/1038K, paused 5ms+16ms
I/ActivityThread( 1947): Pub drm: com.android.providers.drm.DrmProvider
I/ActivityManager( 1815): Start proc com.google.android.apps.maps:FriendService for broadcast com.google.android.apps.maps/com.google.googlenav.friend.android.ServiceReceiver: pid=1958 uid=10018 gids={3003, 1015}
D/dalvikvm( 1910): GC_CONCURRENT freed 238K, 51% free 2801K/5703K, external 716K/1038K, paused 5ms+5ms
D/MediaScannerService( 1947): start scanning volume internal
D/dalvikvm( 1958): GC_CONCURRENT freed 407K, 54% free 2635K/5639K, external 716K/1038K, paused 5ms+17ms
D/dalvikvm( 1958): GC_CONCURRENT freed 112K, 48% free 3047K/5767K, external 716K/1038K, paused 5ms+8ms
D/MediaScanner( 1947):  prescan time: 625ms
D/MediaScanner( 1947):     scan time: 24ms
D/MediaScanner( 1947): postscan time: 0ms
D/MediaScanner( 1947):    total time: 649ms
D/MediaScannerService( 1947): done scanning volume internal
I/ActivityManager( 1815): Start proc com.google.process.gapps for content provider com.google.android.gsf/.settings.GoogleSettingsProvider: pid=1967 uid=10013 gids={3003, 1015, 2001, 1007}
I/ActivityThread( 1967): Pub com.google.settings: com.google.android.gsf.settings.GoogleSettingsProvider
I/ActivityThread( 1967): Pub com.google.android.gsf.gservices: com.google.android.gsf.gservices.GservicesProvider
D/dalvikvm( 1967): GC_CONCURRENT freed 328K, 54% free 2600K/5575K, external 716K/1038K, paused 5ms+5ms
I/GservicesProvider( 1967): Gservices pushing to system: true; secure: true
I/ActivityThread( 1967): Pub subscribedfeeds: com.google.android.gsf.subscribedfeeds.SubscribedFeedsProvider
I/ActivityThread( 1967): Pub com.google.android.providers.talk: com.google.android.gsf.talk.TalkProvider
D/dalvikvm( 1815): GREF has increased to 301
D/dalvikvm( 1884): GC_EXTERNAL_ALLOC freed 127K, 50% free 2846K/5639K, external 2088K/2091K, paused 261ms
I/ActivityManager( 1815): Start proc com.android.mms for broadcast com.android.mms/.transaction.MmsSystemEventReceiver: pid=1977 uid=10016 gids={3003, 1015}
D/dalvikvm( 1815): GC_CONCURRENT freed 533K, 44% free 4196K/7367K, external 2767K/3967K, paused 12ms+10ms
D/dalvikvm( 1763): GC_EXPLICIT freed 11K, 53% free 2536K/5379K, external 716K/1038K, paused 135ms
E/keystore( 1978): chdir: /data/misc/keystore: No such file or directory
D/dalvikvm( 1763): GC_EXPLICIT freed <1K, 53% free 2536K/5379K, external 716K/1038K, paused 70ms
D/dalvikvm( 1763): GC_EXPLICIT freed <1K, 53% free 2536K/5379K, external 716K/1038K, paused 65ms
D/dalvikvm( 1884): GC_EXPLICIT freed 54K, 51% free 2816K/5639K, external 2155K/2487K, paused 68ms
D/dalvikvm( 1977): GC_CONCURRENT freed 410K, 54% free 2633K/5639K, external 716K/1038K, paused 5ms+6ms
I/ActivityThread( 1977): Pub com.android.mms.SuggestionsProvider: com.android.mms.SuggestionsProvider
I/ActivityManager( 1815): Start proc com.android.deskclock for broadcast com.android.deskclock/.AlarmInitReceiver: pid=1995 uid=10026 gids={}
I/ActivityThread( 1995): Pub com.android.deskclock: com.android.deskclock.AlarmProvider
D/dalvikvm( 1881): GREF has increased to 201
I/ActivityManager( 1815): Start proc com.android.email for broadcast com.android.email/.service.EmailBroadcastReceiver: pid=2006 uid=10024 gids={3003, 1015}
I/InputReader( 1815): Device reconfigured: id=0x20000, name=S3C TouchScreen, display size is now 480x800
I/InputManager-Callbacks( 1815): No virtual keys found for device S3C TouchScreen.
E/keystore( 2015): chdir: /data/misc/keystore: No such file or directory
