I/DEBUG   ( 1826): debuggerd: Feb  3 2011 14:55:55
I/Netd    ( 1825): Netd 1.0 starting
I/Vold    ( 1824): Vold 2.1 (the revenge) firing up
D/Vold    ( 1824): USB mass storage support is not enabled in the kernel
D/Vold    ( 1824): usb_configuration switch is not enabled in the kernel
D/Vold    ( 1824): Volume sdcard state changing -1 (Initializing) -> 0 (No-Media)
D/Vold    ( 1824): Volume sdcard state changing 0 (No-Media) -> 2 (Pending)
D/Vold    ( 1824): Volume sdcard state changing 2 (Pending) -> 1 (Idle-Unmounted)
E/keystore( 1831): chdir: /data/misc/keystore: No such file or directory
D/AndroidRuntime( 1828): 
D/AndroidRuntime( 1828): >>>>>> AndroidRuntime START com.android.internal.os.ZygoteInit <<<<<<
D/AndroidRuntime( 1828): CheckJNI is ON
I/        ( 1829): ServiceManager: 0xad50
W/AudioHardwareInterface( 1829): Using stubbed audio hardware. No sound will be produced.
D/AudioHardwareInterface( 1829): setMode(NORMAL)
I/CameraService( 1829): CameraService started (pid=1829)
I/AudioFlinger( 1829): AudioFlinger's thread 0xc5f0 ready to run
I/SamplingProfilerIntegration( 1828): Profiler is disabled.
I/Zygote  ( 1828): Preloading classes...
D/dalvikvm( 1828): GC_EXPLICIT freed 47K, 78% free 232K/1024K, external 0K/0K, paused 5ms
D/dalvikvm( 1828): GC_EXPLICIT freed 1K, 73% free 282K/1024K, external 0K/0K, paused 4ms
D/dalvikvm( 1828): GC_EXPLICIT freed 22K, 70% free 316K/1024K, external 0K/0K, paused 5ms
D/dalvikvm( 1828): GC_EXPLICIT freed 16K, 66% free 354K/1024K, external 0K/0K, paused 5ms
D/dalvikvm( 1828): GC_EXPLICIT freed 25K, 63% free 382K/1024K, external 0K/0K, paused 6ms
D/dalvikvm( 1828): GC_EXPLICIT freed 20K, 58% free 439K/1024K, external 0K/0K, paused 7ms
W/MediaProfiles( 1828): could not find media config xml file
D/dalvikvm( 1828): GC_EXPLICIT freed 99K, 47% free 545K/1024K, external 0K/0K, paused 10ms
D/dalvikvm( 1828): GC_EXPLICIT freed 272K, 28% free 884K/1219K, external 0K/0K, paused 20ms
D/dalvikvm( 1828): GC_EXPLICIT freed 21K, 24% free 931K/1219K, external 0K/0K, paused 18ms
D/RenderScript_jni( 1828): RenderScript JNI library not found!
D/dalvikvm( 1828): GC_EXPLICIT freed 25K, 19% free 998K/1219K, external 0K/0K, paused 18ms
D/dalvikvm( 1828): GC_EXPLICIT freed 47K, 5% free 1281K/1347K, external 0K/0K, paused 29ms
E/keystore( 1877): chdir: /data/misc/keystore: No such file or directory
D/dalvikvm( 1828): GC_EXPLICIT freed 24K, 3% free 1311K/1347K, external 0K/0K, paused 29ms
D/dalvikvm( 1828): GC_EXPLICIT freed 28K, 6% free 1336K/1411K, external 0K/0K, paused 28ms
D/dalvikvm( 1828): GC_EXPLICIT freed 14K, 3% free 1377K/1411K, external 0K/0K, paused 29ms
D/dalvikvm( 1828): GC_EXPLICIT freed 28K, 5% free 1402K/1475K, external 0K/0K, paused 30ms
D/dalvikvm( 1828): GC_EXPLICIT freed 28K, 3% free 1439K/1475K, external 0K/0K, paused 31ms
D/dalvikvm( 1828): GC_EXPLICIT freed 38K, 6% free 1457K/1539K, external 0K/0K, paused 31ms
D/dalvikvm( 1828): GC_EXPLICIT freed 40K, 5% free 1471K/1539K, external 0K/0K, paused 31ms
D/dalvikvm( 1828): GC_EXPLICIT freed 55K, 8% free 1485K/1603K, external 0K/0K, paused 31ms
D/dalvikvm( 1828): GC_FOR_MALLOC freed 2953K, 58% free 2169K/5123K, external 0K/0K, paused 83ms
E/keystore( 1878): chdir: /data/misc/keystore: No such file or directory
D/dalvikvm( 1828): GC_EXPLICIT freed 1404K, 55% free 2310K/5123K, external 0K/0K, paused 67ms
D/dalvikvm( 1828): GC_EXPLICIT freed 147K, 54% free 2373K/5123K, external 0K/0K, paused 58ms
D/dalvikvm( 1828): GC_EXPLICIT freed 73K, 54% free 2398K/5123K, external 0K/0K, paused 58ms
D/dalvikvm( 1828): GC_EXPLICIT freed 36K, 53% free 2416K/5123K, external 0K/0K, paused 57ms
E/keystore( 1879): chdir: /data/misc/keystore: No such file or directory
D/dalvikvm( 1828): GC_EXPLICIT freed 31K, 53% free 2439K/5123K, external 0K/0K, paused 58ms
D/dalvikvm( 1828): GC_EXPLICIT freed 38K, 52% free 2462K/5123K, external 0K/0K, paused 58ms
I/Zygote  ( 1828): ...preloaded 1830 classes in 12057ms.
D/dalvikvm( 1828): GC_EXPLICIT freed 17K, 52% free 2460K/5123K, external 0K/0K, paused 58ms
I/Zygote  ( 1828): Preloading resources...
D/dalvikvm( 1828): GC_EXTERNAL_ALLOC freed <1K, 52% free 2462K/5123K, external 0K/0K, paused 58ms
W/Zygote  ( 1828): Preloaded drawable resource #0x1080093 (res/drawable-hdpi/sym_def_app_icon.png) that varies with configuration!!
W/Zygote  ( 1828): Preloaded drawable resource #0x1080002 (res/drawable-hdpi/arrow_down_float.png) that varies with configuration!!
W/Zygote  ( 1828): Preloaded drawable resource #0x10800b4 (res/drawable/btn_check.xml) that varies with configuration!!
W/Zygote  ( 1828): Preloaded drawable resource #0x10800b7 (res/drawable-hdpi/btn_check_label_background.9.png) that varies with configuration!!
W/Zygote  ( 1828): Preloaded drawable resource #0x10800b8 (res/drawable-hdpi/btn_check_off.png) that varies with configuration!!
W/Zygote  ( 1828): Preloaded drawable resource #0x10800bd (res/drawable-hdpi/btn_check_on.png) that varies with configuration!!
W/Zygote  ( 1828): Preloaded drawable resource #0x1080004 (res/drawable/btn_default.xml) that varies with configuration!!
W/Zygote  ( 1828): Preloaded drawable resource #0x1080005 (res/drawable/btn_default_small.xml) that varies with configuration!!
W/Zygote  ( 1828): Preloaded drawable resource #0x1080006 (res/drawable/btn_dropdown.xml) that varies with configuration!!
W/Zygote  ( 1828): Preloaded drawable resource #0x1080008 (res/drawable/btn_plus.xml) that varies with configuration!!
D/dalvikvm( 1828): GC_EXTERNAL_ALLOC freed 20K, 52% free 2493K/5123K, external 524K/526K, paused 59ms
W/Zygote  ( 1828): Preloaded drawable resource #0x1080007 (res/drawable/btn_minus.xml) that varies with configuration!!
W/Zygote  ( 1828): Preloaded drawable resource #0x1080009 (res/drawable/btn_radio.xml) that varies with configuration!!
D/dalvikvm( 1828): GC_EXPLICIT freed 3K, 52% free 2498K/5123K, external 583K/1028K, paused 59ms
W/Zygote  ( 1828): Preloaded drawable resource #0x108000a (res/drawable/btn_star.xml) that varies with configuration!!
W/Zygote  ( 1828): Preloaded drawable resource #0x1080132 (res/drawable/btn_toggle.xml) that varies with configuration!!
W/Zygote  ( 1828): Preloaded drawable resource #0x1080196 (res/drawable-hdpi/ic_emergency.png) that varies with configuration!!
W/Zygote  ( 1828): Preloaded drawable resource #0x1080012 (res/drawable-hdpi/divider_horizontal_bright.9.png) that varies with configuration!!
W/Zygote  ( 1828): Preloaded drawable resource #0x1080014 (res/drawable-hdpi/divider_horizontal_dark.9.png) that varies with configuration!!
W/Zygote  ( 1828): Preloaded drawable resource #0x1080016 (res/drawable/edit_text.xml) that varies with configuration!!
W/Zygote  ( 1828): Preloaded drawable resource #0x1080170 (res/drawable/expander_group.xml) that varies with configuration!!
W/Zygote  ( 1828): Preloaded drawable resource #0x1080062 (res/drawable/list_selector_background.xml) that varies with configuration!!
W/Zygote  ( 1828): Preloaded drawable resource #0x108022a (res/drawable-hdpi/menu_background.9.png) that varies with configuration!!
W/Zygote  ( 1828): Preloaded drawable resource #0x108022b (res/drawable-hdpi/menu_background_fill_parent_width.9.png) that varies with configuration!!
W/Zygote  ( 1828): Preloaded drawable resource #0x108022c (res/drawable/menu_selector.xml) that varies with configuration!!
W/Zygote  ( 1828): Preloaded drawable resource #0x108023a (res/drawable-hdpi/panel_background.9.png) that varies with configuration!!
W/Zygote  ( 1828): Preloaded drawable resource #0x1080242 (res/drawable-hdpi/popup_bottom_bright.9.png) that varies with configuration!!
W/Zygote  ( 1828): Preloaded drawable resource #0x1080243 (res/drawable-hdpi/popup_bottom_dark.9.png) that varies with configuration!!
W/Zygote  ( 1828): Preloaded drawable resource #0x1080244 (res/drawable-hdpi/popup_bottom_medium.9.png) that varies with configuration!!
W/Zygote  ( 1828): Preloaded drawable resource #0x1080245 (res/drawable-hdpi/popup_center_bright.9.png) that varies with configuration!!
D/dalvikvm( 1828): GC_EXPLICIT freed 35K, 51% free 2521K/5123K, external 814K/1028K, paused 61ms
W/Zygote  ( 1828): Preloaded drawable resource #0x1080246 (res/drawable-hdpi/popup_center_dark.9.png) that varies with configuration!!
W/Zygote  ( 1828): Preloaded drawable resource #0x1080249 (res/drawable-hdpi/popup_full_dark.9.png) that varies with configuration!!
W/Zygote  ( 1828): Preloaded drawable resource #0x108024c (res/drawable-hdpi/popup_top_bright.9.png) that varies with configuration!!
W/Zygote  ( 1828): Preloaded drawable resource #0x108024d (res/drawable-hdpi/popup_top_dark.9.png) that varies with configuration!!
W/Zygote  ( 1828): Preloaded drawable resource #0x108006d (res/drawable/progress_indeterminate_horizontal.xml) that varies with configuration!!
W/Zygote  ( 1828): Preloaded drawable resource #0x1080253 (res/drawable/progress_small.xml) that varies with configuration!!
W/Zygote  ( 1828): Preloaded drawable resource #0x1080254 (res/drawable/progress_small_titlebar.xml) that varies with configuration!!
W/Zygote  ( 1828): Preloaded drawable resource #0x1080274 (res/drawable-hdpi/scrollbar_handle_horizontal.9.png) that varies with configuration!!
W/Zygote  ( 1828): Preloaded drawable resource #0x1080275 (res/drawable-hdpi/scrollbar_handle_vertical.9.png) that varies with configuration!!
W/Zygote  ( 1828): Preloaded drawable resource #0x1080071 (res/drawable/spinner_dropdown_background.xml) that varies with configuration!!
W/Zygote  ( 1828): Preloaded drawable resource #0x1080312 (res/drawable-hdpi/text_select_handle_left.png) that varies with configuration!!
W/Zygote  ( 1828): Preloaded drawable resource #0x1080313 (res/drawable-hdpi/text_select_handle_middle.png) that varies with configuration!!
W/Zygote  ( 1828): Preloaded drawable resource #0x1080314 (res/drawable-hdpi/text_select_handle_right.png) that varies with configuration!!
W/Zygote  ( 1828): Preloaded drawable resource #0x1080335 (res/drawable-hdpi/title_bar_shadow.9.png) that varies with configuration!!
W/Zygote  ( 1828): Preloaded drawable resource #0x10801d8 (res/drawable-hdpi/indicator_code_lock_drag_direction_green_up.png) that varies with configuration!!
W/Zygote  ( 1828): Preloaded drawable resource #0x10801d9 (res/drawable-hdpi/indicator_code_lock_drag_direction_red_up.png) that varies with configuration!!
D/dalvikvm( 1828): GC_EXTERNAL_ALLOC freed 29K, 51% free 2530K/5123K, external 999K/1028K, paused 60ms
W/Zygote  ( 1828): Preloaded drawable resource #0x10801da (res/drawable-hdpi/indicator_code_lock_point_area_default.png) that varies with configuration!!
W/Zygote  ( 1828): Preloaded drawable resource #0x10801db (res/drawable-hdpi/indicator_code_lock_point_area_green.png) that varies with configuration!!
W/Zygote  ( 1828): Preloaded drawable resource #0x10801dc (res/drawable-hdpi/indicator_code_lock_point_area_red.png) that varies with configuration!!
I/Zygote  ( 1828): ...preloaded 51 resources in 1310ms.
D/dalvikvm( 1828): GC_EXPLICIT freed 10K, 51% free 2538K/5123K, external 1069K/1492K, paused 60ms
I/Zygote  ( 1828): ...preloaded 15 resources in 88ms.
D/dalvikvm( 1828): GC_EXPLICIT freed 9K, 51% free 2529K/5123K, external 1069K/1492K, paused 60ms
D/dalvikvm( 1828): GC_EXPLICIT freed 2K, 51% free 2527K/5123K, external 1069K/1492K, paused 60ms
D/dalvikvm( 1828): GC_EXPLICIT freed <1K, 51% free 2527K/5123K, external 1069K/1492K, paused 60ms
I/dalvikvm( 1828): System server process 1880 has been created
I/Zygote  ( 1828): Accepting command socket connections
I/sysproc ( 1880): Entered system_init()
I/sysproc ( 1880): ServiceManager: 0x15add8
I/SurfaceFlinger( 1880): SurfaceFlinger is starting
I/SurfaceFlinger( 1880): SurfaceFlinger's main thread ready to run. Initializing graphics H/W...
I/gralloc ( 1880): using (fd=25)
I/gralloc ( 1880): id           = s3cfb
I/gralloc ( 1880): xres         = 480 px
I/gralloc ( 1880): yres         = 800 px
I/gralloc ( 1880): xres_virtual = 480 px
I/gralloc ( 1880): yres_virtual = 1600 px
I/gralloc ( 1880): bpp          = 16
I/gralloc ( 1880): r            = 11:5
I/gralloc ( 1880): g            =  5:6
I/gralloc ( 1880): b            =  0:5
I/gralloc ( 1880): width        = 40 mm (304.799988 dpi)
I/gralloc ( 1880): height       = 67 mm (303.283569 dpi)
I/gralloc ( 1880): refresh rate = 0.07 Hz
D/libEGL  ( 1880): loaded /system/lib/egl/libGLES_android.so
I/SurfaceFlinger( 1880): EGL informations:
I/SurfaceFlinger( 1880): # of configs : 8
I/SurfaceFlinger( 1880): vendor    : Android
I/SurfaceFlinger( 1880): version   : 1.4 Android META-EGL
I/SurfaceFlinger( 1880): extensions: EGL_KHR_image EGL_KHR_image_base EGL_KHR_image_pixmap EGL_ANDROID_image_native_buffer EGL_ANDROID_swap_rectangle 
I/SurfaceFlinger( 1880): Client API: OpenGL ES
I/SurfaceFlinger( 1880): EGLSurface: 5-6-5-0, config=0x0
I/SurfaceFlinger( 1880): OpenGL informations:
I/SurfaceFlinger( 1880): vendor    : Android
I/SurfaceFlinger( 1880): renderer  : Android PixelFlinger 1.4
I/SurfaceFlinger( 1880): version   : OpenGL ES-CM 1.0
I/SurfaceFlinger( 1880): extensions: GL_OES_byte_coordinates GL_OES_fixed_point GL_OES_single_precision GL_OES_read_format GL_OES_compressed_paletted_texture GL_OES_draw_texture GL_OES_matrix_get GL_OES_query_matrix GL_OES_EGL_image GL_OES_compressed_ETC1_RGB8_texture GL_ARB_texture_compression GL_ARB_texture_non_power_of_two GL_ANDROID_user_clip_plane GL_ANDROID_vertex_buffer_object GL_ANDROID_generate_mipmap 
I/SurfaceFlinger( 1880): GL_MAX_TEXTURE_SIZE = 4096
I/SurfaceFlinger( 1880): GL_MAX_VIEWPORT_DIMS = 4096
I/SurfaceFlinger( 1880): flags = 000c0000
D/SensorService( 1880): nuSensorService starting...
E/Sensors ( 1880): evdev_open
E/SensorService( 1880): couldn't open device for module sensors (Operation not permitted)
I/sysproc ( 1880): System server: starting Android runtime.
I/sysproc ( 1880): System server: starting Android services.
I/SystemServer( 1880): Entered the Android system server!
I/sysproc ( 1880): System server: entering thread pool.
I/SystemServer( 1880): Entropy Service
D/libEGL  ( 1893): loaded /system/lib/egl/libGLES_android.so
W/zipro   ( 1893): Unable to open zip '/data/local/bootanimation.zip': No such file or directory
W/zipro   ( 1893): Unable to open zip '/system/media/bootanimation.zip': No such file or directory
I/ARMAssembler( 1880): generated scanline__00000077:03010104_00000004_00000000 [ 22 ipp] (41 ins) at [0x43d2b1e8:0x43d2b28c] in 384364 ns
I/ARMAssembler( 1893): generated scanline__00000077:03545404_00000A01_00000000 [ 30 ipp] (51 ins) at [0x404281e8:0x404282b4] in 432184 ns
I/SystemServer( 1880): Power Manager
I/SystemServer( 1880): Activity Manager
I/ActivityManager( 1880): Memory class: 16
I/SystemServer( 1880): Telephony Registry
I/SystemServer( 1880): Package Manager
I/Installer( 1880): connecting...
I/installd( 1830): new connection
D/dalvikvm( 1880): GC_CONCURRENT freed 145K, 50% free 2831K/5575K, external 1069K/1492K, paused 5ms+6ms
W/PackageManager( 1880): Running ENG build: no pre-dexopt!
E/keystore( 1901): chdir: /data/misc/keystore: No such file or directory
D/dalvikvm( 1880): GC_CONCURRENT freed 280K, 50% free 3001K/5895K, external 1069K/1492K, paused 5ms+9ms
D/szipinf ( 1880): Initializing inflate state
I/PackageParser( 1880): com.aurorasoftworks.quadrant.ui.standard: compat added android.permission.WRITE_EXTERNAL_STORAGE android.permission.READ_PHONE_STATE
D/dalvikvm( 1880): GC_CONCURRENT freed 170K, 46% free 3302K/6087K, external 1069K/1492K, paused 5ms+10ms
D/dalvikvm( 1880): GC_CONCURRENT freed 224K, 46% free 3517K/6407K, external 1069K/1492K, paused 5ms+11ms
D/PackageManager( 1880): No files in app dir /vendor/app
D/PackageManager( 1880): No files in app dir /data/app
D/PackageManager( 1880): No files in app dir /data/app-private
I/PackageManager( 1880): Time to scan packages: 5.791 seconds
W/PackageManager( 1880): Unknown permission android.permission.ADD_SYSTEM_SERVICE in package com.android.phone
W/PackageManager( 1880): Not granting permission android.permission.SEND_DOWNLOAD_COMPLETED_INTENTS to package com.android.browser (protectionLevel=2 flags=0x9be45)
W/PackageManager( 1880): Not granting permission android.permission.SET_ORIENTATION to package com.aurorasoftworks.quadrant.ui.standard (protectionLevel=2 flags=0xae45)
W/PackageManager( 1880): Unknown permission com.google.android.gm.permission.WRITE_GMAIL in package com.android.settings
W/PackageManager( 1880): Unknown permission com.google.android.gm.permission.READ_GMAIL in package com.android.settings
W/PackageManager( 1880): Unknown permission android.permission.READ_OWNER_DATA in package com.android.email
W/PackageManager( 1880): Unknown permission com.android.providers.im.permission.READ_ONLY in package com.google.android.apps.maps
W/PackageManager( 1880): Not granting permission android.permission.DEVICE_POWER to package com.android.deskclock (protectionLevel=2 flags=0x8be45)
E/keystore( 1903): chdir: /data/misc/keystore: No such file or directory
D/dalvikvm( 1880): GC_EXPLICIT freed 328K, 46% free 3548K/6535K, external 1069K/1492K, paused 101ms
I/SystemServer( 1880): Account Manager
I/SystemServer( 1880): Content Manager
I/SystemServer( 1880): System Content Providers
I/ActivityThread( 1880): Pub settings: com.android.providers.settings.SettingsProvider
I/SystemServer( 1880): Battery Service
D/SettingsProvider( 1880): cache for settings table 'secure' rows=35; fullycached=true
I/SystemServer( 1880): Lights Service
I/SystemServer( 1880): Vibrator Service
D/SettingsProvider( 1880): cache for settings table 'system' rows=48; fullycached=true
I/SystemServer( 1880): Alarm Manager
I/SystemServer( 1880): Init Watchdog
I/SystemServer( 1880): Window Manager
I/InputManager( 1880): Initializing input manager
I/InputManager( 1880): Starting input manager
I/SystemServer( 1880): Bluetooth Service
I/EventHub( 1880): New device: path=/dev/input/event1 name=S3C TouchScreen id=0x40000 (of 0x1) index=1 fd=85 classes=0x4
E/EventHub( 1880): could not get driver version for /dev/input/mouse0, Not a typewriter
I/BluetoothProfileState( 1880): Message:Entering Stable State
I/BluetoothProfileState( 1880): Message:Entering Stable State
I/EventHub( 1880): New keyboard: device->id=0x10001 devname='s3c-keypad-rev0000' propName='hw.keyboards.65537.devname' keylayout='/system/usr/keylayout/qwerty.kl'
I/EventHub( 1880): New device: path=/dev/input/event0 name=s3c-keypad-rev0000 id=0x10001 (of 0x2) index=2 fd=87 classes=0x1
E/EventHub( 1880): could not get driver version for /dev/input/mice, Not a typewriter
I/InputManager-Callbacks( 1880): No input device calibration properties found for device s3c-keypad-rev0000.
I/InputReader( 1880): Device added: id=0x0, name=s3c-keypad-rev0000, sources=00000101
I/InputManager-Callbacks( 1880): No input device calibration properties found for device S3C TouchScreen.
I/InputReader( 1880): Device added: id=0x40000, name=S3C TouchScreen, sources=00001002
I/SystemServer( 1880): Device Policy
I/SystemServer( 1880): Status Bar
I/SystemServer( 1880): Clipboard Service
I/SystemServer( 1880): Input Method Service
I/InputManagerService( 1880): Enabled input methods: com.android.inputmethod.latin/.LatinIME:com.android.inputmethod.pinyin/.PinyinIME:jp.co.omronsoft.openwnn/.OpenWnnJAJP
I/SystemServer( 1880): NetStat Service
I/SystemServer( 1880): NetworkManagement Service
I/SystemServer( 1880): Connectivity Service
I/WifiService( 1880): WifiService starting up with Wi-Fi disabled
D/NetworkManagmentService( 1880): Registering observer
I/SystemServer( 1880): Throttle Service
I/SystemServer( 1880): Accessibility Manager
I/SystemServer( 1880): Mount Service
I/SystemServer( 1880): Notification Manager
I/SystemServer( 1880): Device Storage Monitor
I/SystemServer( 1880): Location Manager
D/VoldCmdListener( 1824): volume list
I/PackageManager( 1880): Updating external media status from unmounted to unmounted
D/VoldCmdListener( 1824): share status ums
I/SystemServer( 1880): Search Service
I/SystemServer( 1880): DropBox Service
I/SystemServer( 1880): Wallpaper Service
I/SystemServer( 1880): Audio Service
D/AudioHardwareInterface( 1829): setMode(NORMAL)
W/AudioPolicyManagerBase( 1829): setPhoneState() setting same state 0
I/SystemServer( 1880): Headset Observer
W/HeadsetObserver( 1880): This kernel does not have wired headset support
I/SystemServer( 1880): Dock Observer
W/DockObserver( 1880): This kernel does not have dock station support
I/SystemServer( 1880): USB Observer
W/UsbObserver( 1880): This kernel does not have USB configuration switch support
E/UsbObserver( 1880): 
E/UsbObserver( 1880): java.lang.NullPointerException
E/UsbObserver( 1880): 	at com.android.server.UsbObserver.init(UsbObserver.java:131)
E/UsbObserver( 1880): 	at com.android.server.UsbObserver.<init>(UsbObserver.java:65)
E/UsbObserver( 1880): 	at com.android.server.ServerThread.run(SystemServer.java:402)
I/SystemServer( 1880): UI Mode Manager Service
I/SystemServer( 1880): Backup Service
D/dalvikvm( 1880): GC_CONCURRENT freed 226K, 43% free 3880K/6727K, external 1069K/1492K, paused 6ms+29ms
I/BackupManagerService( 1880): Found stale backup journal, scheduling
I/BackupManagerService( 1880):   com.android.providers.settings
I/BackupManagerService( 1880): Backup enabled => true
I/SystemServer( 1880): AppWidget Service
I/SystemServer( 1880): Recognition Service
I/SystemServer( 1880): DiskStats Service
I/WindowManager( 1880): SAFE MODE not enabled
D/dalvikvm( 1880): JIT started for system_server
I/power   ( 1880): *** set_screen_state 1
D/PowerManagerService( 1880): system ready!
I/ActivityManager( 1880): System now ready
I/SystemServer( 1880): Making services ready
I/StatusBarManagerService( 1880): Starting service: ComponentInfo{com.android.systemui/com.android.systemui.statusbar.StatusBarService}
I/Zygote  ( 1880): Process: zygote socket opened
I/ActivityManager( 1880): Start proc com.android.systemui for service com.android.systemui/.statusbar.StatusBarService: pid=1942 uid=1000 gids={3002, 3001, 3003}
I/ActivityManager( 1880): Config changed: { scale=1.0 imsi=0/0 loc=en_US touch=0 keys=0/0/0 nav=0/0 orien=0 layout=0 uiMode=17 seq=2}
I/ActivityManager( 1880): Config changed: { scale=1.0 imsi=0/0 loc=en_US touch=3 keys=1/1/2 nav=1/1 orien=1 layout=268435490 uiMode=17 seq=3}
W/RecognitionManagerService( 1880): no available voice recognition services found
I/ActivityManager( 1880): Start proc com.android.inputmethod.latin for service com.android.inputmethod.latin/.LatinIME: pid=1951 uid=10021 gids={}
D/NetworkManagmentService( 1880): Registering observer
E/ThrottleService( 1880): Could not open GPS configuration file /etc/gps.conf
I/ActivityManager( 1880): Start proc com.android.phone for added application com.android.phone: pid=1956 uid=1001 gids={3002, 3001, 3003, 1015}
I/ActivityManager( 1880): Starting: Intent { act=android.intent.action.MAIN cat=[android.intent.category.HOME] flg=0x10000000 cmp=com.android.launcher/com.android.launcher2.Launcher } from pid 0
I/ActivityManager( 1880): Start proc com.android.launcher for activity com.android.launcher/com.android.launcher2.Launcher: pid=1965 uid=10020 gids={}
I/SystemServer( 1880): Enabled StrictMode for system server main thread.
D/dalvikvm( 1880): GC_EXTERNAL_ALLOC freed 130K, 42% free 3954K/6727K, external 1447K/1492K, paused 219ms
W/GpsLocationProvider( 1880): Could not open GPS configuration file /etc/gps.conf
D/dalvikvm( 1942): GC_CONCURRENT freed 394K, 54% free 2643K/5639K, external 1069K/1492K, paused 15ms+16ms
W/ActivityManager( 1880): Unable to start service Intent { act=@0 }: not found
W/ActivityManager( 1880): Unable to start service Intent { act=@0 }: not found
W/GpsLocationProvider( 1880): Failed to enable location provider
I/ActivityManager( 1880): Start proc com.android.settings for broadcast com.android.settings/.widget.SettingsAppWidgetProvider: pid=1980 uid=1000 gids={3002, 3001, 3003}
D/dalvikvm( 1880): GREF has increased to 201
D/dalvikvm( 1956): GC_CONCURRENT freed 403K, 54% free 2642K/5639K, external 1069K/1492K, paused 5ms+26ms
D/dalvikvm( 1951): GC_CONCURRENT freed 396K, 54% free 2649K/5639K, external 1069K/1492K, paused 5ms+63ms
D/dalvikvm( 1965): GC_CONCURRENT freed 404K, 54% free 2641K/5639K, external 1069K/1492K, paused 5ms+39ms
D/dalvikvm( 1942): GC_EXTERNAL_ALLOC freed 28K, 54% free 2645K/5639K, external 1438K/1492K, paused 416ms
D/dalvikvm( 1880): GC_EXTERNAL_ALLOC freed 48K, 41% free 3986K/6727K, external 1912K/1933K, paused 303ms
I/ActivityThread( 1965): Pub com.android.launcher2.settings: com.android.launcher2.LauncherProvider
D/dalvikvm( 1980): GC_CONCURRENT freed 406K, 54% free 2639K/5639K, external 1069K/1492K, paused 5ms+59ms
I//system/bin/tc( 1825): link_image[1962]:  1989 could not load needed library 'libiprouteutil.so' for '/system/bin/tc' (load_library[1104]: Library 'libiprouteutil.so' not found)CANNOT LINK EXECUTABLE
I/logwrapper( 1825): /system/bin/tc terminated by exit(255)
I/ActivityThread( 1956): Pub mms: com.android.providers.telephony.MmsProvider
I//system/bin/tc( 1825): link_image[1962]:  1991 could not load needed library 'libiprouteutil.so' for '/system/bin/tc' (load_library[1104]: Library 'libiprouteutil.so' not found)CANNOT LINK EXECUTABLE
I/logwrapper( 1825): /system/bin/tc terminated by exit(255)
I//system/bin/tc( 1825): link_image[1962]:  1992 could not load needed library 'libiprouteutil.so' for '/system/bin/tc' (load_library[1104]: Library 'libiprouteutil.so' not found)CANNOT LINK EXECUTABLE
I/logwrapper( 1825): /system/bin/tc terminated by exit(255)
I/ActivityThread( 1956): Pub sms: com.android.providers.telephony.SmsProvider
E/keystore( 1988): chdir: /data/misc/keystore: No such file or directory
I/ActivityThread( 1956): Pub telephony: com.android.providers.telephony.TelephonyProvider
I/StatusBarManagerService( 1880): registerStatusBar bar=com.android.internal.statusbar.IStatusBar$Stub$Proxy@405e30d0
I/ActivityThread( 1956): Pub icc: com.android.phone.IccProvider
I/ActivityThread( 1956): Pub mms-sms: com.android.providers.telephony.MmsSmsProvider
D/VoldCmdListener( 1824): share status ums
D/StorageNotification( 1942): Startup with UMS connection false (media state unmounted)
I/StorageNotification( 1942): UMS connection changed to false (media state unmounted)
I/ActivityManager( 1880): Start proc android.process.acore for content provider com.android.providers.userdictionary/.UserDictionaryProvider: pid=1997 uid=10000 gids={3003, 1015}
D/dalvikvm( 1965): GC_EXTERNAL_ALLOC freed 48K, 53% free 2696K/5639K, external 1177K/1492K, paused 183ms
D/dalvikvm( 1951): GC_EXTERNAL_ALLOC freed 69K, 52% free 2736K/5639K, external 1473K/1492K, paused 184ms
D/dalvikvm( 1880): GC_CONCURRENT freed 284K, 42% free 4151K/7047K, external 2228K/2311K, paused 7ms+10ms
D/dalvikvm( 1880): GC_EXTERNAL_ALLOC freed 42K, 42% free 4109K/7047K, external 2228K/2311K, paused 200ms
I/ActivityThread( 1997): Pub com.android.social: com.android.providers.contacts.SocialProvider
D/CallManager( 1956): registerPhone(GSM Handler{4055ebc8})
I/ActivityThread( 1997): Pub applications: com.android.providers.applications.ApplicationsProvider
W/ActivityManager( 1880): Unable to start service Intent { act=com.android.ussd.IExtendedNetworkService }: not found
D/dalvikvm( 1997): GC_CONCURRENT freed 411K, 54% free 2619K/5639K, external 1069K/1492K, paused 5ms+95ms
D/dalvikvm( 1965): GC_EXTERNAL_ALLOC freed 30K, 52% free 2723K/5639K, external 1900K/1930K, paused 579ms
D/dalvikvm( 1880): GC_EXTERNAL_ALLOC freed 61K, 42% free 4155K/7047K, external 2826K/2860K, paused 287ms
I/TelephonyRegistry( 1880): notifyServiceState: 1 home null null null  Unknown CSS not supported -1 -1RoamInd: -1DefRoamInd: -1EmergOnly: false
I/ActivityThread( 1997): Pub contacts;com.android.contacts: com.android.providers.contacts.ContactsProvider2
I/TelephonyRegistry( 1880): notifyDataConnection: state=0 isDataConnectivityPossible=false reason=radioTurnedOff interfaceName=null networkType=0
I/TelephonyRegistry( 1880): notifyDataConnection: state=0 isDataConnectivityPossible=false reason=gprsDetached interfaceName=null networkType=0
D/BT HSHFP( 1956): Starting BluetoothHeadsetService
D/dalvikvm( 1956): GC_CONCURRENT freed 169K, 50% free 2868K/5703K, external 1069K/1492K, paused 5ms+35ms
D/dalvikvm( 1880): GC_EXTERNAL_ALLOC freed 99K, 42% free 4153K/7047K, external 2812K/3388K, paused 396ms
E/keystore( 2022): chdir: /data/misc/keystore: No such file or directory
D/dalvikvm( 1965): GC_EXTERNAL_ALLOC freed 14K, 52% free 2743K/5639K, external 2393K/2399K, paused 413ms
D/dalvikvm( 1880): GC_EXTERNAL_ALLOC freed 85K, 41% free 4163K/7047K, external 3383K/4225K, paused 253ms
I/ActivityThread( 1997): Pub call_log: com.android.providers.contacts.CallLogProvider
I/ActivityThread( 1997): Pub user_dictionary: com.android.providers.userdictionary.UserDictionaryProvider
I/ActivityManager( 1880): Displayed com.android.launcher/com.android.launcher2.Launcher: +10s157ms
W/ActivityManager( 1880): Activity idle timeout for HistoryRecord{4065eb38 com.android.launcher/com.android.launcher2.Launcher}
D/OtaStartupReceiver( 1956): Not a CDMA phone, no need to process OTA
D/PowerManagerService( 1880): bootCompleted
D/VoldCmdListener( 1824): volume mount /mnt/sdcard
I/Vold    ( 1824): /dev/block/vold/179:1 being considered for volume sdcard
D/Vold    ( 1824): Volume sdcard state changing 1 (Idle-Unmounted) -> 3 (Checking)
I/StorageNotification( 1942): Media {/mnt/sdcard} state changed from {unmounted} -> {checking}
I/SearchManagerService( 1880): Building list of searchable activities
W/logwrapper( 2029): Unable to background process (No such file or directory)
I/ActivityManager( 1880): Start proc com.android.mms for broadcast com.android.mms/.transaction.MmsSystemEventReceiver: pid=2031 uid=10016 gids={3003, 1015}
I//system/bin/fsck_msdos( 1824): ** /dev/block/vold/179:1
I//system/bin/fsck_msdos( 1824): ** Phase 1 - Read and Compare FATs
I//system/bin/fsck_msdos( 1824): Attempting to allocate 2003 KB for FAT
I/RecoverySystem( 1880): No recovery log file
I/ActivityManager( 1880): Start proc android.process.media for content provider com.android.providers.downloads/.DownloadProvider: pid=2034 uid=10017 gids={1015, 1006, 2001, 3003}
D/dalvikvm( 2031): GC_CONCURRENT freed 407K, 54% free 2638K/5639K, external 1069K/1492K, paused 5ms+16ms
I//system/bin/fsck_msdos( 1824): Attempting to allocate 2003 KB for FAT
I/ActivityThread( 2031): Pub com.android.mms.SuggestionsProvider: com.android.mms.SuggestionsProvider
I//system/bin/fsck_msdos( 1824): ** Phase 2 - Check Cluster Chains
I//system/bin/fsck_msdos( 1824): ** Phase 3 - Checking Directories
I//system/bin/fsck_msdos( 1824): ** Phase 4 - Checking for Lost Files
I//system/bin/fsck_msdos( 1824): Free space in FSInfo block (299940) not correct (300034)
I//system/bin/fsck_msdos( 1824): FIXED
I//system/bin/fsck_msdos( 1824): 295 files, 1200136 free (300034 clusters)
D/dalvikvm( 1880): GREF has increased to 301
E/keystore( 2047): chdir: /data/misc/keystore: No such file or directory
D/dalvikvm( 1997): GC_CONCURRENT freed 232K, 51% free 2807K/5703K, external 1069K/1492K, paused 4ms+95ms
I/Vold    ( 1824): Filesystem check completed OK
I/Vold    ( 1824): Device /dev/block/vold/179:1, target /mnt/sdcard mounted @ /mnt/secure/staging
D/Vold    ( 1824): Volume sdcard state changing 3 (Checking) -> 4 (Mounted)
I/PackageManager( 1880): Updating external media status from unmounted to mounted
I/ActivityThread( 2034): Pub media: com.android.providers.media.MediaProvider
I/StorageNotification( 1942): Media {/mnt/sdcard} state changed from {checking} -> {mounted}
D/VoldCmdListener( 1824): asec list
I/PackageManager( 1880): No secure containers on sdcard
I/SurfaceFlinger( 1880): Boot is finished (25105 ms)
I/ARMAssembler( 1880): generated scanline__00000177:03010104_00000002_00000000 [ 44 ipp] (66 ins) at [0x43d2b290:0x43d2b398] in 239762 ns
I/ARMAssembler( 1880): generated scanline__00000177:03515104_00000001_00000000 [ 73 ipp] (95 ins) at [0x43d2b3a0:0x43d2b51c] in 291843 ns
D/dalvikvm( 2034): GC_CONCURRENT freed 395K, 54% free 2598K/5639K, external 1069K/1492K, paused 5ms+31ms
W/PackageManager( 1880): Unknown permission android.permission.ADD_SYSTEM_SERVICE in package com.android.phone
W/PackageManager( 1880): Not granting permission android.permission.SEND_DOWNLOAD_COMPLETED_INTENTS to package com.android.browser (protectionLevel=2 flags=0x9be45)
W/PackageManager( 1880): Not granting permission android.permission.SET_ORIENTATION to package com.aurorasoftworks.quadrant.ui.standard (protectionLevel=2 flags=0xae45)
W/PackageManager( 1880): Unknown permission com.google.android.gm.permission.WRITE_GMAIL in package com.android.settings
W/PackageManager( 1880): Unknown permission com.google.android.gm.permission.READ_GMAIL in package com.android.settings
W/PackageManager( 1880): Unknown permission android.permission.READ_OWNER_DATA in package com.android.email
W/PackageManager( 1880): Unknown permission com.android.providers.im.permission.READ_ONLY in package com.google.android.apps.maps
W/PackageManager( 1880): Not granting permission android.permission.DEVICE_POWER to package com.android.deskclock (protectionLevel=2 flags=0x8be45)
I/ActivityManager( 1880): Start proc com.google.android.apps.maps:FriendService for broadcast com.google.android.apps.maps/com.google.googlenav.friend.android.ServiceReceiver: pid=2058 uid=10018 gids={3003, 1015}
V/MediaProvider( 2034): Attached volume: internal
V/MediaProvider( 2034): /mnt/sdcard volume ID: -397634766
D/dalvikvm( 1828): GC_EXPLICIT freed 10K, 53% free 2538K/5379K, external 1069K/1492K, paused 381ms
V/MediaProvider( 2034): Attached volume: external
D/dalvikvm( 1828): GC_EXPLICIT freed <1K, 53% free 2538K/5379K, external 1069K/1492K, paused 243ms
I/ActivityThread( 2034): Pub downloads: com.android.providers.downloads.DownloadProvider
I/ActivityThread( 2034): Pub drm: com.android.providers.drm.DrmProvider
D/dalvikvm( 1956): GREF has increased to 201
E/keystore( 2069): chdir: /data/misc/keystore: No such file or directory
D/dalvikvm( 1828): GC_EXPLICIT freed <1K, 53% free 2538K/5379K, external 1069K/1492K, paused 364ms
D/dalvikvm( 2058): GC_CONCURRENT freed 410K, 54% free 2635K/5639K, external 1069K/1492K, paused 5ms+8ms
D/dalvikvm( 2058): GC_CONCURRENT freed 120K, 48% free 3042K/5767K, external 1069K/1492K, paused 4ms+13ms
I/ActivityManager( 1880): Start proc com.google.process.gapps for content provider com.google.android.gsf/.settings.GoogleSettingsProvider: pid=2070 uid=10013 gids={3003, 1015, 2001, 1007}
I/ActivityThread( 2070): Pub com.google.settings: com.google.android.gsf.settings.GoogleSettingsProvider
I/ActivityThread( 2070): Pub com.google.android.gsf.gservices: com.google.android.gsf.gservices.GservicesProvider
I/GservicesProvider( 2070): Gservices pushing to system: true; secure: true
I/ActivityThread( 2070): Pub subscribedfeeds: com.google.android.gsf.subscribedfeeds.SubscribedFeedsProvider
I/ActivityThread( 2070): Pub com.google.android.providers.talk: com.google.android.gsf.talk.TalkProvider
I/ActivityManager( 1880): Start proc com.android.email for broadcast com.android.email/.service.EmailBroadcastReceiver: pid=2081 uid=10024 gids={3003, 1015}
D/dalvikvm( 1965): GC_EXTERNAL_ALLOC freed 145K, 50% free 2855K/5639K, external 2970K/2984K, paused 265ms
D/dalvikvm( 1880): GC_CONCURRENT freed 792K, 46% free 4226K/7687K, external 3683K/4883K, paused 7ms+20ms
I/ActivityThread( 2081): Pub com.android.email.provider: com.android.email.provider.EmailProvider
I/ActivityThread( 2081): Pub com.android.email.attachmentprovider: com.android.email.provider.AttachmentProvider
I/ActivityThread( 2081): Pub com.android.exchange.provider: com.android.exchange.provider.ExchangeProvider
D/EAS SyncManager( 2081): !!! EAS SyncManager, onCreate
D/MediaScannerService( 2034): start scanning volume internal
D/Eas Debug( 2081): Logging: 
D/EAS SyncManager( 2081): !!! EAS SyncManager, onDestroy
D/Email   ( 2081): BOOT_COMPLETED
D/EAS SyncManager( 2081): !!! EAS SyncManager, onCreate
D/EAS SyncManager( 2081): !!! EAS SyncManager, onStartCommand
D/EAS SyncManager( 2081): !!! EAS SyncManager, stopping self
D/EAS SyncManager( 2081): !!! EAS SyncManager, onDestroy
D/dalvikvm( 2070): GC_CONCURRENT freed 871K, 56% free 2749K/6215K, external 1069K/1492K, paused 5ms+15ms
V/update.Download( 2070): deleting all update downloads
I/ActivityManager( 1880): Starting: Intent { flg=0x10000000 cmp=com.google.android.gsf/.update.SystemUpdateInstallDialog } from pid 2070
I/ActivityManager( 1880): Start proc com.android.deskclock for broadcast com.android.deskclock/.AlarmInitReceiver: pid=2103 uid=10026 gids={}
I/ActivityThread( 2103): Pub com.android.deskclock: com.android.deskclock.AlarmProvider
D/MediaScanner( 2034):  prescan time: 1098ms
D/MediaScanner( 2034):     scan time: 248ms
D/MediaScanner( 2034): postscan time: 1ms
D/MediaScanner( 2034):    total time: 1347ms
D/MediaScannerService( 2034): done scanning volume internal
I/ActivityManager( 1880): Start proc com.android.music for broadcast com.android.music/.MediaAppWidgetProvider: pid=2113 uid=10015 gids={3003, 1015}
E/keystore( 2121): chdir: /data/misc/keystore: No such file or directory
D/dalvikvm( 1965): GC_EXPLICIT freed 81K, 50% free 2829K/5639K, external 3490K/3621K, paused 70ms
I/ActivityManager( 1880): Start proc com.android.quicksearchbox for broadcast com.android.quicksearchbox/.SearchWidgetProvider: pid=2122 uid=10008 gids={3003}
I/ActivityThread( 2122): Pub com.android.quicksearchbox.google: com.android.quicksearchbox.google.GoogleSuggestionProvider
I/ActivityThread( 2122): Pub com.android.quicksearchbox.shortcuts: com.android.quicksearchbox.ShortcutsProvider
I/ActivityManager( 1880): Start proc com.android.protips for broadcast com.android.protips/.ProtipWidget: pid=2130 uid=10009 gids={}
D/MediaScannerService( 2034): start scanning volume external
D/MediaScanner( 2034):  prescan time: 63ms
D/MediaScanner( 2034):     scan time: 65ms
D/MediaScanner( 2034): postscan time: 0ms
D/MediaScanner( 2034):    total time: 128ms
D/MediaScannerService( 2034): done scanning volume external
E/keystore( 2140): chdir: /data/misc/keystore: No such file or directory
I/InputReader( 1880): Device reconfigured: id=0x40000, name=S3C TouchScreen, display size is now 480x800
I/InputManager-Callbacks( 1880): No virtual keys found for device S3C TouchScreen.
I/StagefrightPlayer( 1829): setDataSource('/system/media/audio/ui/Unlock.ogg')
I/StagefrightPlayer( 1829): setDataSource('/system/media/audio/ui/Unlock.ogg')
E/keystore( 2142): chdir: /data/misc/keystore: No such file or directory
I/ARMAssembler( 1880): generated scanline__00000177:03515104_00001001_00000000 [ 91 ipp] (114 ins) at [0x43d2b520:0x43d2b6e8] in 324993 ns
E/keystore( 2153): chdir: /data/misc/keystore: No such file or directory
D/dalvikvm( 2130): GC_CONCURRENT freed 1031K, 59% free 2589K/6215K, external 1069K/1492K, paused 5ms+31ms
D/dalvikvm( 2130): GC_CONCURRENT freed 464K, 59% free 2566K/6215K, external 1069K/1492K, paused 5ms+8ms
D/dalvikvm( 1965): GC_EXTERNAL_ALLOC freed 282K, 50% free 2985K/5895K, external 3327K/3621K, paused 75ms
I/ActivityManager( 1880): Starting: Intent { act=android.intent.action.MAIN cat=[android.intent.category.LAUNCHER] flg=0x10200000 cmp=com.aurorasoftworks.quadrant.ui.standard/.QuadrantStandardActivity } from pid 1965
I/ActivityManager( 1880): Start proc com.aurorasoftworks.quadrant.ui.standard for activity com.aurorasoftworks.quadrant.ui.standard/.QuadrantStandardActivity: pid=2159 uid=10033 gids={3003, 1015}
E/keystore( 2167): chdir: /data/misc/keystore: No such file or directory
I/com.aurorasoftworks.sig( 2159): Instantiating an application: com.aurorasoftworks.quadrant.ui.standard.QuadrantStandardApplication
D/com.aurorasoftworks.sig( 2159): Context loaded in 215 ms
I/AdMobSDK( 2159): AdMob SDK version is 20100527-ANDROID-3312276cc1406347
I/com.aurorasoftworks.qua( 2159): Debug mode: false
I/com.aurorasoftworks.sig( 2159): Creating an application: com.aurorasoftworks.quadrant.ui.standard.QuadrantStandardApplication
I/com.aurorasoftworks.sig( 2159): Instantiating an activity: com.aurorasoftworks.quadrant.ui.standard.QuadrantStandardActivity
I/com.aurorasoftworks.sig( 2159): Creating an activity: com.aurorasoftworks.quadrant.ui.standard.QuadrantStandardActivity
I/com.aurorasoftworks.sig( 2159): Starting an activity: com.aurorasoftworks.quadrant.ui.standard.QuadrantStandardActivity
I/com.aurorasoftworks.sig( 2159): Resuming an activity: com.aurorasoftworks.quadrant.ui.standard.QuadrantStandardActivity
D/libEGL  ( 2159): loaded /system/lib/egl/libGLES_android.so
I/ActivityManager( 1880): Displayed com.aurorasoftworks.quadrant.ui.standard/.QuadrantStandardActivity: +2s83ms (total +23s327ms)
I/ARMAssembler( 1880): generated scanline__00000177:03515104_00001002_00000000 [ 87 ipp] (110 ins) at [0x43d2b6f0:0x43d2b8a8] in 324303 ns
I/dalvikvm( 1880): Jit: resizing JitTable from 512 to 1024
D/dalvikvm( 2159): GC_EXTERNAL_ALLOC freed 634K, 54% free 2776K/6023K, external 1437K/1492K, paused 76ms
I/com.aurorasoftworks.com( 2159): Ad runtime in the build: true
I/AdMobSDK( 2159): To get test ads on this device use AdManager.setTestDevices( new String[] { "48B81912F94D0300C47066A08EC136F7" } )
W/AdMobSDK( 2159): Ignoring requestFreshAd() because we are requesting an ad right now already.
I/AdMobSDK( 2159): Publisher ID set to a14b9a38ac49191
W/AdMobSDK( 2159): could not open connection to url http://mm.admob.com/static/android/i18n/20100527/en.properties
W/AdMobSDK( 2159): java.net.UnknownHostException: mm.admob.com
W/AdMobSDK( 2159): 	at java.net.InetAddress.lookupHostByName(InetAddress.java:506)
W/AdMobSDK( 2159): 	at java.net.InetAddress.getAllByNameImpl(InetAddress.java:294)
W/AdMobSDK( 2159): 	at java.net.InetAddress.getAllByName(InetAddress.java:256)
W/AdMobSDK( 2159): 	at org.apache.harmony.luni.internal.net.www.protocol.http.HttpConnection.<init>(HttpConnection.java:69)
W/AdMobSDK( 2159): 	at org.apache.harmony.luni.internal.net.www.protocol.http.HttpConnection.<init>(HttpConnection.java:48)
W/AdMobSDK( 2159): 	at org.apache.harmony.luni.internal.net.www.protocol.http.HttpConnection$Address.connect(HttpConnection.java:322)
W/AdMobSDK( 2159): 	at org.apache.harmony.luni.internal.net.www.protocol.http.HttpConnectionPool.get(HttpConnectionPool.java:89)
W/AdMobSDK( 2159): 	at org.apache.harmony.luni.internal.net.www.protocol.http.HttpURLConnectionImpl.getHttpConnection(HttpURLConnectionImpl.java:285)
W/AdMobSDK( 2159): 	at org.apache.harmony.luni.internal.net.www.protocol.http.HttpURLConnectionImpl.makeConnection(HttpURLConnectionImpl.java:267)
W/AdMobSDK( 2159): 	at org.apache.harmony.luni.internal.net.www.protocol.http.HttpURLConnectionImpl.connect(HttpURLConnectionImpl.java:205)
W/AdMobSDK( 2159): 	at com.admob.android.ads.u.a(Unknown Source)
W/AdMobSDK( 2159): 	at com.admob.android.ads.u.run(Unknown Source)
W/AdMobSDK( 2159): 	at java.lang.Thread.run(Thread.java:1019)
W/AdMobSDK( 2159): could not open connection to url http://r.admob.com/ad_source.php
W/AdMobSDK( 2159): java.net.UnknownHostException: r.admob.com
W/AdMobSDK( 2159): 	at java.net.InetAddress.lookupHostByName(InetAddress.java:506)
W/AdMobSDK( 2159): 	at java.net.InetAddress.getAllByNameImpl(InetAddress.java:294)
W/AdMobSDK( 2159): 	at java.net.InetAddress.getAllByName(InetAddress.java:256)
W/AdMobSDK( 2159): 	at org.apache.harmony.luni.internal.net.www.protocol.http.HttpConnection.<init>(HttpConnection.java:69)
W/AdMobSDK( 2159): 	at org.apache.harmony.luni.internal.net.www.protocol.http.HttpConnection.<init>(HttpConnection.java:48)
W/AdMobSDK( 2159): 	at org.apache.harmony.luni.internal.net.www.protocol.http.HttpConnection$Address.connect(HttpConnection.java:322)
W/AdMobSDK( 2159): 	at org.apache.harmony.luni.internal.net.www.protocol.http.HttpConnectionPool.get(HttpConnectionPool.java:89)
W/AdMobSDK( 2159): 	at org.apache.harmony.luni.internal.net.www.protocol.http.HttpURLConnectionImpl.getHttpConnection(HttpURLConnectionImpl.java:285)
W/AdMobSDK( 2159): 	at org.apache.harmony.luni.internal.net.www.protocol.http.HttpURLConnectionImpl.makeConnection(HttpURLConnectionImpl.java:267)
W/AdMobSDK( 2159): 	at org.apache.harmony.luni.internal.net.www.protocol.http.HttpURLConnectionImpl.connect(HttpURLConnectionImpl.java:205)
W/AdMobSDK( 2159): 	at org.apache.harmony.luni.internal.net.www.protocol.http.HttpURLConnectionImpl.getOutputStream(HttpURLConnectionImpl.java:614)
W/AdMobSDK( 2159): 	at com.admob.android.ads.u.a(Unknown Source)
W/AdMobSDK( 2159): 	at com.admob.android.ads.M.a(Unknown Source)
W/AdMobSDK( 2159): 	at com.admob.android.ads.A.run(Unknown Source)
W/AdMobSDK( 2159): could not open connection to url http://r.admob.com/ad_source.php
W/AdMobSDK( 2159): java.net.UnknownHostException: r.admob.com
W/AdMobSDK( 2159): 	at java.net.InetAddress.lookupHostByName(InetAddress.java:497)
W/AdMobSDK( 2159): 	at java.net.InetAddress.getAllByNameImpl(InetAddress.java:294)
W/AdMobSDK( 2159): 	at java.net.InetAddress.getAllByName(InetAddress.java:256)
W/AdMobSDK( 2159): 	at org.apache.harmony.luni.internal.net.www.protocol.http.HttpConnection.<init>(HttpConnection.java:69)
W/AdMobSDK( 2159): 	at org.apache.harmony.luni.internal.net.www.protocol.http.HttpConnection.<init>(HttpConnection.java:48)
W/AdMobSDK( 2159): 	at org.apache.harmony.luni.internal.net.www.protocol.http.HttpConnection$Address.connect(HttpConnection.java:322)
W/AdMobSDK( 2159): 	at org.apache.harmony.luni.internal.net.www.protocol.http.HttpConnectionPool.get(HttpConnectionPool.java:89)
W/AdMobSDK( 2159): 	at org.apache.harmony.luni.internal.net.www.protocol.http.HttpURLConnectionImpl.getHttpConnection(HttpURLConnectionImpl.java:285)
W/AdMobSDK( 2159): 	at org.apache.harmony.luni.internal.net.www.protocol.http.HttpURLConnectionImpl.makeConnection(HttpURLConnectionImpl.java:267)
W/AdMobSDK( 2159): 	at org.apache.harmony.luni.internal.net.www.protocol.http.HttpURLConnectionImpl.connect(HttpURLConnectionImpl.java:205)
W/AdMobSDK( 2159): 	at org.apache.harmony.luni.internal.net.www.protocol.http.HttpURLConnectionImpl.getOutputStream(HttpURLConnectionImpl.java:614)
W/AdMobSDK( 2159): 	at com.admob.android.ads.u.a(Unknown Source)
W/AdMobSDK( 2159): 	at com.admob.android.ads.M.a(Unknown Source)
W/AdMobSDK( 2159): 	at com.admob.android.ads.A.run(Unknown Source)
W/AdMobSDK( 2159): could not open connection to url http://r.admob.com/ad_source.php
W/AdMobSDK( 2159): java.net.UnknownHostException: r.admob.com
W/AdMobSDK( 2159): 	at java.net.InetAddress.lookupHostByName(InetAddress.java:497)
W/AdMobSDK( 2159): 	at java.net.InetAddress.getAllByNameImpl(InetAddress.java:294)
W/AdMobSDK( 2159): 	at java.net.InetAddress.getAllByName(InetAddress.java:256)
W/AdMobSDK( 2159): 	at org.apache.harmony.luni.internal.net.www.protocol.http.HttpConnection.<init>(HttpConnection.java:69)
W/AdMobSDK( 2159): 	at org.apache.harmony.luni.internal.net.www.protocol.http.HttpConnection.<init>(HttpConnection.java:48)
W/AdMobSDK( 2159): 	at org.apache.harmony.luni.internal.net.www.protocol.http.HttpConnection$Address.connect(HttpConnection.java:322)
W/AdMobSDK( 2159): 	at org.apache.harmony.luni.internal.net.www.protocol.http.HttpConnectionPool.get(HttpConnectionPool.java:89)
W/AdMobSDK( 2159): 	at org.apache.harmony.luni.internal.net.www.protocol.http.HttpURLConnectionImpl.getHttpConnection(HttpURLConnectionImpl.java:285)
W/AdMobSDK( 2159): 	at org.apache.harmony.luni.internal.net.www.protocol.http.HttpURLConnectionImpl.makeConnection(HttpURLConnectionImpl.java:267)
W/AdMobSDK( 2159): 	at org.apache.harmony.luni.internal.net.www.protocol.http.HttpURLConnectionImpl.connect(HttpURLConnectionImpl.java:205)
W/AdMobSDK( 2159): 	at org.apache.harmony.luni.internal.net.www.protocol.http.HttpURLConnectionImpl.getOutputStream(HttpURLConnectionImpl.java:614)
W/AdMobSDK( 2159): 	at com.admob.android.ads.u.a(Unknown Source)
W/AdMobSDK( 2159): 	at com.admob.android.ads.M.a(Unknown Source)
W/AdMobSDK( 2159): 	at com.admob.android.ads.A.run(Unknown Source)
I/AdMobSDK( 2159): No fill.  Server replied that no ads are available (448ms)
E/keystore( 2176): chdir: /data/misc/keystore: No such file or directory
I/ActivityManager( 1880): Starting: Intent { cmp=com.aurorasoftworks.quadrant.ui.standard/com.aurorasoftworks.quadrant.ui.runner.BenchmarkExecutionActivity } from pid 2159
I/com.aurorasoftworks.sig( 2159): Pausing an activity: com.aurorasoftworks.quadrant.ui.standard.QuadrantStandardActivity
D/dalvikvm( 1880): GREF has increased to 401
I/com.aurorasoftworks.sig( 2159): Instantiating an activity: com.aurorasoftworks.quadrant.ui.runner.BenchmarkExecutionActivity
I/com.aurorasoftworks.sig( 2159): Creating an activity: com.aurorasoftworks.quadrant.ui.runner.BenchmarkExecutionActivity
I/com.aurorasoftworks.sig( 2159): Starting an activity: com.aurorasoftworks.quadrant.ui.runner.BenchmarkExecutionActivity
I/com.aurorasoftworks.sig( 2159): Resuming an activity: com.aurorasoftworks.quadrant.ui.runner.BenchmarkExecutionActivity
I/com.aurorasoftworks.qua( 2159): Video surface created
I/com.aurorasoftworks.qua( 2159): Creating the media player
I/com.aurorasoftworks.qua( 2159): Video surface changed
I/ActivityManager( 1880): Displayed com.aurorasoftworks.quadrant.ui.standard/com.aurorasoftworks.quadrant.ui.runner.BenchmarkExecutionActivity: +2s98ms
I/com.aurorasoftworks.sig( 2159): Stopping an activity: com.aurorasoftworks.quadrant.ui.standard.QuadrantStandardActivity
I/com.aurorasoftworks.sig( 2159): Pausing an activity: com.aurorasoftworks.quadrant.ui.runner.BenchmarkExecutionActivity
I/com.aurorasoftworks.sig( 2159): Restarting an activity: com.aurorasoftworks.quadrant.ui.standard.QuadrantStandardActivity
I/com.aurorasoftworks.sig( 2159): Starting an activity: com.aurorasoftworks.quadrant.ui.standard.QuadrantStandardActivity
I/com.aurorasoftworks.sig( 2159): Resuming an activity: com.aurorasoftworks.quadrant.ui.standard.QuadrantStandardActivity
