W/InputManagerService( 1880): Window already focused, ignoring focus gain of: com.android.internal.view.IInputMethodClient$Stub$Proxy@407aac68
I/com.aurorasoftworks.qua( 2159): Video surface destroyed
I/com.aurorasoftworks.sig( 2159): Stopping an activity: com.aurorasoftworks.quadrant.ui.runner.BenchmarkExecutionActivity
I/com.aurorasoftworks.sig( 2159): Destroying an activity: com.aurorasoftworks.quadrant.ui.runner.BenchmarkExecutionActivity
E/keystore( 2179): chdir: /data/misc/keystore: No such file or directory
D/dalvikvm( 2159): GC_CONCURRENT freed 595K, 52% free 3016K/6215K, external 1413K/1842K, paused 6ms+9ms
E/keystore( 2182): chdir: /data/misc/keystore: No such file or directory
W/InputManagerService( 1880): Window already focused, ignoring focus gain of: com.android.internal.view.IInputMethodClient$Stub$Proxy@407ca010
E/keystore( 2184): chdir: /data/misc/keystore: No such file or directory
W/KeyCharacterMap( 2159): No keyboard for id 0
W/KeyCharacterMap( 2159): Using default keymap: /system/usr/keychars/qwerty.kcm.bin
I/com.aurorasoftworks.sig( 2159): Pausing an activity: com.aurorasoftworks.quadrant.ui.standard.QuadrantStandardActivity
I/com.aurorasoftworks.sig( 2159): Stopping an activity: com.aurorasoftworks.quadrant.ui.standard.QuadrantStandardActivity
I/com.aurorasoftworks.sig( 2159): Destroying an activity: com.aurorasoftworks.quadrant.ui.standard.QuadrantStandardActivity
W/KeyCharacterMap( 1965): No keyboard for id 0
W/KeyCharacterMap( 1965): Using default keymap: /system/usr/keychars/qwerty.kcm.bin
E/keystore( 2185): chdir: /data/misc/keystore: No such file or directory
W/KeyCharacterMap( 1880): No keyboard for id 0
W/KeyCharacterMap( 1880): Using default keymap: /system/usr/keychars/qwerty.kcm.bin
I/ARMAssembler( 1880): generated scanline__00000077:03010104_00000504_00000000 [ 18 ipp] (37 ins) at [0x43d2b8b0:0x43d2b944] in 427924 ns
E/keystore( 2187): chdir: /data/misc/keystore: No such file or directory
W/InputManagerService( 1880): Window already focused, ignoring focus gain of: com.android.internal.view.IInputMethodClient$Stub$Proxy@407e3e08
I/ActivityManager( 1880): Starting: Intent { act=android.intent.action.CHOOSER cmp=android/com.android.internal.app.ChooserActivity (has extras) } from pid 1965
E/keystore( 2190): chdir: /data/misc/keystore: No such file or directory
I/ActivityManager( 1880): Displayed android/com.android.internal.app.ChooserActivity: +1s320ms
I/ActivityManager( 1880): Starting: Intent { act=android.intent.action.SET_WALLPAPER flg=0x3000000 cmp=com.android.launcher/com.android.launcher2.WallpaperChooser } from pid 1965
D/dalvikvm( 1880): GC_CONCURRENT freed 1180K, 48% free 4295K/8135K, external 3729K/4299K, paused 10ms+22ms
D/dalvikvm( 1965): GC_EXTERNAL_ALLOC freed 295K, 49% free 3080K/6023K, external 5303K/5670K, paused 117ms
I/ActivityManager( 1880): Displayed com.android.launcher/com.android.launcher2.WallpaperChooser: +1s627ms
E/keystore( 2194): chdir: /data/misc/keystore: No such file or directory
D/dalvikvm( 1965): GC_EXTERNAL_ALLOC freed 29K, 50% free 3059K/6023K, external 9345K/9345K, paused 100ms
D/dalvikvm( 1965): GC_EXTERNAL_ALLOC freed 137K, 52% free 2923K/6023K, external 9069K/11117K, paused 73ms
I/dalvikvm-heap( 1965): Clamp target GC heap from 17.272MB to 16.000MB
D/dalvikvm( 1965): GC_FOR_MALLOC freed <1K, 52% free 2922K/6023K, external 10111K/11117K, paused 37ms
D/dalvikvm( 1965): GC_EXTERNAL_ALLOC freed <1K, 52% free 2925K/6023K, external 6040K/7542K, paused 108ms
D/dalvikvm( 1965): GC_EXTERNAL_ALLOC freed <1K, 52% free 2927K/6023K, external 9072K/11088K, paused 70ms
I/dalvikvm-heap( 1965): Clamp target GC heap from 17.279MB to 16.000MB
D/dalvikvm( 1965): GC_FOR_MALLOC freed <1K, 52% free 2926K/6023K, external 10114K/11088K, paused 68ms
D/dalvikvm( 1965): GC_EXTERNAL_ALLOC freed 2K, 52% free 2928K/6023K, external 6105K/7583K, paused 71ms
D/dalvikvm( 1965): GC_EXTERNAL_ALLOC freed 1K, 52% free 2927K/6023K, external 9072K/11120K, paused 70ms
I/dalvikvm-heap( 1965): Clamp target GC heap from 17.280MB to 16.000MB
D/dalvikvm( 1965): GC_FOR_MALLOC freed 0K, 52% free 2927K/6023K, external 10114K/11120K, paused 38ms
D/dalvikvm( 1965): GC_EXTERNAL_ALLOC freed 2K, 52% free 2926K/6023K, external 6072K/7583K, paused 123ms
E/keystore( 2197): chdir: /data/misc/keystore: No such file or directory
D/dalvikvm( 1965): GC_EXTERNAL_ALLOC freed 2K, 52% free 2928K/6023K, external 9072K/11088K, paused 72ms
I/dalvikvm-heap( 1965): Clamp target GC heap from 17.281MB to 16.000MB
D/dalvikvm( 1965): GC_FOR_MALLOC freed <1K, 52% free 2928K/6023K, external 10114K/11088K, paused 37ms
W/KeyCharacterMap( 1965): No keyboard for id 0
W/KeyCharacterMap( 1965): Using default keymap: /system/usr/keychars/qwerty.kcm.bin
W/KeyCharacterMap( 1880): No keyboard for id 0
W/KeyCharacterMap( 1880): Using default keymap: /system/usr/keychars/qwerty.kcm.bin
E/keystore( 2199): chdir: /data/misc/keystore: No such file or directory
D/ShutdownThread( 1880): Notifying thread to start radio shutdown
E/keystore( 2201): chdir: /data/misc/keystore: No such file or directory
I/ShutdownThread( 1880): Sending shutdown broadcast...
W/SyncManager( 1880): Writing sync state before shutdown...
I/ShutdownThread( 1880): Shutting down activity manager...
I/UsageStats( 1880): Writing usage stats before shutdown...
W/BatteryStats( 1880): Writing battery stats before shutdown...
I/InputDispatcher( 1880): Dropped event because input dispatch is disabled.
W/ShutdownThread( 1880): Turning off radio...
I/InputDispatcher( 1880): Dropped event because input dispatch is disabled.
I/InputDispatcher( 1880): Dropped event because input dispatch is disabled.
I/ShutdownThread( 1880): Waiting for Bluetooth and Radio...
E/keystore( 2205): chdir: /data/misc/keystore: No such file or directory
E/keystore( 2206): chdir: /data/misc/keystore: No such file or directory
I/ShutdownThread( 1880): Shutting down MountService
I/MountService( 1880): Shutting down
I/PackageManager( 1880): Updating external media status from mounted to unmounted
D/VoldCmdListener( 1824): asec list
I/PackageManager( 1880): No secure containers on sdcard
D/VoldCmdListener( 1824): storage users /mnt/sdcard
D/dalvikvm( 1880): GC_EXPLICIT freed 498K, 47% free 4313K/8135K, external 2876K/3566K, paused 122ms
I/PackageManager( 1880): Updating external media status from unmounted to unmounted
D/VoldCmdListener( 1824): volume unmount /mnt/sdcard force
D/Vold    ( 1824): Volume sdcard state changing 4 (Mounted) -> 5 (Unmounting)
V/MediaProvider( 2034): Detached volume: external
I/Vold    ( 1824): /mnt/secure/staging/.android_secure sucessfully unmounted
I/Vold    ( 1824): /mnt/secure/asec sucessfully unmounted
I/Vold    ( 1824): /mnt/secure/staging sucessfully unmounted
I/Vold    ( 1824): /mnt/sdcard unmounted sucessfully
D/Vold    ( 1824): Volume sdcard state changing 5 (Unmounting) -> 1 (Idle-Unmounted)
I/PackageManager( 1880): Updating external media status from unmounted to unmounted
I/StorageNotification( 1942): Media {/mnt/sdcard} state changed from {mounted} -> {unmounted}
W/ShutdownThread( 1880): Result code 0 from MountService.shutdown
D/VoldCmdListener( 1824): volume shared /mnt/sdcard ums
I/ShutdownThread( 1880): Performing low-level shutdown...
E/keystore( 2207): chdir: /data/misc/keystore: No such file or directory
