I/ActivityThread( 2006): Pub com.android.email.provider: com.android.email.provider.EmailProvider
I/ActivityThread( 2006): Pub com.android.email.attachmentprovider: com.android.email.provider.AttachmentProvider
I/ActivityThread( 2006): Pub com.android.exchange.provider: com.android.exchange.provider.ExchangeProvider
D/EAS SyncManager( 2006): !!! EAS SyncManager, onCreate
D/Eas Debug( 2006): Logging: 
D/EAS SyncManager( 2006): !!! EAS SyncManager, onDestroy
D/dalvikvm( 2006): GC_CONCURRENT freed 531K, 54% free 2702K/5831K, external 716K/1038K, paused 5ms+35ms
D/dalvikvm( 1967): GC_CONCURRENT freed 459K, 54% free 2701K/5767K, external 716K/1038K, paused 5ms+23ms
D/Email   ( 2006): BOOT_COMPLETED
D/EAS SyncManager( 2006): !!! EAS SyncManager, onCreate
D/EAS SyncManager( 2006): !!! EAS SyncManager, onStartCommand
D/EAS SyncManager( 2006): !!! EAS SyncManager, stopping self
D/EAS SyncManager( 2006): !!! EAS SyncManager, onDestroy
V/update.Download( 1967): deleting all update downloads
I/ActivityManager( 1815): Starting: Intent { flg=0x10000000 cmp=com.google.android.gsf/.update.SystemUpdateInstallDialog } from pid 1967
I/ActivityManager( 1815): Start proc com.android.protips for broadcast com.android.protips/.ProtipWidget: pid=2028 uid=10009 gids={}
D/dalvikvm( 1967): GC_CONCURRENT freed 374K, 53% free 2743K/5767K, external 716K/1038K, paused 5ms+28ms
W/ActivityManager( 1815): Activity pause timeout for HistoryRecord{4068ae38 com.android.launcher/com.android.launcher2.Launcher}
D/dalvikvm( 1884): GC_EXTERNAL_ALLOC freed 17K, 50% free 2855K/5639K, external 2074K/2487K, paused 261ms
W/InputManagerService( 1815): Window already focused, ignoring focus gain of: com.android.internal.view.IInputMethodClient$Stub$Proxy@407093d8
I/ActivityManager( 1815): Start proc com.android.music for broadcast com.android.music/.MediaAppWidgetProvider: pid=2037 uid=10015 gids={3003, 1015}
E/keystore( 2038): chdir: /data/misc/keystore: No such file or directory
I/ActivityManager( 1815): Start proc com.android.quicksearchbox for broadcast com.android.quicksearchbox/.SearchWidgetProvider: pid=2046 uid=10008 gids={3003}
I/ActivityThread( 2046): Pub com.android.quicksearchbox.google: com.android.quicksearchbox.google.GoogleSuggestionProvider
I/ActivityThread( 2046): Pub com.android.quicksearchbox.shortcuts: com.android.quicksearchbox.ShortcutsProvider
I/ActivityManager( 1815): Starting: Intent { act=android.intent.action.MAIN cat=[android.intent.category.LAUNCHER] flg=0x10200000 cmp=com.android.settings/.Settings } from pid 1884
W/ActivityManager( 1815): Activity pause timeout for HistoryRecord{4068ae38 com.android.launcher/com.android.launcher2.Launcher}
I/ActivityManager( 1815): Start proc com.android.settings for activity com.android.settings/.Settings: pid=2055 uid=1000 gids={3002, 3001, 3003}
E/keystore( 2054): chdir: /data/misc/keystore: No such file or directory
W/ActivityManager( 1815): finishReceiver called but no pending broadcasts
D/dalvikvm( 2055): GC_CONCURRENT freed 455K, 54% free 2735K/5831K, external 944K/1038K, paused 5ms+41ms
I/ActivityManager( 1815): Displayed com.android.settings/.Settings: +2s607ms (total +9s291ms)
I/ARMAssembler( 1815): generated scanline__00000177:03515104_00001002_00000000 [ 87 ipp] (110 ins) at [0x43d2b520:0x43d2b6d8] in 327243 ns
I/ActivityManager( 1815): Starting: Intent { act=android.intent.action.MAIN cmp=com.android.settings/.WirelessSettings } from pid 2055
D/dalvikvm( 2055): GC_EXTERNAL_ALLOC freed 74K, 53% free 2768K/5831K, external 953K/1038K, paused 67ms
V/NFC     ( 2055): this device does not have NFC support
I/ActivityManager( 1815): Displayed com.android.settings/.WirelessSettings: +866ms
E/keystore( 2063): chdir: /data/misc/keystore: No such file or directory
I/ActivityManager( 1815): Starting: Intent { act=android.intent.action.MAIN cmp=com.android.settings/.wifi.WifiSettings } from pid 2055
I/ActivityManager( 1815): Displayed com.android.settings/.wifi.WifiSettings: +546ms
E/WifiService( 1815): Failed to load Wi-Fi driver.
E/keystore( 2065): chdir: /data/misc/keystore: No such file or directory
W/KeyCharacterMap( 2055): No keyboard for id 0
W/KeyCharacterMap( 2055): Using default keymap: /system/usr/keychars/qwerty.kcm.bin
D/dalvikvm( 1815): GREF has increased to 401
E/keystore( 2066): chdir: /data/misc/keystore: No such file or directory
W/KeyCharacterMap( 1884): No keyboard for id 0
W/KeyCharacterMap( 1884): Using default keymap: /system/usr/keychars/qwerty.kcm.bin
E/keystore( 2067): chdir: /data/misc/keystore: No such file or directory
I/ActivityManager( 1815): Starting: Intent { act=android.intent.action.CHOOSER cmp=android/com.android.internal.app.ChooserActivity (has extras) } from pid 1884
I/dalvikvm( 1815): Jit: resizing JitTable from 512 to 1024
I/ARMAssembler( 1815): generated scanline__00000177:03515104_00001001_00000000 [ 91 ipp] (114 ins) at [0x43d2b6e0:0x43d2b8a8] in 333903 ns
I/ActivityManager( 1815): Displayed android/com.android.internal.app.ChooserActivity: +1s169ms
E/keystore( 2068): chdir: /data/misc/keystore: No such file or directory
I/ActivityManager( 1815): Starting: Intent { act=android.intent.action.SET_WALLPAPER flg=0x3000000 cmp=com.android.launcher/com.android.launcher2.WallpaperChooser } from pid 1884
D/dalvikvm( 1884): GC_CONCURRENT freed 462K, 51% free 3082K/6215K, external 3946K/4232K, paused 5ms+19ms
D/dalvikvm( 1884): GC_EXTERNAL_ALLOC freed 38K, 52% free 3044K/6215K, external 3946K/4232K, paused 212ms
I/ActivityManager( 1815): Displayed com.android.launcher/com.android.launcher2.WallpaperChooser: +1s261ms
E/keystore( 2071): chdir: /data/misc/keystore: No such file or directory
D/dalvikvm( 1884): GC_EXTERNAL_ALLOC freed 98K, 53% free 2966K/6215K, external 5219K/6392K, paused 75ms
E/keystore( 2074): chdir: /data/misc/keystore: No such file or directory
D/skia    ( 1815): --- SkImageDecoder::Factory returned null
D/dalvikvm( 1815): GC_CONCURRENT freed 1081K, 48% free 4192K/7943K, external 3967K/3967K, paused 7ms+20ms
D/dalvikvm( 1815): GC_EXTERNAL_ALLOC freed 18K, 48% free 4173K/7943K, external 3960K/3967K, paused 108ms
D/dalvikvm( 1815): GC_EXPLICIT freed 87K, 48% free 4163K/7943K, external 3716K/4916K, paused 378ms
D/dalvikvm( 1815): GC_EXTERNAL_ALLOC freed <1K, 48% free 4163K/7943K, external 3416K/3716K, paused 108ms
D/dalvikvm( 1815): GC_EXPLICIT freed <1K, 48% free 4162K/7943K, external 3716K/4916K, paused 247ms
E/keystore( 2076): chdir: /data/misc/keystore: No such file or directory
W/KeyCharacterMap( 1884): No keyboard for id 0
W/KeyCharacterMap( 1884): Using default keymap: /system/usr/keychars/qwerty.kcm.bin
E/keystore( 2077): chdir: /data/misc/keystore: No such file or directory
E/keystore( 2078): chdir: /data/misc/keystore: No such file or directory
E/keystore( 2079): chdir: /data/misc/keystore: No such file or directory
E/keystore( 2080): chdir: /data/misc/keystore: No such file or directory
I/ActivityManager( 1815): Starting: Intent { act=android.intent.action.MAIN cat=[android.intent.category.LAUNCHER] flg=0x10200000 cmp=com.android.settings/.Settings } from pid 1884
D/dalvikvm( 2055): GC_CONCURRENT freed 157K, 49% free 3004K/5831K, external 1167K/1619K, paused 10ms+35ms
I/ActivityManager( 1815): Displayed com.android.settings/.Settings: +2s440ms
E/keystore( 2081): chdir: /data/misc/keystore: No such file or directory
I/ActivityManager( 1815): Starting: Intent { act=android.intent.action.MAIN cmp=com.android.settings/.SoundSettings } from pid 2055
I/ActivityManager( 1815): Displayed com.android.settings/.SoundSettings: +1s792ms
E/keystore( 2083): chdir: /data/misc/keystore: No such file or directory
E/keystore( 2084): chdir: /data/misc/keystore: No such file or directory
W/InputManagerService( 1815): Window already focused, ignoring focus gain of: com.android.internal.view.IInputMethodClient$Stub$Proxy@405b64b8
E/keystore( 2085): chdir: /data/misc/keystore: No such file or directory
D/dalvikvm( 1884): GC_EXPLICIT freed 225K, 53% free 2955K/6215K, external 5020K/6228K, paused 401ms
D/MediaPlayer( 2055): Couldn't open file on client side, trying server side
E/MediaPlayerService( 1764): Couldn't open fd for content://settings/system/ringtone
E/MediaPlayer( 2055): Unable to to create media player
E/RingtoneManager( 2055): Failed to open ringtone content://settings/system/ringtone
D/MediaPlayer( 2055): Couldn't open file on client side, trying server side
E/MediaPlayerService( 1764): Couldn't open fd for content://settings/system/notification_sound
E/MediaPlayer( 2055): Unable to to create media player
E/RingtoneManager( 2055): Failed to open ringtone content://settings/system/notification_sound
D/MediaPlayer( 2055): Couldn't open file on client side, trying server side
E/MediaPlayerService( 1764): Couldn't open fd for content://settings/system/alarm_alert
E/MediaPlayer( 2055): Unable to to create media player
E/RingtoneManager( 2055): Failed to open ringtone content://settings/system/alarm_alert
D/MediaPlayer( 2055): Couldn't open file on client side, trying server side
E/MediaPlayerService( 1764): Couldn't open fd for content://settings/system/alarm_alert
E/MediaPlayer( 2055): Unable to to create media player
E/RingtoneManager( 2055): Failed to open ringtone content://settings/system/alarm_alert
E/keystore( 2086): chdir: /data/misc/keystore: No such file or directory
W/InputManagerService( 1815): Window already focused, ignoring focus gain of: com.android.internal.view.IInputMethodClient$Stub$Proxy@4054be88
E/keystore( 2087): chdir: /data/misc/keystore: No such file or directory
I/ActivityManager( 1815): Starting: Intent { act=android.intent.action.RINGTONE_PICKER cmp=android/com.android.internal.app.RingtonePickerActivity (has extras) } from pid 2055
D/dalvikvm( 2055): GC_CONCURRENT freed 396K, 50% free 3099K/6151K, external 1004K/1452K, paused 10ms+12ms
I/ActivityManager( 1815): Displayed android/com.android.internal.app.RingtonePickerActivity: +3s76ms
E/keystore( 2088): chdir: /data/misc/keystore: No such file or directory
W/InputManagerService( 1815): Window already focused, ignoring focus gain of: com.android.internal.view.IInputMethodClient$Stub$Proxy@4079e5c8
E/keystore( 2090): chdir: /data/misc/keystore: No such file or directory
I/ActivityManager( 1815): Starting: Intent { act=android.intent.action.RINGTONE_PICKER cmp=android/com.android.internal.app.RingtonePickerActivity (has extras) } from pid 2055
I/ActivityManager( 1815): Displayed android/com.android.internal.app.RingtonePickerActivity: +1s39ms
W/InputManagerService( 1815): Window already focused, ignoring focus gain of: com.android.internal.view.IInputMethodClient$Stub$Proxy@407674d0
E/keystore( 2092): chdir: /data/misc/keystore: No such file or directory
E/keystore( 2094): chdir: /data/misc/keystore: No such file or directory
D/dalvikvm( 1947): GC_EXPLICIT freed 367K, 53% free 2655K/5639K, external 716K/1038K, paused 582ms
I/StagefrightPlayer( 1764): setDataSource('/system/media/audio/ui/Effect_Tick.ogg')
E/MediaPlayer( 1815): error (1, -2147483648)
W/AudioService( 1815): MediaPlayer IOException: java.io.IOException: Prepare failed.: status=0x1
D/dalvikvm( 2055): GC_CONCURRENT freed 435K, 50% free 3167K/6215K, external 1172K/1452K, paused 44ms+19ms
E/keystore( 2096): chdir: /data/misc/keystore: No such file or directory
W/KeyCharacterMap( 2055): No keyboard for id 0
W/KeyCharacterMap( 2055): Using default keymap: /system/usr/keychars/qwerty.kcm.bin
E/keystore( 2097): chdir: /data/misc/keystore: No such file or directory
I/StagefrightPlayer( 1764): setDataSource('/system/media/audio/ui/Effect_Tick.ogg')
E/MediaPlayer( 1815): error (1, -2147483648)
W/AudioService( 1815): MediaPlayer IOException: java.io.IOException: Prepare failed.: status=0x1
I/ActivityManager( 1815): Starting: Intent { act=android.intent.action.MAIN cmp=com.android.settings/.DisplaySettings } from pid 2055
I/ActivityManager( 1815): Displayed com.android.settings/.DisplaySettings: +1s61ms
E/keystore( 2099): chdir: /data/misc/keystore: No such file or directory
I/StagefrightPlayer( 1764): setDataSource('/system/media/audio/ui/Effect_Tick.ogg')
E/MediaPlayer( 1815): error (1, -2147483648)
W/AudioService( 1815): MediaPlayer IOException: java.io.IOException: Prepare failed.: status=0x1
E/keystore( 2101): chdir: /data/misc/keystore: No such file or directory
I/StagefrightPlayer( 1764): setDataSource('/system/media/audio/ui/Effect_Tick.ogg')
E/MediaPlayer( 1815): error (1, -2147483648)
W/AudioService( 1815): MediaPlayer IOException: java.io.IOException: Prepare failed.: status=0x1
W/InputManagerService( 1815): Window already focused, ignoring focus gain of: com.android.internal.view.IInputMethodClient$Stub$Proxy@4076efb0
I/StagefrightPlayer( 1764): setDataSource('/system/media/audio/ui/Effect_Tick.ogg')
E/MediaPlayer( 1815): error (1, -2147483648)
W/AudioService( 1815): MediaPlayer IOException: java.io.IOException: Prepare failed.: status=0x1
E/keystore( 2104): chdir: /data/misc/keystore: No such file or directory
I/StagefrightPlayer( 1764): setDataSource('/system/media/audio/ui/Effect_Tick.ogg')
E/MediaPlayer( 1815): error (1, -2147483648)
W/AudioService( 1815): MediaPlayer IOException: java.io.IOException: Prepare failed.: status=0x1
W/InputManagerService( 1815): Window already focused, ignoring focus gain of: com.android.internal.view.IInputMethodClient$Stub$Proxy@406a0400
I/StagefrightPlayer( 1764): setDataSource('/system/media/audio/ui/Effect_Tick.ogg')
E/MediaPlayer( 1815): error (1, -2147483648)
W/AudioService( 1815): MediaPlayer IOException: java.io.IOException: Prepare failed.: status=0x1
E/keystore( 2107): chdir: /data/misc/keystore: No such file or directory
I/StagefrightPlayer( 1764): setDataSource('/system/media/audio/ui/Effect_Tick.ogg')
E/MediaPlayer( 1815): error (1, -2147483648)
W/AudioService( 1815): MediaPlayer IOException: java.io.IOException: Prepare failed.: status=0x1
W/InputManagerService( 1815): Window already focused, ignoring focus gain of: com.android.internal.view.IInputMethodClient$Stub$Proxy@40707400
E/keystore( 2109): chdir: /data/misc/keystore: No such file or directory
I/StagefrightPlayer( 1764): setDataSource('/system/media/audio/ui/Effect_Tick.ogg')
I/ActivityManager( 1815): Starting: Intent { act=android.intent.action.MAIN cmp=com.android.settings/.SecuritySettings } from pid 2055
E/MediaPlayer( 1815): error (1, -2147483648)
W/AudioService( 1815): MediaPlayer IOException: java.io.IOException: Prepare failed.: status=0x1
E/keystore( 2112): chdir: /data/misc/keystore: No such file or directory
I/ActivityManager( 1815): Displayed com.android.settings/.SecuritySettings: +1s663ms
I/StagefrightPlayer( 1764): setDataSource('/system/media/audio/ui/Effect_Tick.ogg')
E/MediaPlayer( 1815): error (1, -2147483648)
W/AudioService( 1815): MediaPlayer IOException: java.io.IOException: Prepare failed.: status=0x1
E/keystore( 2114): chdir: /data/misc/keystore: No such file or directory
D/dalvikvm( 2055): GC_CONCURRENT freed 388K, 49% free 3289K/6343K, external 1004K/1452K, paused 15ms+25ms
E/keystore( 2117): chdir: /data/misc/keystore: No such file or directory
D/dalvikvm( 2055): GC_EXTERNAL_ALLOC freed 280K, 53% free 3029K/6343K, external 1440K/1452K, paused 161ms
E/keystore( 2118): chdir: /data/misc/keystore: No such file or directory
W/KeyCharacterMap( 2055): No keyboard for id 0
W/KeyCharacterMap( 2055): Using default keymap: /system/usr/keychars/qwerty.kcm.bin
E/keystore( 2119): chdir: /data/misc/keystore: No such file or directory
I/StagefrightPlayer( 1764): setDataSource('/system/media/audio/ui/Effect_Tick.ogg')
I/ActivityManager( 1815): Starting: Intent { act=android.intent.action.MAIN cmp=com.android.settings/.ApplicationSettings } from pid 2055
E/MediaPlayer( 1815): error (1, -2147483648)
W/AudioService( 1815): MediaPlayer IOException: java.io.IOException: Prepare failed.: status=0x1
D/skia    ( 2055): purging 196K from font cache [26 entries]
E/keystore( 2121): chdir: /data/misc/keystore: No such file or directory
I/ActivityManager( 1815): Displayed com.android.settings/.ApplicationSettings: +1s154ms
I/StagefrightPlayer( 1764): setDataSource('/system/media/audio/ui/Effect_Tick.ogg')
I/ActivityManager( 1815): Starting: Intent { act=android.intent.action.MAIN cmp=com.android.settings/.DevelopmentSettings } from pid 2055
E/MediaPlayer( 1815): error (1, -2147483648)
W/AudioService( 1815): MediaPlayer IOException: java.io.IOException: Prepare failed.: status=0x1
I/ActivityManager( 1815): Displayed com.android.settings/.DevelopmentSettings: +1s189ms
E/keystore( 2123): chdir: /data/misc/keystore: No such file or directory
E/keystore( 2124): chdir: /data/misc/keystore: No such file or directory
I/StagefrightPlayer( 1764): setDataSource('/system/media/audio/ui/Effect_Tick.ogg')
I/ActivityManager( 1815): Starting: Intent { act=android.intent.action.MAIN cmp=com.android.settings/.fuelgauge.PowerUsageSummary } from pid 2055
E/MediaPlayer( 1815): error (1, -2147483648)
W/AudioService( 1815): MediaPlayer IOException: java.io.IOException: Prepare failed.: status=0x1
I/dalvikvm( 2055): Jit: resizing JitTable from 512 to 1024
D/dalvikvm( 2055): GREF has increased to 201
I/ActivityManager( 1815): Displayed com.android.settings/.fuelgauge.PowerUsageSummary: +1s378ms
E/keystore( 2126): chdir: /data/misc/keystore: No such file or directory
I/StagefrightPlayer( 1764): setDataSource('/system/media/audio/ui/Effect_Tick.ogg')
I/ActivityManager( 1815): Starting: Intent { act=android.intent.action.MAIN cmp=com.android.settings/.applications.StorageUse } from pid 2055
E/MediaPlayer( 1815): error (1, -2147483648)
W/AudioService( 1815): MediaPlayer IOException: java.io.IOException: Prepare failed.: status=0x1
D/skia    ( 2055): purging 195K from font cache [24 entries]
D/dalvikvm( 2055): GC_CONCURRENT freed 395K, 48% free 3415K/6471K, external 1243K/1512K, paused 11ms+18ms
E/keystore( 2129): chdir: /data/misc/keystore: No such file or directory
D/dalvikvm( 2055): GC_EXTERNAL_ALLOC freed 11K, 48% free 3404K/6471K, external 1183K/1512K, paused 194ms
I/ActivityManager( 1815): Displayed com.android.settings/.applications.StorageUse: +3s849ms
E/keystore( 2130): chdir: /data/misc/keystore: No such file or directory
D/skia    ( 2055): purging 196K from font cache [24 entries]
E/keystore( 2131): chdir: /data/misc/keystore: No such file or directory
I/StagefrightPlayer( 1764): setDataSource('/system/media/audio/ui/Effect_Tick.ogg')
E/MediaPlayer( 1815): error (1, -2147483648)
W/AudioService( 1815): MediaPlayer IOException: java.io.IOException: Prepare failed.: status=0x1
D/dalvikvm( 1815): GC_CONCURRENT freed 1173K, 48% free 4226K/8071K, external 2216K/3716K, paused 43ms+23ms
E/keystore( 2133): chdir: /data/misc/keystore: No such file or directory
W/KeyCharacterMap( 2055): No keyboard for id 0
W/KeyCharacterMap( 2055): Using default keymap: /system/usr/keychars/qwerty.kcm.bin
E/keystore( 2134): chdir: /data/misc/keystore: No such file or directory
I/StagefrightPlayer( 1764): setDataSource('/system/media/audio/ui/Effect_Tick.ogg')
I/ActivityManager( 1815): Starting: Intent { act=android.intent.action.MAIN cmp=com.android.settings/.RunningServices } from pid 2055
E/MediaPlayer( 1815): error (1, -2147483648)
W/AudioService( 1815): MediaPlayer IOException: java.io.IOException: Prepare failed.: status=0x1
E/keystore( 2136): chdir: /data/misc/keystore: No such file or directory
I/ActivityManager( 1815): Displayed com.android.settings/.RunningServices: +1s544ms
D/dalvikvm( 2055): GC_EXTERNAL_ALLOC freed 230K, 46% free 3516K/6471K, external 2570K/2990K, paused 183ms
E/keystore( 2139): chdir: /data/misc/keystore: No such file or directory
E/keystore( 2140): chdir: /data/misc/keystore: No such file or directory
W/KeyCharacterMap( 2055): No keyboard for id 0
W/KeyCharacterMap( 2055): Using default keymap: /system/usr/keychars/qwerty.kcm.bin
E/keystore( 2141): chdir: /data/misc/keystore: No such file or directory
I/StagefrightPlayer( 1764): setDataSource('/system/media/audio/ui/Effect_Tick.ogg')
E/MediaPlayer( 1815): error (1, -2147483648)
W/AudioService( 1815): MediaPlayer IOException: java.io.IOException: Prepare failed.: status=0x1
E/keystore( 2143): chdir: /data/misc/keystore: No such file or directory
I/StagefrightPlayer( 1764): setDataSource('/system/media/audio/ui/Effect_Tick.ogg')
E/MediaPlayer( 1815): error (1, -2147483648)
W/AudioService( 1815): MediaPlayer IOException: java.io.IOException: Prepare failed.: status=0x1
E/keystore( 2147): chdir: /data/misc/keystore: No such file or directory
I/StagefrightPlayer( 1764): setDataSource('/system/media/audio/ui/Effect_Tick.ogg')
E/MediaPlayer( 1815): error (1, -2147483648)
W/AudioService( 1815): MediaPlayer IOException: java.io.IOException: Prepare failed.: status=0x1
W/InputManagerService( 1815): Window already focused, ignoring focus gain of: com.android.internal.view.IInputMethodClient$Stub$Proxy@4069fff0
E/keystore( 2150): chdir: /data/misc/keystore: No such file or directory
I/StagefrightPlayer( 1764): setDataSource('/system/media/audio/ui/Effect_Tick.ogg')
I/ActivityManager( 1815): Starting: Intent { act=android.intent.action.MAIN cmp=com.android.settings/.ManageApplications } from pid 2055
E/MediaPlayer( 1815): error (1, -2147483648)
W/AudioService( 1815): MediaPlayer IOException: java.io.IOException: Prepare failed.: status=0x1
I/ActivityManager( 1815): Displayed com.android.settings/.ManageApplications: +1s290ms
E/keystore( 2153): chdir: /data/misc/keystore: No such file or directory
E/keystore( 2154): chdir: /data/misc/keystore: No such file or directory
I/StagefrightPlayer( 1764): setDataSource('/system/media/audio/ui/Effect_Tick.ogg')
I/ActivityManager( 1815): Starting: Intent { cmp=com.android.providers.subscribedfeeds/com.android.settings.ManageAccountsSettings } from pid 2055
E/MediaPlayer( 1815): error (1, -2147483648)
W/AudioService( 1815): MediaPlayer IOException: java.io.IOException: Prepare failed.: status=0x1
D/installd( 1765): DexInv: --- BEGIN '/system/app/AccountAndSyncSettings.apk' ---
D/dalvikvm( 2156): DexOpt: load 48ms, verify+opt 353ms
D/installd( 1765): DexInv: --- END '/system/app/AccountAndSyncSettings.apk' (success) ---
E/keystore( 2157): chdir: /data/misc/keystore: No such file or directory
D/dalvikvm( 1815): GC_CONCURRENT freed 796K, 47% free 4298K/8071K, external 2455K/3716K, paused 13ms+62ms
I/ActivityManager( 1815): Displayed com.android.providers.subscribedfeeds/com.android.settings.ManageAccountsSettings: +3s660ms
E/keystore( 2159): chdir: /data/misc/keystore: No such file or directory
W/KeyCharacterMap( 1815): No keyboard for id 0
W/KeyCharacterMap( 1815): Using default keymap: /system/usr/keychars/qwerty.kcm.bin
W/InputManagerService( 1815): Starting input on non-focused client android.view.inputmethod.InputMethodManager$1@4064abb0 (uid=1000 pid=1815)
E/keystore( 2160): chdir: /data/misc/keystore: No such file or directory
D/skia    ( 2055): purging 195K from font cache [25 entries]
I/StagefrightPlayer( 1764): setDataSource('/system/media/audio/ui/Effect_Tick.ogg')
I/ActivityManager( 1815): Starting: Intent { act=android.intent.action.MAIN cmp=com.android.settings/.PrivacySettings } from pid 2055
E/MediaPlayer( 1815): error (1, -2147483648)
W/AudioService( 1815): MediaPlayer IOException: java.io.IOException: Prepare failed.: status=0x1
E/keystore( 2162): chdir: /data/misc/keystore: No such file or directory
D/dalvikvm( 2055): GC_CONCURRENT freed 480K, 47% free 3586K/6727K, external 1336K/1840K, paused 11ms+24ms
I/ActivityManager( 1815): Displayed com.android.settings/.PrivacySettings: +2s439ms
W/KeyCharacterMap( 2055): No keyboard for id 0
W/KeyCharacterMap( 2055): Using default keymap: /system/usr/keychars/qwerty.kcm.bin
E/keystore( 2163): chdir: /data/misc/keystore: No such file or directory
E/keystore( 2164): chdir: /data/misc/keystore: No such file or directory
I/StagefrightPlayer( 1764): setDataSource('/system/media/audio/ui/Effect_Tick.ogg')
I/ActivityManager( 1815): Starting: Intent { act=android.intent.action.MAIN cmp=com.android.settings/.deviceinfo.Memory } from pid 2055
E/MediaPlayer( 1815): error (1, -2147483648)
W/AudioService( 1815): MediaPlayer IOException: java.io.IOException: Prepare failed.: status=0x1
I/ActivityManager( 1815): Displayed com.android.settings/.deviceinfo.Memory: +1s71ms
E/keystore( 2166): chdir: /data/misc/keystore: No such file or directory
E/keystore( 2167): chdir: /data/misc/keystore: No such file or directory
E/keystore( 2168): chdir: /data/misc/keystore: No such file or directory
I/StagefrightPlayer( 1764): setDataSource('/system/media/audio/ui/Effect_Tick.ogg')
I/ActivityManager( 1815): Starting: Intent { act=android.intent.action.MAIN cmp=com.android.settings/.LanguageSettings } from pid 2055
E/MediaPlayer( 1815): error (1, -2147483648)
W/AudioService( 1815): MediaPlayer IOException: java.io.IOException: Prepare failed.: status=0x1
D/ResourceType( 2055): calling getConfigurations
D/ResourceType( 2055): called getConfigurations size=267
I/ActivityManager( 1815): Displayed com.android.settings/.LanguageSettings: +1s573ms
E/keystore( 2170): chdir: /data/misc/keystore: No such file or directory
E/keystore( 2171): chdir: /data/misc/keystore: No such file or directory
W/ActivityManager( 1815): Activity pause timeout for HistoryRecord{40689510 com.android.settings/.LanguageSettings}
E/keystore( 2175): chdir: /data/misc/keystore: No such file or directory
W/ProcessStats( 1815): Skipping unknown process pid 2175
I/StagefrightPlayer( 1764): setDataSource('/system/media/audio/ui/Effect_Tick.ogg')
I/ActivityManager( 1815): Starting: Intent { act=android.intent.action.MAIN cmp=com.android.settings/.VoiceInputOutputSettings } from pid 2055
E/MediaPlayer( 1815): error (1, -2147483648)
W/AudioService( 1815): MediaPlayer IOException: java.io.IOException: Prepare failed.: status=0x1
E/keystore( 2177): chdir: /data/misc/keystore: No such file or directory
D/skia    ( 2055): purging 196K from font cache [26 entries]
I/dalvikvm( 1815): Jit: resizing JitTable from 1024 to 2048
I/ActivityManager( 1815): Displayed com.android.settings/.VoiceInputOutputSettings: +843ms
E/keystore( 2178): chdir: /data/misc/keystore: No such file or directory
D/dalvikvm( 2055): GC_EXTERNAL_ALLOC freed 366K, 49% free 3495K/6727K, external 1803K/1835K, paused 180ms
I/StagefrightPlayer( 1764): setDataSource('/system/media/audio/ui/Effect_Tick.ogg')
I/ActivityManager( 1815): Starting: Intent { act=android.intent.action.MAIN cmp=com.android.settings/.AccessibilitySettings } from pid 2055
E/MediaPlayer( 1815): error (1, -2147483648)
W/AudioService( 1815): MediaPlayer IOException: java.io.IOException: Prepare failed.: status=0x1
I/ActivityManager( 1815): Displayed com.android.settings/.AccessibilitySettings: +837ms
E/keystore( 2180): chdir: /data/misc/keystore: No such file or directory
W/KeyCharacterMap( 2055): No keyboard for id 0
W/KeyCharacterMap( 2055): Using default keymap: /system/usr/keychars/qwerty.kcm.bin
W/ActivityManager( 1815): Activity pause timeout for HistoryRecord{40763458 com.android.settings/.AccessibilitySettings}
E/keystore( 2182): chdir: /data/misc/keystore: No such file or directory
D/dalvikvm( 2055): GC_EXTERNAL_ALLOC freed 120K, 48% free 3504K/6727K, external 1863K/1895K, paused 178ms
E/keystore( 2184): chdir: /data/misc/keystore: No such file or directory
E/keystore( 2185): chdir: /data/misc/keystore: No such file or directory
I/StagefrightPlayer( 1764): setDataSource('/system/media/audio/ui/Effect_Tick.ogg')
I/ActivityManager( 1815): Starting: Intent { act=android.intent.action.MAIN cmp=com.android.settings/.DateTimeSettings } from pid 2055
E/MediaPlayer( 1815): error (1, -2147483648)
W/AudioService( 1815): MediaPlayer IOException: java.io.IOException: Prepare failed.: status=0x1
I/ActivityManager( 1815): Displayed com.android.settings/.DateTimeSettings: +1s314ms
E/keystore( 2187): chdir: /data/misc/keystore: No such file or directory
E/keystore( 2188): chdir: /data/misc/keystore: No such file or directory
I/StagefrightPlayer( 1764): setDataSource('/system/media/audio/ui/Effect_Tick.ogg')
E/MediaPlayer( 1815): error (1, -2147483648)
W/AudioService( 1815): MediaPlayer IOException: java.io.IOException: Prepare failed.: status=0x1
E/keystore( 2190): chdir: /data/misc/keystore: No such file or directory
I/StagefrightPlayer( 1764): setDataSource('/system/media/audio/ui/Effect_Tick.ogg')
E/MediaPlayer( 1815): error (1, -2147483648)
W/AudioService( 1815): MediaPlayer IOException: java.io.IOException: Prepare failed.: status=0x1
I/StagefrightPlayer( 1764): setDataSource('/system/media/audio/ui/Effect_Tick.ogg')
E/MediaPlayer( 1815): error (1, -2147483648)
W/AudioService( 1815): MediaPlayer IOException: java.io.IOException: Prepare failed.: status=0x1
I/StagefrightPlayer( 1764): setDataSource('/system/media/audio/ui/Effect_Tick.ogg')
E/MediaPlayer( 1815): error (1, -2147483648)
W/AudioService( 1815): MediaPlayer IOException: java.io.IOException: Prepare failed.: status=0x1
I/StagefrightPlayer( 1764): setDataSource('/system/media/audio/ui/Effect_Tick.ogg')
E/MediaPlayer( 1815): error (1, -2147483648)
W/AudioService( 1815): MediaPlayer IOException: java.io.IOException: Prepare failed.: status=0x1
I/StagefrightPlayer( 1764): setDataSource('/system/media/audio/ui/Effect_Tick.ogg')
E/MediaPlayer( 1815): error (1, -2147483648)
W/AudioService( 1815): MediaPlayer IOException: java.io.IOException: Prepare failed.: status=0x1
I/StagefrightPlayer( 1764): setDataSource('/system/media/audio/ui/Effect_Tick.ogg')
E/MediaPlayer( 1815): error (1, -2147483648)
W/AudioService( 1815): MediaPlayer IOException: java.io.IOException: Prepare failed.: status=0x1
I/StagefrightPlayer( 1764): setDataSource('/system/media/audio/ui/Effect_Tick.ogg')
E/MediaPlayer( 1815): error (1, -2147483648)
W/AudioService( 1815): MediaPlayer IOException: java.io.IOException: Prepare failed.: status=0x1
I/StagefrightPlayer( 1764): setDataSource('/system/media/audio/ui/Effect_Tick.ogg')
E/MediaPlayer( 1815): error (1, -2147483648)
W/AudioService( 1815): MediaPlayer IOException: java.io.IOException: Prepare failed.: status=0x1
I/StagefrightPlayer( 1764): setDataSource('/system/media/audio/ui/Effect_Tick.ogg')
E/MediaPlayer( 1815): error (1, -2147483648)
W/AudioService( 1815): MediaPlayer IOException: java.io.IOException: Prepare failed.: status=0x1
E/keystore( 2200): chdir: /data/misc/keystore: No such file or directory
I/StagefrightPlayer( 1764): setDataSource('/system/media/audio/ui/Effect_Tick.ogg')
E/MediaPlayer( 1815): error (1, -2147483648)
W/AudioService( 1815): MediaPlayer IOException: java.io.IOException: Prepare failed.: status=0x1
I/StagefrightPlayer( 1764): setDataSource('/system/media/audio/ui/Effect_Tick.ogg')
E/MediaPlayer( 1815): error (1, -2147483648)
W/AudioService( 1815): MediaPlayer IOException: java.io.IOException: Prepare failed.: status=0x1
D/dalvikvm( 1876): GREF has increased to 201
I/StagefrightPlayer( 1764): setDataSource('/system/media/audio/ui/Effect_Tick.ogg')
E/MediaPlayer( 1815): error (1, -2147483648)
W/AudioService( 1815): MediaPlayer IOException: java.io.IOException: Prepare failed.: status=0x1
I/StagefrightPlayer( 1764): setDataSource('/system/media/audio/ui/Effect_Tick.ogg')
E/MediaPlayer( 1815): error (1, -2147483648)
W/AudioService( 1815): MediaPlayer IOException: java.io.IOException: Prepare failed.: status=0x1
E/keystore( 2205): chdir: /data/misc/keystore: No such file or directory
I/StagefrightPlayer( 1764): setDataSource('/system/media/audio/ui/Effect_Tick.ogg')
E/MediaPlayer( 1815): error (1, -2147483648)
W/AudioService( 1815): MediaPlayer IOException: java.io.IOException: Prepare failed.: status=0x1
I/StagefrightPlayer( 1764): setDataSource('/system/media/audio/ui/Effect_Tick.ogg')
E/MediaPlayer( 1815): error (1, -2147483648)
W/AudioService( 1815): MediaPlayer IOException: java.io.IOException: Prepare failed.: status=0x1
I/StagefrightPlayer( 1764): setDataSource('/system/media/audio/ui/Effect_Tick.ogg')
E/MediaPlayer( 1815): error (1, -2147483648)
W/AudioService( 1815): MediaPlayer IOException: java.io.IOException: Prepare failed.: status=0x1
E/keystore( 2209): chdir: /data/misc/keystore: No such file or directory
I/StagefrightPlayer( 1764): setDataSource('/system/media/audio/ui/Effect_Tick.ogg')
E/MediaPlayer( 1815): error (1, -2147483648)
W/AudioService( 1815): MediaPlayer IOException: java.io.IOException: Prepare failed.: status=0x1
I/StagefrightPlayer( 1764): setDataSource('/system/media/audio/ui/Effect_Tick.ogg')
E/MediaPlayer( 1815): error (1, -2147483648)
W/AudioService( 1815): MediaPlayer IOException: java.io.IOException: Prepare failed.: status=0x1
I/StagefrightPlayer( 1764): setDataSource('/system/media/audio/ui/Effect_Tick.ogg')
E/MediaPlayer( 1815): error (1, -2147483648)
W/AudioService( 1815): MediaPlayer IOException: java.io.IOException: Prepare failed.: status=0x1
I/StagefrightPlayer( 1764): setDataSource('/system/media/audio/ui/Effect_Tick.ogg')
E/MediaPlayer( 1815): error (1, -2147483648)
W/AudioService( 1815): MediaPlayer IOException: java.io.IOException: Prepare failed.: status=0x1
I/StagefrightPlayer( 1764): setDataSource('/system/media/audio/ui/Effect_Tick.ogg')
E/MediaPlayer( 1815): error (1, -2147483648)
W/AudioService( 1815): MediaPlayer IOException: java.io.IOException: Prepare failed.: status=0x1
I/StagefrightPlayer( 1764): setDataSource('/system/media/audio/ui/Effect_Tick.ogg')
E/MediaPlayer( 1815): error (1, -2147483648)
W/AudioService( 1815): MediaPlayer IOException: java.io.IOException: Prepare failed.: status=0x1
I/StagefrightPlayer( 1764): setDataSource('/system/media/audio/ui/Effect_Tick.ogg')
E/MediaPlayer( 1815): error (1, -2147483648)
W/AudioService( 1815): MediaPlayer IOException: java.io.IOException: Prepare failed.: status=0x1
I/StagefrightPlayer( 1764): setDataSource('/system/media/audio/ui/Effect_Tick.ogg')
E/MediaPlayer( 1815): error (1, -2147483648)
W/AudioService( 1815): MediaPlayer IOException: java.io.IOException: Prepare failed.: status=0x1
D/dalvikvm( 1815): GREF has increased to 501
I/StagefrightPlayer( 1764): setDataSource('/system/media/audio/ui/Effect_Tick.ogg')
E/MediaPlayer( 1815): error (1, -2147483648)
W/AudioService( 1815): MediaPlayer IOException: java.io.IOException: Prepare failed.: status=0x1
I/StagefrightPlayer( 1764): setDataSource('/system/media/audio/ui/Effect_Tick.ogg')
E/MediaPlayer( 1815): error (1, -2147483648)
W/AudioService( 1815): MediaPlayer IOException: java.io.IOException: Prepare failed.: status=0x1
I/StagefrightPlayer( 1764): setDataSource('/system/media/audio/ui/Effect_Tick.ogg')
E/MediaPlayer( 1815): error (1, -2147483648)
W/AudioService( 1815): MediaPlayer IOException: java.io.IOException: Prepare failed.: status=0x1
I/StagefrightPlayer( 1764): setDataSource('/system/media/audio/ui/Effect_Tick.ogg')
E/MediaPlayer( 1815): error (1, -2147483648)
W/AudioService( 1815): MediaPlayer IOException: java.io.IOException: Prepare failed.: status=0x1
E/keystore( 2222): chdir: /data/misc/keystore: No such file or directory
I/StagefrightPlayer( 1764): setDataSource('/system/media/audio/ui/Effect_Tick.ogg')
E/MediaPlayer( 1815): error (1, -2147483648)
W/AudioService( 1815): MediaPlayer IOException: java.io.IOException: Prepare failed.: status=0x1
D/SystemClock( 2055): Setting time of day to sec=1297642045
D/AlarmManagerService( 1815): Kernel timezone updated to 420 minutes west of GMT
I/EventLogService( 1967): Aggregate from 1297641831221 (log), 1297641831221 (data)
D/PerformBackupThread( 1815): starting agent for backup of BackupRequest{app=ApplicationInfo{405f9138 com.android.providers.userdictionary} full=false}
D/BackupManagerService( 1815): awaiting agent for ApplicationInfo{405f9138 com.android.providers.userdictionary}
D/BackupManagerService( 1815): agentConnected pkg=com.android.providers.userdictionary agent=android.os.BinderProxy@4079ecb8
E/DictionaryBackupAgent( 1910): Couldn't read from the cursor
D/PerformBackupThread( 1815): starting agent for backup of BackupRequest{app=ApplicationInfo{405df238 com.android.browser} full=false}
I/ActivityManager( 1815): Start proc com.android.browser for backup com.android.browser/.BrowserBackupAgent: pid=2227 uid=10032 gids={3003, 1015}
D/BackupManagerService( 1815): awaiting agent for ApplicationInfo{405df238 com.android.browser}
I/ActivityThread( 2227): Pub browser: com.android.browser.BrowserProvider
E/keystore( 2235): chdir: /data/misc/keystore: No such file or directory
I/BrowserSettings( 2227): Selected search engine: ActivitySearchEngine{android.app.SearchableInfo@40599058}
D/BackupManagerService( 1815): agentConnected pkg=com.android.browser agent=android.os.BinderProxy@4072efe0
D/dalvikvm( 1910): GC_EXPLICIT freed 68K, 52% free 2760K/5703K, external 716K/1038K, paused 491ms
E/keystore( 2239): chdir: /data/misc/keystore: No such file or directory
V/LocalTransport( 1815): performBackup() pkg=com.android.browser
V/LocalTransport( 1815): Got change set key=_bookmarks_ size=763 key64=X2Jvb2ttYXJrc18=
V/LocalTransport( 1815):   data size 763
V/LocalTransport( 1815): finishBackup()
D/PerformBackupThread( 1815): starting agent for backup of BackupRequest{app=ApplicationInfo{405eb178 com.android.inputmethod.latin} full=false}
D/BackupManagerService( 1815): awaiting agent for ApplicationInfo{405eb178 com.android.inputmethod.latin}
D/BackupManagerService( 1815): agentConnected pkg=com.android.inputmethod.latin agent=android.os.BinderProxy@407cec18
D/BackupHelperDispatcher( 1876): handling existing helper 'shared_pref' android.app.backup.SharedPreferencesBackupHelper@40580f50
D/PerformBackupThread( 1815): starting agent for backup of BackupRequest{app=ApplicationInfo{405864f0 android} full=false}
D/BackupManagerService( 1815): awaiting agent for ApplicationInfo{405864f0 android}
D/BackupManagerService( 1815): agentConnected pkg=android agent=android.app.backup.BackupAgent$BackupServiceBinder@406622e0
D/BackupHelperDispatcher( 1815): handling existing helper 'wallpaper' android.app.backup.AbsoluteFileBackupHelper@407d45d8
V/LocalTransport( 1815): performBackup() pkg=android
V/LocalTransport( 1815): Got change set key=wallpaper:/data/system/wallpaper_info.xml size=243 key64=d2FsbHBhcGVyOi9kYXRhL3N5c3RlbS93YWxscGFwZXJfaW5mby54bWw=
V/LocalTransport( 1815):   data size 243
V/LocalTransport( 1815): finishBackup()
D/PerformBackupThread( 1815): starting agent for backup of BackupRequest{app=ApplicationInfo{405485f8 com.android.providers.settings} full=false}
D/BackupManagerService( 1815): awaiting agent for ApplicationInfo{405485f8 com.android.providers.settings}
D/BackupManagerService( 1815): agentConnected pkg=com.android.providers.settings agent=android.app.backup.BackupAgent$BackupServiceBinder@4072c5a8
V/LocalTransport( 1815): performBackup() pkg=com.android.providers.settings
V/LocalTransport( 1815): Got change set key=system size=873 key64=c3lzdGVt
V/LocalTransport( 1815):   data size 873
V/LocalTransport( 1815): Got change set key=secure size=309 key64=c2VjdXJl
V/LocalTransport( 1815):   data size 309
V/LocalTransport( 1815): finishBackup()
V/LocalTransport( 1815): finishBackup()
D/dalvikvm( 1967): GC_EXPLICIT freed 236K, 54% free 2709K/5767K, external 720K/1038K, paused 416ms
E/keystore( 2240): chdir: /data/misc/keystore: No such file or directory
D/dalvikvm( 1995): GC_EXPLICIT freed 534K, 55% free 2596K/5767K, external 716K/1038K, paused 392ms
E/keystore( 2241): chdir: /data/misc/keystore: No such file or directory
E/keystore( 2242): chdir: /data/misc/keystore: No such file or directory
E/keystore( 2243): chdir: /data/misc/keystore: No such file or directory
E/keystore( 2244): chdir: /data/misc/keystore: No such file or directory
E/keystore( 2245): chdir: /data/misc/keystore: No such file or directory
E/keystore( 2246): chdir: /data/misc/keystore: No such file or directory
E/keystore( 2247): chdir: /data/misc/keystore: No such file or directory
E/keystore( 2248): chdir: /data/misc/keystore: No such file or directory
E/keystore( 2249): chdir: /data/misc/keystore: No such file or directory
I/power   ( 1815): *** set_screen_state 0
D/SurfaceFlinger( 1815): About to give-up screen, flinger = 0x1dd478
E/SurfaceFlinger( 1815): ioctl(23, VT_RELDISP, 1) failed 22 (Invalid argument)
E/keystore( 2251): chdir: /data/misc/keystore: No such file or directory
D/dalvikvm( 1815): GC_CONCURRENT freed 910K, 47% free 4357K/8071K, external 3057K/3716K, paused 15ms+27ms
D/dalvikvm( 1815): GREF has decreased to 399
E/keystore( 2252): chdir: /data/misc/keystore: No such file or directory
E/keystore( 2253): chdir: /data/misc/keystore: No such file or directory
E/keystore( 2254): chdir: /data/misc/keystore: No such file or directory
E/keystore( 2255): chdir: /data/misc/keystore: No such file or directory
E/keystore( 2256): chdir: /data/misc/keystore: No such file or directory
E/keystore( 2257): chdir: /data/misc/keystore: No such file or directory
E/keystore( 2258): chdir: /data/misc/keystore: No such file or directory
E/keystore( 2259): chdir: /data/misc/keystore: No such file or directory
E/keystore( 2260): chdir: /data/misc/keystore: No such file or directory
E/keystore( 2261): chdir: /data/misc/keystore: No such file or directory
E/keystore( 2262): chdir: /data/misc/keystore: No such file or directory
E/keystore( 2263): chdir: /data/misc/keystore: No such file or directory
E/keystore( 2264): chdir: /data/misc/keystore: No such file or directory
E/keystore( 2265): chdir: /data/misc/keystore: No such file or directory
E/keystore( 2266): chdir: /data/misc/keystore: No such file or directory
E/keystore( 2267): chdir: /data/misc/keystore: No such file or directory
E/keystore( 2268): chdir: /data/misc/keystore: No such file or directory
E/keystore( 2269): chdir: /data/misc/keystore: No such file or directory
E/keystore( 2270): chdir: /data/misc/keystore: No such file or directory
E/keystore( 2271): chdir: /data/misc/keystore: No such file or directory
E/keystore( 2272): chdir: /data/misc/keystore: No such file or directory
E/keystore( 2273): chdir: /data/misc/keystore: No such file or directory
E/keystore( 2274): chdir: /data/misc/keystore: No such file or directory
E/keystore( 2275): chdir: /data/misc/keystore: No such file or directory
E/keystore( 2276): chdir: /data/misc/keystore: No such file or directory
E/keystore( 2277): chdir: /data/misc/keystore: No such file or directory
E/keystore( 2278): chdir: /data/misc/keystore: No such file or directory
E/keystore( 2279): chdir: /data/misc/keystore: No such file or directory
E/keystore( 2280): chdir: /data/misc/keystore: No such file or directory
E/keystore( 2281): chdir: /data/misc/keystore: No such file or directory
E/keystore( 2282): chdir: /data/misc/keystore: No such file or directory
E/keystore( 2283): chdir: /data/misc/keystore: No such file or directory
E/keystore( 2284): chdir: /data/misc/keystore: No such file or directory
E/keystore( 2285): chdir: /data/misc/keystore: No such file or directory
E/keystore( 2286): chdir: /data/misc/keystore: No such file or directory
E/keystore( 2287): chdir: /data/misc/keystore: No such file or directory
E/keystore( 2288): chdir: /data/misc/keystore: No such file or directory
E/keystore( 2289): chdir: /data/misc/keystore: No such file or directory
E/keystore( 2290): chdir: /data/misc/keystore: No such file or directory
E/keystore( 2291): chdir: /data/misc/keystore: No such file or directory
E/keystore( 2292): chdir: /data/misc/keystore: No such file or directory
E/keystore( 2293): chdir: /data/misc/keystore: No such file or directory
E/keystore( 2294): chdir: /data/misc/keystore: No such file or directory
E/keystore( 2295): chdir: /data/misc/keystore: No such file or directory
E/keystore( 2296): chdir: /data/misc/keystore: No such file or directory
E/keystore( 2297): chdir: /data/misc/keystore: No such file or directory
E/keystore( 2298): chdir: /data/misc/keystore: No such file or directory
E/keystore( 2299): chdir: /data/misc/keystore: No such file or directory
E/keystore( 2300): chdir: /data/misc/keystore: No such file or directory
E/keystore( 2301): chdir: /data/misc/keystore: No such file or directory
E/keystore( 2302): chdir: /data/misc/keystore: No such file or directory
E/keystore( 2303): chdir: /data/misc/keystore: No such file or directory
E/keystore( 2304): chdir: /data/misc/keystore: No such file or directory
E/keystore( 2305): chdir: /data/misc/keystore: No such file or directory
E/keystore( 2306): chdir: /data/misc/keystore: No such file or directory
E/keystore( 2307): chdir: /data/misc/keystore: No such file or directory
E/keystore( 2308): chdir: /data/misc/keystore: No such file or directory
E/keystore( 2309): chdir: /data/misc/keystore: No such file or directory
E/keystore( 2310): chdir: /data/misc/keystore: No such file or directory
E/keystore( 2311): chdir: /data/misc/keystore: No such file or directory
E/keystore( 2312): chdir: /data/misc/keystore: No such file or directory
E/keystore( 2313): chdir: /data/misc/keystore: No such file or directory
E/keystore( 2314): chdir: /data/misc/keystore: No such file or directory
E/keystore( 2315): chdir: /data/misc/keystore: No such file or directory
E/keystore( 2316): chdir: /data/misc/keystore: No such file or directory
E/keystore( 2317): chdir: /data/misc/keystore: No such file or directory
E/keystore( 2318): chdir: /data/misc/keystore: No such file or directory
E/keystore( 2319): chdir: /data/misc/keystore: No such file or directory
E/keystore( 2320): chdir: /data/misc/keystore: No such file or directory
E/keystore( 2321): chdir: /data/misc/keystore: No such file or directory
E/keystore( 2322): chdir: /data/misc/keystore: No such file or directory
E/keystore( 2323): chdir: /data/misc/keystore: No such file or directory
E/keystore( 2324): chdir: /data/misc/keystore: No such file or directory
E/keystore( 2325): chdir: /data/misc/keystore: No such file or directory
E/keystore( 2326): chdir: /data/misc/keystore: No such file or directory
E/keystore( 2327): chdir: /data/misc/keystore: No such file or directory
E/keystore( 2328): chdir: /data/misc/keystore: No such file or directory
E/keystore( 2329): chdir: /data/misc/keystore: No such file or directory
E/keystore( 2330): chdir: /data/misc/keystore: No such file or directory
E/keystore( 2331): chdir: /data/misc/keystore: No such file or directory
E/keystore( 2332): chdir: /data/misc/keystore: No such file or directory
E/keystore( 2333): chdir: /data/misc/keystore: No such file or directory
E/keystore( 2334): chdir: /data/misc/keystore: No such file or directory
E/keystore( 2335): chdir: /data/misc/keystore: No such file or directory
E/keystore( 2336): chdir: /data/misc/keystore: No such file or directory
E/keystore( 2337): chdir: /data/misc/keystore: No such file or directory
E/keystore( 2338): chdir: /data/misc/keystore: No such file or directory
E/keystore( 2339): chdir: /data/misc/keystore: No such file or directory
E/keystore( 2340): chdir: /data/misc/keystore: No such file or directory
E/keystore( 2341): chdir: /data/misc/keystore: No such file or directory
E/keystore( 2342): chdir: /data/misc/keystore: No such file or directory
E/keystore( 2343): chdir: /data/misc/keystore: No such file or directory
E/keystore( 2344): chdir: /data/misc/keystore: No such file or directory
E/keystore( 2345): chdir: /data/misc/keystore: No such file or directory
E/keystore( 2346): chdir: /data/misc/keystore: No such file or directory
E/keystore( 2347): chdir: /data/misc/keystore: No such file or directory
E/keystore( 2348): chdir: /data/misc/keystore: No such file or directory
E/keystore( 2349): chdir: /data/misc/keystore: No such file or directory
E/keystore( 2350): chdir: /data/misc/keystore: No such file or directory
E/keystore( 2351): chdir: /data/misc/keystore: No such file or directory
E/keystore( 2352): chdir: /data/misc/keystore: No such file or directory
E/keystore( 2353): chdir: /data/misc/keystore: No such file or directory
E/keystore( 2354): chdir: /data/misc/keystore: No such file or directory
E/keystore( 2355): chdir: /data/misc/keystore: No such file or directory
E/keystore( 2356): chdir: /data/misc/keystore: No such file or directory
E/keystore( 2357): chdir: /data/misc/keystore: No such file or directory
E/keystore( 2358): chdir: /data/misc/keystore: No such file or directory
E/keystore( 2359): chdir: /data/misc/keystore: No such file or directory
E/keystore( 2360): chdir: /data/misc/keystore: No such file or directory
E/keystore( 2361): chdir: /data/misc/keystore: No such file or directory
E/keystore( 2362): chdir: /data/misc/keystore: No such file or directory
E/keystore( 2363): chdir: /data/misc/keystore: No such file or directory
E/keystore( 2364): chdir: /data/misc/keystore: No such file or directory
E/keystore( 2365): chdir: /data/misc/keystore: No such file or directory
E/keystore( 2366): chdir: /data/misc/keystore: No such file or directory
E/keystore( 2367): chdir: /data/misc/keystore: No such file or directory
E/keystore( 2368): chdir: /data/misc/keystore: No such file or directory
E/keystore( 2369): chdir: /data/misc/keystore: No such file or directory
E/keystore( 2370): chdir: /data/misc/keystore: No such file or directory
E/keystore( 2371): chdir: /data/misc/keystore: No such file or directory
E/keystore( 2372): chdir: /data/misc/keystore: No such file or directory
E/keystore( 2373): chdir: /data/misc/keystore: No such file or directory
E/keystore( 2374): chdir: /data/misc/keystore: No such file or directory
E/keystore( 2375): chdir: /data/misc/keystore: No such file or directory
E/keystore( 2376): chdir: /data/misc/keystore: No such file or directory
E/keystore( 2377): chdir: /data/misc/keystore: No such file or directory
E/keystore( 2378): chdir: /data/misc/keystore: No such file or directory
E/keystore( 2379): chdir: /data/misc/keystore: No such file or directory
E/keystore( 2380): chdir: /data/misc/keystore: No such file or directory
E/keystore( 2381): chdir: /data/misc/keystore: No such file or directory
E/keystore( 2382): chdir: /data/misc/keystore: No such file or directory
